 model2_sfun

 Timestamp is 5a26d65c (Tue Dec 05 11:24:44 2017)

 Preferred load address is 0000000180000000

 Start         Length     Name                   Class
 0001:00000000 00050904H .text                   CODE
 0001:00050910 00000092H .text$x                 CODE
 0002:00000000 000004a8H .idata$5                DATA
 0002:000004a8 00000008H .CRT$XCA                DATA
 0002:000004b0 00000008H .CRT$XCZ                DATA
 0002:000004b8 00000008H .CRT$XIA                DATA
 0002:000004c0 00000008H .CRT$XIAA               DATA
 0002:000004c8 00000008H .CRT$XIZ                DATA
 0002:000004d0 00004c2cH .rdata                  DATA
 0002:00005100 00000008H .rtc$IAA                DATA
 0002:00005108 00000008H .rtc$IZZ                DATA
 0002:00005110 00000008H .rtc$TAA                DATA
 0002:00005118 00000008H .rtc$TZZ                DATA
 0002:00005120 000046f4H .xdata                  DATA
 0002:00009814 000000a0H .idata$2                DATA
 0002:000098b4 00000014H .idata$3                DATA
 0002:000098c8 000004a8H .idata$4                DATA
 0002:00009d70 00000ad6H .idata$6                DATA
 0002:0000a850 00000051H .edata                  DATA
 0003:00000000 00008f68H .data                   DATA
 0003:00008f80 00002718H .bss                    DATA
 0004:00000000 00003a14H .pdata                  DATA

  Address         Publics by Value              Rva+Base               Lib:Object

 0000:00000000       ___safe_se_handler_count   0000000000000000     <absolute>
 0000:00000000       ___safe_se_handler_table   0000000000000000     <absolute>
 0000:00000000       __ImageBase                0000000180000000     <linker-defined>
 0001:00000000       sf_c1_model2_get_eml_resolved_functions_info 0000000180001000 f   c1_model2.obj
 0001:00001050       sf_c1_model2_get_check_sum 0000000180002050 f   c1_model2.obj
 0001:000010d0       sf_c1_model2_get_autoinheritance_info 00000001800020d0 f   c1_model2.obj
 0001:00001370       sf_internal_get_sim_state_c1_model2 0000000180002370 f   c1_model2.obj
 0001:00001630       sf_internal_set_sim_state_c1_model2 0000000180002630 f   c1_model2.obj
 0001:00001900       sf_c1_model2_get_testpoint_info 0000000180002900 f   c1_model2.obj
 0001:00001940       c1_model2_method_dispatcher 0000000180002940 f   c1_model2.obj
 0001:000065f0       sf_c2_model2_get_eml_resolved_functions_info 00000001800075f0 f   c2_model2.obj
 0001:000071e0       sf_c2_model2_get_check_sum 00000001800081e0 f   c2_model2.obj
 0001:00007260       sf_c2_model2_get_autoinheritance_info 0000000180008260 f   c2_model2.obj
 0001:00007b90       sf_internal_get_sim_state_c2_model2 0000000180008b90 f   c2_model2.obj
 0001:00007f00       sf_internal_set_sim_state_c2_model2 0000000180008f00 f   c2_model2.obj
 0001:00008320       sf_c2_model2_get_testpoint_info 0000000180009320 f   c2_model2.obj
 0001:00008360       c2_model2_method_dispatcher 0000000180009360 f   c2_model2.obj
 0001:0000c440       sf_c3_model2_get_eml_resolved_functions_info 000000018000d440 f   c3_model2.obj
 0001:0000d8a0       sf_c3_model2_get_check_sum 000000018000e8a0 f   c3_model2.obj
 0001:0000d920       sf_c3_model2_get_autoinheritance_info 000000018000e920 f   c3_model2.obj
 0001:0000de90       sf_internal_get_sim_state_c3_model2 000000018000ee90 f   c3_model2.obj
 0001:0000e260       sf_internal_set_sim_state_c3_model2 000000018000f260 f   c3_model2.obj
 0001:0000e760       sf_c3_model2_get_testpoint_info 000000018000f760 f   c3_model2.obj
 0001:0000e7a0       c3_model2_method_dispatcher 000000018000f7a0 f   c3_model2.obj
 0001:00013320       sf_c4_model2_get_eml_resolved_functions_info 0000000180014320 f   c4_model2.obj
 0001:000133a0       sf_c4_model2_get_check_sum 00000001800143a0 f   c4_model2.obj
 0001:00013420       sf_c4_model2_get_autoinheritance_info 0000000180014420 f   c4_model2.obj
 0001:00013990       sf_internal_get_sim_state_c4_model2 0000000180014990 f   c4_model2.obj
 0001:00013dc0       sf_internal_set_sim_state_c4_model2 0000000180014dc0 f   c4_model2.obj
 0001:00014230       sf_c4_model2_get_testpoint_info 0000000180015230 f   c4_model2.obj
 0001:00014270       c4_model2_method_dispatcher 0000000180015270 f   c4_model2.obj
 0001:00015fa0       sf_c5_model2_get_eml_resolved_functions_info 0000000180016fa0 f   c5_model2.obj
 0001:00017300       sf_c5_model2_get_check_sum 0000000180018300 f   c5_model2.obj
 0001:00017380       sf_c5_model2_get_autoinheritance_info 0000000180018380 f   c5_model2.obj
 0001:00017b70       sf_internal_get_sim_state_c5_model2 0000000180018b70 f   c5_model2.obj
 0001:00017ee0       sf_internal_set_sim_state_c5_model2 0000000180018ee0 f   c5_model2.obj
 0001:00018300       sf_c5_model2_get_testpoint_info 0000000180019300 f   c5_model2.obj
 0001:00018340       c5_model2_method_dispatcher 0000000180019340 f   c5_model2.obj
 0001:0001ad60       sf_c6_model2_get_eml_resolved_functions_info 000000018001bd60 f   c6_model2.obj
 0001:0001b5a0       sf_c6_model2_get_check_sum 000000018001c5a0 f   c6_model2.obj
 0001:0001b620       sf_c6_model2_get_autoinheritance_info 000000018001c620 f   c6_model2.obj
 0001:0001ba40       sf_internal_get_sim_state_c6_model2 000000018001ca40 f   c6_model2.obj
 0001:0001bdb0       sf_internal_set_sim_state_c6_model2 000000018001cdb0 f   c6_model2.obj
 0001:0001c1d0       sf_c6_model2_get_testpoint_info 000000018001d1d0 f   c6_model2.obj
 0001:0001c210       c6_model2_method_dispatcher 000000018001d210 f   c6_model2.obj
 0001:0001dc80       sf_process_check_sum_call  000000018001ec80 f   model2_sfun_registry.obj
 0001:0001dcd0       sf_process_testpoint_info_call 000000018001ecd0 f   model2_sfun_registry.obj
 0001:0001dd20       sf_process_autoinheritance_call 000000018001ed20 f   model2_sfun_registry.obj
 0001:0001dec0       sf_process_get_eml_resolved_functions_info_call 000000018001eec0 f   model2_sfun_registry.obj
 0001:0001e040       sf_mex_unlock_call         000000018001f040 f   model2_sfun_registry.obj
 0001:0001e0f0       sf_machine_global_initializer_called 000000018001f0f0 f   model2_sfun_registry.obj
 0001:0001e120       sf_machine_global_method_dispatcher 000000018001f120 f   model2_sfun_registry.obj
 0001:0001e180       sf_machine_global_terminator 000000018001f180 f   model2_sfun_registry.obj
 0001:0001e1c0       sf_register_machine_exported_symbols 000000018001f1c0 f   model2_sfun_registry.obj
 0001:0001e1e0       callCustomFcn              000000018001f1e0 f   model2_sfun_registry.obj
 0001:0001e1f0       sf_machine_global_initializer 000000018001f1f0 f   model2_sfun_registry.obj
 0001:0001e260       _ssSetStateAbsTol          000000018001f260 f   model2_sfun_registry.obj
 0001:0001e340       _ssGetAbsTol               000000018001f340 f   model2_sfun_registry.obj
 0001:0001e3b0       _ssSetInputPortMatrixDimensions 000000018001f3b0 f   model2_sfun_registry.obj
 0001:0001e4c0       _ssSetOutputPortMatrixDimensions 000000018001f4c0 f   model2_sfun_registry.obj
 0001:0001e5d0       _ssSetInputPortVectorDimension 000000018001f5d0 f   model2_sfun_registry.obj
 0001:0001e6a0       _ssSetOutputPortVectorDimension 000000018001f6a0 f   model2_sfun_registry.obj
 0001:0001e770       ssIsRunTimeParamTunable    000000018001f770 f   model2_sfun_registry.obj
 0001:0001e7e0       ssGetSFuncBlockHandle      000000018001f7e0 f   model2_sfun_registry.obj
 0001:0001e850       _ssGetCurrentInputPortWidth 000000018001f850 f   model2_sfun_registry.obj
 0001:0001e970       _ssGetCurrentOutputPortWidth 000000018001f970 f   model2_sfun_registry.obj
 0001:0001ea90       _ssGetCallSystemNumFcnCallDestinations 000000018001fa90 f   model2_sfun_registry.obj
 0001:0001eb00       ssWarning                  000000018001fb00 f   model2_sfun_registry.obj
 0001:0001ec10       ssGetIsZeroCrossControlDisabled 000000018001fc10 f   model2_sfun_registry.obj
 0001:0001ec80       ssSetIsInputPortUsedForContZcSignal 000000018001fc80 f   model2_sfun_registry.obj
 0001:0001ecf0       ssSetZcSignalIsZcElementDisc 000000018001fcf0 f   model2_sfun_registry.obj
 0001:0001eda0       ssSetZcSignalName          000000018001fda0 f   model2_sfun_registry.obj
 0001:0001ee10       ssSetZcSignalWidth         000000018001fe10 f   model2_sfun_registry.obj
 0001:0001ee80       ssSetZcSignalZcEventType   000000018001fe80 f   model2_sfun_registry.obj
 0001:0001eef0       ssSetZcSignalType          000000018001fef0 f   model2_sfun_registry.obj
 0001:0001ef60       ssSetZcSignalZcTol         000000018001ff60 f   model2_sfun_registry.obj
 0001:0001efd0       ssSetZcSignalNeedsEventNotification 000000018001ffd0 f   model2_sfun_registry.obj
 0001:0001f040       ssCreateAndAddZcSignalInfo 0000000180020040 f   model2_sfun_registry.obj
 0001:0001f0b0       ssCloneAndAddZcSignalInfo  00000001800200b0 f   model2_sfun_registry.obj
 0001:0001f120       ssGetNumZcSignals          0000000180020120 f   model2_sfun_registry.obj
 0001:0001f190       ssGetZcSignalVector        0000000180020190 f   model2_sfun_registry.obj
 0001:0001f200       ssGetZcSignalZcEvents      0000000180020200 f   model2_sfun_registry.obj
 0001:0001f270       ssGetZcSignalName          0000000180020270 f   model2_sfun_registry.obj
 0001:0001f2e0       ssGetZcSignalWidth         00000001800202e0 f   model2_sfun_registry.obj
 0001:0001f350       ssGetZcSignalZcEventType   0000000180020350 f   model2_sfun_registry.obj
 0001:0001f3c0       ssGetZcSignalType          00000001800203c0 f   model2_sfun_registry.obj
 0001:0001f430       ssGetZcSignalZcTol         0000000180020430 f   model2_sfun_registry.obj
 0001:0001f4b0       ssGetZcSignalNeedsEventNotification 00000001800204b0 f   model2_sfun_registry.obj
 0001:0001f520       ssGetZcSignalIsZcElementDisc 0000000180020520 f   model2_sfun_registry.obj
 0001:0001f5c0       ssGetIsInputPortElementContinuous 00000001800205c0 f   model2_sfun_registry.obj
 0001:0001f660       _ssGetInputPortSignalPtrsFcn 0000000180020660 f   model2_sfun_registry.obj
 0001:0001f920       _ssGetInputPortSignalFcn   0000000180020920 f   model2_sfun_registry.obj
 0001:0001fb40       _ssSetInputPortDirectFeedThroughFcn 0000000180020b40 f   model2_sfun_registry.obj
 0001:0001fca0       _ssSetInputPortReusableFcn 0000000180020ca0 f   model2_sfun_registry.obj
 0001:0001fd90       _ssSetOutputPortReusableFcn 0000000180020d90 f   model2_sfun_registry.obj
 0001:0001fe70       ssGetDTypeIdFromMxArray    0000000180020e70 f   model2_sfun_registry.obj
 0001:0001ff90       ssWriteRTWStr              0000000180020f90 f   model2_sfun_registry.obj
 0001:0001fff0       ssWriteRTWMxVectParam      0000000180020ff0 f   model2_sfun_registry.obj
 0001:00020050       ssWriteRTWMx2dMatParam     0000000180021050 f   model2_sfun_registry.obj
 0001:000200d0       ssWriteRTWNameValuePair    00000001800210d0 f   model2_sfun_registry.obj
 0001:000205c0       ssWriteRTWParameters       00000001800215c0 f   model2_sfun_registry.obj
 0001:00020bc0       ssWriteRTWParamSettings    0000000180021bc0 f   model2_sfun_registry.obj
 0001:00021290       ssWriteRTWWorkVect         0000000180022290 f   model2_sfun_registry.obj
 0001:00021790       mexFunction                0000000180022790 f   model2_sfun_registry.obj
 0001:00023470       ProcessMexSfunctionEveryCall 0000000180024470 f   model2_sfun_registry.obj
 0001:000235e0       model2_initializer         00000001800245e0 f   model2_sfun.obj
 0001:000235f0       model2_terminator          00000001800245f0 f   model2_sfun.obj
 0001:00023600       sf_model2_method_dispatcher 0000000180024600 f   model2_sfun.obj
 0001:000236f0       sf_model2_process_testpoint_info_call 00000001800246f0 f   model2_sfun.obj
 0001:00023910       sf_model2_process_check_sum_call 0000000180024910 f   model2_sfun.obj
 0001:00023da0       sf_model2_autoinheritance_info 0000000180024da0 f   model2_sfun.obj
 0001:000240b0       sf_model2_get_eml_resolved_functions_info 00000001800250b0 f   model2_sfun.obj
 0001:00024330       model2_debug_initialize    0000000180025330 f   model2_sfun.obj
 0001:000243a0       model2_register_exported_symbols 00000001800253a0 f   model2_sfun.obj
 0001:000243b0       load_model2_optimization_info 00000001800253b0 f   model2_sfun.obj
 0001:00024400       unload_model2_optimization_info 0000000180025400 f   model2_sfun.obj
 0001:00024520       sf_mex_mx_is_numeric       0000000180025520 f   sfc_mex:sfc_mex.obj
 0001:00024560       strcmp_ignore_ws           0000000180025560 f   sfc_mex:sfc_mex.obj
 0001:000246a0       sf_mex_duplicatearraysafe  00000001800256a0 f   sfc_mex:sfc_mex.obj
 0001:00024800       sf_set_error_debugger_context_message_fcn 0000000180025800 f   sfc_mex:sfc_mex.obj
 0001:00024810       sf_set_debugger_matlab_error_fcn 0000000180025810 f   sfc_mex:sfc_mex.obj
 0001:00024840       sf_set_error_prefix_string 0000000180025840 f   sfc_mex:sfc_mex.obj
 0001:00024870       sf_get_error_prefix_string 0000000180025870 f   sfc_mex:sfc_mex.obj
 0001:00024880       sf_mex_enter_parallel_region 0000000180025880 f   sfc_mex:sfc_mex.obj
 0001:00024890       sf_mex_exit_parallel_region 0000000180025890 f   sfc_mex:sfc_mex.obj
 0001:000248a0       sf_get_current_jmp_buf_ptr 00000001800258a0 f   sfc_mex:sfc_mex.obj
 0001:000248b0       sf_set_current_jmp_buf_ptr 00000001800258b0 f   sfc_mex:sfc_mex.obj
 0001:000248c0       sf_mex_set_halt_simulation 00000001800258c0 f   sfc_mex:sfc_mex.obj
 0001:000248d0       sf_mex_get_halt_simulation 00000001800258d0 f   sfc_mex:sfc_mex.obj
 0001:000248e0       sf_mex_clear_error_message 00000001800258e0 f   sfc_mex:sfc_mex.obj
 0001:00024900       sf_mex_get_error_message_for_read 0000000180025900 f   sfc_mex:sfc_mex.obj
 0001:00024910       sf_mex_get_error_message_buffer_length 0000000180025910 f   sfc_mex:sfc_mex.obj
 0001:000249f0       sf_mex_warning_message     00000001800259f0 f   sfc_mex:sfc_mex.obj
 0001:00024a60       sf_mex_v_errbuf_createf    0000000180025a60 f   sfc_mex:sfc_mex.obj
 0001:00024a70       sf_mex_errbuf_createf      0000000180025a70 f   sfc_mex:sfc_mex.obj
 0001:00024aa0       sf_mex_v_errbuf_catf       0000000180025aa0 f   sfc_mex:sfc_mex.obj
 0001:00024ae0       sf_mex_errbuf_catf         0000000180025ae0 f   sfc_mex:sfc_mex.obj
 0001:00024b30       sf_mex_errbuf_copy         0000000180025b30 f   sfc_mex:sfc_mex.obj
 0001:00024b40       sf_mex_errbuf_clear        0000000180025b40 f   sfc_mex:sfc_mex.obj
 0001:00024b50       sf_mex_errbuf_isempty      0000000180025b50 f   sfc_mex:sfc_mex.obj
 0001:00024c60       sf_mex_set_error_status    0000000180025c60 f   sfc_mex:sfc_mex.obj
 0001:00024cb0       sf_mex_error_direct_call   0000000180025cb0 f   sfc_mex:sfc_mex.obj
 0001:00024cd0       sf_mex_error_message_no_long_jump 0000000180025cd0 f   sfc_mex:sfc_mex.obj
 0001:00024cf0       sf_mex_long_jump_on_error  0000000180025cf0 f   sfc_mex:sfc_mex.obj
 0001:00024d20       sf_mex_call_matlab         0000000180025d20 f   sfc_mex:sfc_mex.obj
 0001:00024e40       sf_mex_check_builtin       0000000180025e40 f   sfc_mex:sfc_mex.obj
 0001:00024ee0       sf_mex_check_builtin_vs    0000000180025ee0 f   sfc_mex:sfc_mex.obj
 0001:00024fa0       sf_mex_check_enum          0000000180025fa0 f   sfc_mex:sfc_mex.obj
 0001:00025020       sf_mex_create_enum         0000000180026020 f   sfc_mex:sfc_mex.obj
 0001:00025090       sf_mex_get_enum_element    0000000180026090 f   sfc_mex:sfc_mex.obj
 0001:000250a0       sf_mex_createcellarray     00000001800260a0 f   sfc_mex:sfc_mex.obj
 0001:000250b0       sf_mex_setcell             00000001800260b0 f   sfc_mex:sfc_mex.obj
 0001:000250c0       sf_mex_getcell             00000001800260c0 f   sfc_mex:sfc_mex.obj
 0001:000250d0       sf_mex_dup                 00000001800260d0 f   sfc_mex:sfc_mex.obj
 0001:000250f0       sf_mex_assign              00000001800260f0 f   sfc_mex:sfc_mex.obj
 0001:00025170       sf_mex_destroy             0000000180026170 f   sfc_mex:sfc_mex.obj
 0001:000251a0       mx_array_has_fi_type       00000001800261a0 f   sfc_mex:sfc_mex.obj
 0001:000251d0       sf_mex_convert_from_fi     00000001800261d0 f   sfc_mex:sfc_mex.obj
 0001:00025300       sf_mex_convert_to_double   0000000180026300 f   sfc_mex:sfc_mex.obj
 0001:00025420       sf_mex_import_fi_vs        0000000180026420 f   sfc_mex:sfc_mex.obj
 0001:000255e0       sf_matrix_matrix_index_ok  00000001800265e0 f   sfc_mex:sfc_mex.obj
 0001:00025670       sf_vector_vector_index_ok  0000000180026670 f   sfc_mex:sfc_mex.obj
 0001:000256a0       ssGetCurrentInputPortDimensions_wrapper 00000001800266a0 f   sfc_mex:sfc_mex.obj
 0001:000256c0       ssGetCurrentOutputPortDimensions_wrapper 00000001800266c0 f   sfc_mex:sfc_mex.obj
 0001:000256e0       sf_mex_emlrt_context_is_debug_mode 00000001800266e0 f   sfc_mex:sfc_mex.obj
 0001:000256f0       sf_mex_emlrt_context_set_debug_mode 00000001800266f0 f   sfc_mex:sfc_mex.obj
 0001:00025700       sf_mex_emlrtNameCapturePostProcessR2012a 0000000180026700 f   sfc_mex:sfc_mex.obj
 0001:00025770       sf_clear_error_manager_info 0000000180026770 f   sfc_mex:sfc_mex.obj
 0001:000257d0       sf_mex_stop_simulation_abruptly_wo_error 00000001800267d0 f   sfc_mex:sfc_mex.obj
 0001:00025810       sf_mex_error_message       0000000180026810 f   sfc_mex:sfc_mex.obj
 0001:00025870       sf_react_to_error_in_matlab_call 0000000180026870 f   sfc_mex:sfc_mex.obj
 0001:000258a0       sf_mex_addfield            00000001800268a0 f   sfc_mex:sfc_mex.obj
 0001:00025940       sf_mex_getfield            0000000180026940 f   sfc_mex:sfc_mex.obj
 0001:00025c40       sf_mex_check_class         0000000180026c40 f   sfc_mex:sfc_mex.obj
 0001:00025ce0       sf_mex_is_real             0000000180026ce0 f   sfc_mex:sfc_mex.obj
 0001:00026150       sf_mex_decode_encoded_mx_struct_array 0000000180027150 f   sfc_mex:sfc_mex.obj
 0001:00026430       sf_mex_lw_bounds_check     0000000180027430 f   sfc_mex:sfc_mex.obj
 0001:00026460       sf_mex_lw_size_eq_check_1d 0000000180027460 f   sfc_mex:sfc_mex.obj
 0001:00026480       sf_mex_lw_size_eq_check_nd 0000000180027480 f   sfc_mex:sfc_mex.obj
 0001:00026660       sf_mex_lw_dim_size_eq_check 0000000180027660 f   sfc_mex:sfc_mex.obj
 0001:00026690       sf_mex_lw_dim_size_geq_check 0000000180027690 f   sfc_mex:sfc_mex.obj
 0001:000266c0       sf_mex_lw_sub_assign_size_check_nd 00000001800276c0 f   sfc_mex:sfc_mex.obj
 0001:000268f0       sf_mex_lw_runtime_error_msgid 00000001800278f0 f   sfc_mex:sfc_mex.obj
 0001:000269e0       sf_mex_lw_matrix_matrix_index_check 00000001800279e0 f   sfc_mex:sfc_mex.obj
 0001:00026a00       sf_mex_lw_vector_vector_index_check 0000000180027a00 f   sfc_mex:sfc_mex.obj
 0001:00026a40       sf_mex_lw_for_loop_vector_check 0000000180027a40 f   sfc_mex:sfc_mex.obj
 0001:00026ad0       sf_mex_lw_non_negative_check 0000000180027ad0 f   sfc_mex:sfc_mex.obj
 0001:00026b10       sf_mex_overflow_error      0000000180027b10 f   sfc_mex:sfc_mex.obj
 0001:00026b20       sf_mex_dividebyzero_error  0000000180027b20 f   sfc_mex:sfc_mex.obj
 0001:00026b30       sf_mex_unsafe_enum_error   0000000180027b30 f   sfc_mex:sfc_mex.obj
 0001:00026b40       sf_emlrtErrHandler         0000000180027b40 f   sfc_mex:sfc_mex.obj
 0001:00026c20       sf_mex_size_one_check      0000000180027c20 f   sfc_mex:sfc_mex.obj
 0001:00026c40       sf_mex_printf              0000000180027c40 f   sfc_mex:sfc_mex.obj
 0001:00026e10       sf_mex_check_size          0000000180027e10 f   sfc_mex:sfc_mex.obj
 0001:000270e0       sf_mex_check_struct        00000001800280e0 f   sfc_mex:sfc_mex.obj
 0001:00027340       sf_mex_check_struct_vs     0000000180028340 f   sfc_mex:sfc_mex.obj
 0001:000273d0       sf_mex_check_fi            00000001800283d0 f   sfc_mex:sfc_mex.obj
 0001:000274d0       sf_mex_check_fi_vs         00000001800284d0 f   sfc_mex:sfc_mex.obj
 0001:00027570       sf_echo_expression         0000000180028570 f   sfc_mex:sfc_mex.obj
 0001:000275d0       sf_assertion_failed        00000001800285d0 f   sfc_mex:sfc_mex.obj
 0001:000278b0       sf_mex_evalin              00000001800288b0 f   sfc_mex:sfc_mex.obj
 0001:00027b20       sf_mex_export              0000000180028b20 f   sfc_mex:sfc_mex.obj
 0001:00027be0       sf_mex_get_ml_var_no_error 0000000180028be0 f   sfc_mex:sfc_mex.obj
 0001:00027d80       sf_mex_get_ml_var          0000000180028d80 f   sfc_mex:sfc_mex.obj
 0001:00028220       ml_set_element_value_in_array 0000000180029220 f   sfc_mex:sfc_mex.obj
 0001:000298f0       sf_mex_call_impl           000000018002a8f0 f   sfc_mex:sfc_mex.obj
 0001:00029e20       sf_mex_call_debug          000000018002ae20 f   sfc_mex:sfc_mex.obj
 0001:00029e50       sf_mex_call                000000018002ae50 f   sfc_mex:sfc_mex.obj
 0001:0002a4a0       sf_mex_createstruct        000000018002b4a0 f   sfc_mex:sfc_mex.obj
 0001:0002a590       sf_mex_createstructarray   000000018002b590 f   sfc_mex:sfc_mex.obj
 0001:0002a610       sf_mex_get_mx_datatype_from_sf_datatype 000000018002b610 f   sfc_mex:sfc_mex.obj
 0001:0002a920       sf_mex_ml_var_sub          000000018002b920 f   sfc_mex:sfc_mex.obj
 0001:0002aaf0       sf_mex_ml_var_subsasgn     000000018002baf0 f   sfc_mex:sfc_mex.obj
 0001:0002aee0       sf_mex_sub                 000000018002bee0 f   sfc_mex:sfc_mex.obj
 0001:0002b0e0       sf_mex_subsasgn            000000018002c0e0 f   sfc_mex:sfc_mex.obj
 0001:0002b5c0       sf_mex_create              000000018002c5c0 f   sfc_mex:sfc_mex.obj
 0001:0002c010       sf_mex_import_named        000000018002d010 f   sfc_mex:sfc_mex.obj
 0001:0002c070       sf_mex_import              000000018002d070 f   sfc_mex:sfc_mex.obj
 0001:0002c0c0       sf_mex_import_vs           000000018002d0c0 f   sfc_mex:sfc_mex.obj
 0001:0002c1d0       sf_mex_lower_fixpt_mx_array 000000018002d1d0 f   sfc_mex:sfc_mex.obj
 0001:0002c4c0       sf_send_message_wrapper    000000018002d4c0 f   sfc_mex:sfc_sf.obj
 0001:0002c4f0       sf_receive_message_wrapper 000000018002d4f0 f   sfc_mex:sfc_sf.obj
 0001:0002c530       sf_check_out_message_wrapper 000000018002d530 f   sfc_mex:sfc_sf.obj
 0001:0002c570       sf_check_in_message_wrapper 000000018002d570 f   sfc_mex:sfc_sf.obj
 0001:0002c5b0       sf_no_message_wrapper      000000018002d5b0 f   sfc_mex:sfc_sf.obj
 0001:0002c940       sim_mode_is_rtw_gen        000000018002d940 f   sfc_mex:sfc_sf.obj
 0001:0002c970       sim_mode_is_external       000000018002d970 f   sfc_mex:sfc_sf.obj
 0001:0002c980       sim_mode_is_modelref_sim   000000018002d980 f   sfc_mex:sfc_sf.obj
 0001:0002c9a0       mdlInitializeSizes         000000018002d9a0 f   sfc_mex:sfc_sf.obj
 0001:0002c9c0       mdlInitializeSampleTimes   000000018002d9c0 f   sfc_mex:sfc_sf.obj
 0001:0002ca00       mdlZeroCrossings           000000018002da00 f   sfc_mex:sfc_sf.obj
 0001:0002cae0       mdlDerivatives             000000018002dae0 f   sfc_mex:sfc_sf.obj
 0001:0002cb90       mdl_initialize_conditions_processing 000000018002db90 f   sfc_mex:sfc_sf.obj
 0001:0002cbc0       mdlInitializeConditions    000000018002dbc0 f   sfc_mex:sfc_sf.obj
 0001:0002cc80       mdlGetSimState             000000018002dc80 f   sfc_mex:sfc_sf.obj
 0001:0002cc90       mdlSetSimState             000000018002dc90 f   sfc_mex:sfc_sf.obj
 0001:0002cca0       mdl_ext_mode_exec_processing 000000018002dca0 f   sfc_mex:sfc_sf.obj
 0001:0002ccc0       mdlExtModeExec             000000018002dcc0 f   sfc_mex:sfc_sf.obj
 0001:0002ce50       mdlTerminate               000000018002de50 f   sfc_mex:sfc_sf.obj
 0001:0002cec0       mdlRTW                     000000018002dec0 f   sfc_mex:sfc_sf.obj
 0001:0002cef0       mdlSetWorkWidths           000000018002def0 f   sfc_mex:sfc_sf.obj
 0001:0002cf00       mdlProcessParameters       000000018002df00 f   sfc_mex:sfc_sf.obj
 0001:0002cf10       mdl_start_processing       000000018002df10 f   sfc_mex:sfc_sf.obj
 0001:0002cf70       mdlStart                   000000018002df70 f   sfc_mex:sfc_sf.obj
 0001:0002d080       mdlEnable                  000000018002e080 f   sfc_mex:sfc_sf.obj
 0001:0002d150       mdlDisable                 000000018002e150 f   sfc_mex:sfc_sf.obj
 0001:0002d200       sf_get_chart_instance_ptr  000000018002e200 f   sfc_mex:sfc_sf.obj
 0001:0002d220       sf_load_rtw_optimization_info 000000018002e220 f   sfc_mex:sfc_sf.obj
 0001:0002d2f0       sf_rtw_info_uint_prop      000000018002e2f0 f   sfc_mex:sfc_sf.obj
 0001:0002d430       sf_is_chart_inlinable      000000018002e430 f   sfc_mex:sfc_sf.obj
 0001:0002d450       sf_mark_output_events_with_multiple_callers 000000018002e450 f   sfc_mex:sfc_sf.obj
 0001:0002d5e0       sf_mark_chart_reusable_outputs 000000018002e5e0 f   sfc_mex:sfc_sf.obj
 0001:0002d840       sf_mark_chart_expressionable_inputs 000000018002e840 f   sfc_mex:sfc_sf.obj
 0001:0002daa0       sf_get_subchart_simstruct  000000018002eaa0 f   sfc_mex:sfc_sf.obj
 0001:0002daf0       sf_get_fixpt_data_type_id  000000018002eaf0 f   sfc_mex:sfc_sf.obj
 0001:0002db30       sf_get_enum_data_type_id   000000018002eb30 f   sfc_mex:sfc_sf.obj
 0001:0002db70       sf_get_param_data_type_id  000000018002eb70 f   sfc_mex:sfc_sf.obj
 0001:0002dba0       sf_mex_listen_for_ctrl_c_force 000000018002eba0 f   sfc_mex:sfc_sf.obj
 0001:0002dcb0       sf_mex_draw_now            000000018002ecb0 f   sfc_mex:sfc_sf.obj
 0001:0002dcf0       sf_mex_set_debugger_sim_status_listener_fcn 000000018002ecf0 f   sfc_mex:sfc_sf.obj
 0001:0002dd00       sf_mex_listen_for_ctrl_c   000000018002ed00 f   sfc_mex:sfc_sf.obj
 0001:0002dd90       sf_mex_get_sfun_param      000000018002ed90 f   sfc_mex:sfc_sf.obj
 0001:0002dde0       sf_get_runtime_param_data  000000018002ede0 f   sfc_mex:sfc_sf.obj
 0001:0002de20       sf_call_output_fcn_call    000000018002ee20 f   sfc_mex:sfc_sf.obj
 0001:0002df60       sf_call_output_fcn_enable  000000018002ef60 f   sfc_mex:sfc_sf.obj
 0001:0002dff0       sf_call_output_fcn_disable 000000018002eff0 f   sfc_mex:sfc_sf.obj
 0001:0002e080       sf_clear_rtw_identifier    000000018002f080 f   sfc_mex:sfc_sf.obj
 0001:0002e870       sf_set_encoded_dwork_info  000000018002f870 f   sfc_mex:sfc_sf.obj
 0001:0002e8c0       sf_get_dwork_info_from_mat_file 000000018002f8c0 f   sfc_mex:sfc_sf.obj
 0001:0002ea80       sf_set_rtw_dwork_info      000000018002fa80 f   sfc_mex:sfc_sf.obj
 0001:0002ebf0       mdlOutputs                 000000018002fbf0 f   sfc_mex:sfc_sf.obj
 0001:0002ed90       sf_debug_disp              000000018002fd90 f   sfc_debug:sfcdebug.obj
 0001:0002eff0       sf_debug_data_runtime_size_mismatch_error_check 000000018002fff0 f   sfc_debug:sfcdebug.obj
 0001:0002f090       sf_debug_try_loading_machine 0000000180030090 f   sfc_debug:sfcdebug.obj
 0001:0002f190       sf_debug_reset_current_state_configuration 0000000180030190 f   sfc_debug:sfcdebug.obj
 0001:0002f220       sf_debug_store_current_state_configuration 0000000180030220 f   sfc_debug:sfcdebug.obj
 0001:0002f2b0       sf_debug_restore_previous_state_configuration 00000001800302b0 f   sfc_debug:sfcdebug.obj
 0001:0002f340       sf_debug_restore_previous_state_configuration2 0000000180030340 f   sfc_debug:sfcdebug.obj
 0001:0002f3d0       sf_debug_get_event_scope   00000001800303d0 f   sfc_debug:sfcdebug.obj
 0001:0002f540       use_debugger_step_animation 0000000180030540 f   sfc_debug:sfcdebug.obj
 0001:0002f560       sf_debug_get_script_id     0000000180030560 f   sfc_debug:sfcdebug.obj
 0001:0002f5f0       sf_debug_set_script_translation 00000001800305f0 f   sfc_debug:sfcdebug.obj
 0001:0002f770       sf_debug_extract_message_post_receive_info 0000000180030770 f   sfc_debug:sfcdebug.obj
 0001:0002f870       sf_debug_get_current_machine_id 0000000180030870 f   sfc_debug:sfcdebug.obj
 0001:0002f890       sf_debug_get_current_optional_integer 0000000180030890 f   sfc_debug:sfcdebug.obj
 0001:0002f8a0       sf_debug_get_current_machine_number 00000001800308a0 f   sfc_debug:sfcdebug.obj
 0001:0002f8c0       sf_debug_get_current_machine_name 00000001800308c0 f   sfc_debug:sfcdebug.obj
 0001:0002f8e0       sf_debug_get_current_chart_id 00000001800308e0 f   sfc_debug:sfcdebug.obj
 0001:0002f930       sf_debug_get_current_chart_number 0000000180030930 f   sfc_debug:sfcdebug.obj
 0001:0002f940       sf_debug_get_current_instance_number 0000000180030940 f   sfc_debug:sfcdebug.obj
 0001:0002f950       sf_debug_get_current_is_minor_time_step 0000000180030950 f   sfc_debug:sfcdebug.obj
 0001:0002f9d0       sf_debug_get_current_object_type 00000001800309d0 f   sfc_debug:sfcdebug.obj
 0001:0002f9e0       sf_debug_get_current_instance_handle 00000001800309e0 f   sfc_debug:sfcdebug.obj
 0001:0002fa40       sf_debug_get_current_event_type 0000000180030a40 f   sfc_debug:sfcdebug.obj
 0001:0002fa50       sf_debug_get_current_object_id 0000000180030a50 f   sfc_debug:sfcdebug.obj
 0001:0002fa90       sf_debug_get_current_active_event_type 0000000180030a90 f   sfc_debug:sfcdebug.obj
 0001:0002faa0       sf_debug_get_current_active_event_id 0000000180030aa0 f   sfc_debug:sfcdebug.obj
 0001:0002fae0       sf_debug_get_current_tag_type 0000000180030ae0 f   sfc_debug:sfcdebug.obj
 0001:0002faf0       sf_debug_get_current_simulation_time 0000000180030af0 f   sfc_debug:sfcdebug.obj
 0001:0002fb00       sf_debug_get_current_coverage_percentage 0000000180030b00 f   sfc_debug:sfcdebug.obj
 0001:0002fb10       sf_debug_current_statement_context 0000000180030b10 f   sfc_debug:sfcdebug.obj
 0001:0002fba0       sf_debug_get_current_statement_info 0000000180030ba0 f   sfc_debug:sfcdebug.obj
 0001:0002fd20       sf_debug_terminate_instance 0000000180030d20 f   sfc_debug:sfcdebug.obj
 0001:00030060       sf_debug_assertion_failed  0000000180031060 f   sfc_debug:sfcdebug.obj
 0001:000302c0       sf_debug_set_number_of_data_with_change_event_for_machine 00000001800312c0 f   sfc_debug:sfcdebug.obj
 0001:00030300       sf_debug_set_machine_event_thresholds 0000000180031300 f   sfc_debug:sfcdebug.obj
 0001:00030320       sf_debug_set_machine_event_scope 0000000180031320 f   sfc_debug:sfcdebug.obj
 0001:00030360       sf_debug_set_machine_data_thresholds 0000000180031360 f   sfc_debug:sfcdebug.obj
 0001:000303a0       sf_debug_set_machine_data_scope 00000001800313a0 f   sfc_debug:sfcdebug.obj
 0001:00030430       sf_debug_set_machine_data_name 0000000180031430 f   sfc_debug:sfcdebug.obj
 0001:000304d0       sf_debug_set_machine_data_size 00000001800314d0 f   sfc_debug:sfcdebug.obj
 0001:00030610       sf_debug_set_machine_data_type 0000000180031610 f   sfc_debug:sfcdebug.obj
 0001:00030780       sf_debug_get_chart_data_number 0000000180031780 f   sfc_debug:sfcdebug.obj
 0001:000307a0       sf_debug_get_chart_event_number 00000001800317a0 f   sfc_debug:sfcdebug.obj
 0001:000307c0       sf_debug_set_chart_state_info 00000001800317c0 f   sfc_debug:sfcdebug.obj
 0001:00030840       sf_debug_set_chart_decomposition 0000000180031840 f   sfc_debug:sfcdebug.obj
 0001:000308b0       sf_debug_set_chart_substate_count 00000001800318b0 f   sfc_debug:sfcdebug.obj
 0001:00030990       sf_debug_set_chart_substate_index 0000000180031990 f   sfc_debug:sfcdebug.obj
 0001:00030a00       sf_debug_set_chart_state_substate_count 0000000180031a00 f   sfc_debug:sfcdebug.obj
 0001:00030b10       sf_debug_set_chart_state_substate_index 0000000180031b10 f   sfc_debug:sfcdebug.obj
 0001:00030b90       sf_debug_set_number_of_data_with_change_event_for_chart 0000000180031b90 f   sfc_debug:sfcdebug.obj
 0001:00030c10       sf_debug_set_number_of_states_with_entry_event_for_chart 0000000180031c10 f   sfc_debug:sfcdebug.obj
 0001:00030c80       sf_debug_set_number_of_states_with_exit_event_for_chart 0000000180031c80 f   sfc_debug:sfcdebug.obj
 0001:00030cf0       sf_debug_set_chart_disable_implicit_casting 0000000180031cf0 f   sfc_debug:sfcdebug.obj
 0001:00030d60       sf_debug_set_chart_event_thresholds 0000000180031d60 f   sfc_debug:sfcdebug.obj
 0001:00030dd0       sf_debug_set_chart_data_compiled_props 0000000180031dd0 f   sfc_debug:sfcdebug.obj
 0001:00031120       sf_debug_set_chart_data_props 0000000180032120 f   sfc_debug:sfcdebug.obj
 0001:00031440       sf_debug_check_fi_license  0000000180032440 f   sfc_debug:sfcdebug.obj
 0001:00031630       sf_debug_symbol_scope_push 0000000180032630 f   sfc_debug:sfcdebug.obj
 0001:00031670       sf_debug_symbol_scope_push_eml 0000000180032670 f   sfc_debug:sfcdebug.obj
 0001:000316c0       sf_debug_symbol_scope_pop  00000001800326c0 f   sfc_debug:sfcdebug.obj
 0001:00031700       sf_debug_symbol_scope_add_importable 0000000180032700 f   sfc_debug:sfcdebug.obj
 0001:00031780       sf_debug_symbol_scope_add  0000000180032780 f   sfc_debug:sfcdebug.obj
 0001:00031800       sf_debug_symbol_scope_add_dyn_importable 0000000180032800 f   sfc_debug:sfcdebug.obj
 0001:000318c0       sf_debug_symbol_scope_add_dyn 00000001800328c0 f   sfc_debug:sfcdebug.obj
 0001:000318f0       sf_debug_symbol_scope_add_eml_importable 00000001800328f0 f   sfc_debug:sfcdebug.obj
 0001:00031930       sf_debug_symbol_scope_add_eml 0000000180032930 f   sfc_debug:sfcdebug.obj
 0001:00031970       sf_debug_symbol_scope_add_eml_dyn_importable 0000000180032970 f   sfc_debug:sfcdebug.obj
 0001:000319e0       sf_debug_symbol_scope_add_eml_dyn 00000001800329e0 f   sfc_debug:sfcdebug.obj
 0001:00031a40       sf_debug_symbol_switch     0000000180032a40 f   sfc_debug:sfcdebug.obj
 0001:00031a60       sf_debug_symbol_scope_add_verbose 0000000180032a60 f   sfc_debug:sfcdebug.obj
 0001:00031b30       sf_debug_set_machine_data_value_ptr 0000000180032b30 f   sfc_debug:sfcdebug.obj
 0001:00031b70       sf_debug_set_instance_data_value_ptr 0000000180032b70 f   sfc_debug:sfcdebug.obj
 0001:00031c30       sf_debug_unset_instance_data_value_ptr 0000000180032c30 f   sfc_debug:sfcdebug.obj
 0001:00031ce0       sf_debug_set_chart_event_scope 0000000180032ce0 f   sfc_debug:sfcdebug.obj
 0001:00031d60       sf_debug_set_chart_transition_coverage_maps 0000000180032d60 f   sfc_debug:sfcdebug.obj
 0001:00031e70       sf_debug_set_chart_state_coverage_maps 0000000180032e70 f   sfc_debug:sfcdebug.obj
 0001:00031f50       sf_debug_set_instance_transition_coverage_weights 0000000180032f50 f   sfc_debug:sfcdebug.obj
 0001:00031ff0       sf_debug_set_instance_state_coverage_weights 0000000180032ff0 f   sfc_debug:sfcdebug.obj
 0001:00032240       sf_debug_unload_machine    0000000180033240 f   sfc_debug:sfcdebug.obj
 0001:00032290       sf_debug_load_machine      0000000180033290 f   sfc_debug:sfcdebug.obj
 0001:00032390       sf_debug_set_active_instance_in_data_dictionary 0000000180033390 f   sfc_debug:sfcdebug.obj
 0001:00032570       sf_debug_set_active_instance 0000000180033570 f   sfc_debug:sfcdebug.obj
 0001:000326d0       sf_debug_chart_visiblity_change 00000001800336d0 f   sfc_debug:sfcdebug.obj
 0001:000327d0       sf_debug_select_chart      00000001800337d0 f   sfc_debug:sfcdebug.obj
 0001:00032940       sf_debug_set_instance_cv_ids 0000000180033940 f   sfc_debug:sfcdebug.obj
 0001:00032c50       sf_debug_select_charts     0000000180033c50 f   sfc_debug:sfcdebug.obj
 0001:00032de0       sf_debug_initialized       0000000180033de0 f   sfc_debug:sfcdebug.obj
 0001:00032df0       sf_debug_is_uninterruptible 0000000180033df0 f   sfc_debug:sfcdebug.obj
 0001:00032e20       sf_debug_initialize_debugger_gui 0000000180033e20 f   sfc_debug:sfcdebug.obj
 0001:00033210       sf_debug_resume            0000000180034210 f   sfc_debug:sfcdebug.obj
 0001:00033230       sf_debug_go                0000000180034230 f   sfc_debug:sfcdebug.obj
 0001:00033240       sf_debug_break             0000000180034240 f   sfc_debug:sfcdebug.obj
 0001:00033250       sf_debug_step_over         0000000180034250 f   sfc_debug:sfcdebug.obj
 0001:00033260       sf_debug_step_out          0000000180034260 f   sfc_debug:sfcdebug.obj
 0001:00033270       sf_debug_set_disable_all_breakpoints 0000000180034270 f   sfc_debug:sfcdebug.obj
 0001:00033280       sf_debug_disable_all_breakpoints_and_go 0000000180034280 f   sfc_debug:sfcdebug.obj
 0001:00033290       sf_debug_break_on_chart_entry 0000000180034290 f   sfc_debug:sfcdebug.obj
 0001:000332a0       sf_debug_break_on_event_broadcast 00000001800342a0 f   sfc_debug:sfcdebug.obj
 0001:000332b0       sf_debug_break_on_state_entry 00000001800342b0 f   sfc_debug:sfcdebug.obj
 0001:000332c0       sf_debug_break_between_times 00000001800342c0 f   sfc_debug:sfcdebug.obj
 0001:000332e0       sf_debug_browse_data       00000001800342e0 f   sfc_debug:sfcdebug.obj
 0001:00033300       sf_debug_watch_data        0000000180034300 f   sfc_debug:sfcdebug.obj
 0001:00033320       sf_debug_assign_data       0000000180034320 f   sfc_debug:sfcdebug.obj
 0001:00033340       sf_debug_whos              0000000180034340 f   sfc_debug:sfcdebug.obj
 0001:00033360       sf_debug_get_consistency_info 0000000180034360 f   sfc_debug:sfcdebug.obj
 0001:00033370       sf_debug_browse_trace      0000000180034370 f   sfc_debug:sfcdebug.obj
 0001:00033380       sf_debug_set_breakpoints   0000000180034380 f   sfc_debug:sfcdebug.obj
 0001:000334e0       sf_debug_set_eml_breakpoints 00000001800344e0 f   sfc_debug:sfcdebug.obj
 0001:00033640       sf_debug_set_script_breakpoints 0000000180034640 f   sfc_debug:sfcdebug.obj
 0001:000336c0       sf_debug_add_script_breakpoints 00000001800346c0 f   sfc_debug:sfcdebug.obj
 0001:00033730       sf_debug_clear_script_breakpoints 0000000180034730 f   sfc_debug:sfcdebug.obj
 0001:000337a0       sf_debug_query_script_breakpoints 00000001800347a0 f   sfc_debug:sfcdebug.obj
 0001:00033860       sf_debug_get_eml_script_id 0000000180034860 f   sfc_debug:sfcdebug.obj
 0001:000338b0       sf_debug_set_watch         00000001800348b0 f   sfc_debug:sfcdebug.obj
 0001:00033ae0       sf_debug_get_instance_handle 0000000180034ae0 f   sfc_debug:sfcdebug.obj
 0001:00033b70       sf_debug_get_active_states 0000000180034b70 f   sfc_debug:sfcdebug.obj
 0001:00033b80       sf_debug_get_animation     0000000180034b80 f   sfc_debug:sfcdebug.obj
 0001:00033b90       sf_debug_set_animation     0000000180034b90 f   sfc_debug:sfcdebug.obj
 0001:00033ba0       sf_debug_animate           0000000180034ba0 f   sfc_debug:sfcdebug.obj
 0001:00033bd0       sf_debug_cycle_detection_check 0000000180034bd0 f   sfc_debug:sfcdebug.obj
 0001:00033be0       sf_debug_data_range_check  0000000180034be0 f   sfc_debug:sfcdebug.obj
 0001:00033bf0       sf_debug_transition_conflict_check 0000000180034bf0 f   sfc_debug:sfcdebug.obj
 0001:00033c00       sf_debug_state_consistency_check 0000000180034c00 f   sfc_debug:sfcdebug.obj
 0001:00033c10       sf_debug_data_range_check_enabled 0000000180034c10 f   sfc_debug:sfcdebug.obj
 0001:00033c30       sf_debug_transition_conflict_check_enabled 0000000180034c30 f   sfc_debug:sfcdebug.obj
 0001:00033c50       sf_debug_transition_conflict_check_begin 0000000180034c50 f   sfc_debug:sfcdebug.obj
 0001:00033c70       sf_debug_transition_conflict_check_end 0000000180034c70 f   sfc_debug:sfcdebug.obj
 0001:00033c90       sf_debug_stop_debugging    0000000180034c90 f   sfc_debug:sfcdebug.obj
 0001:00033cc0       sf_debug_is_cycle_detected 0000000180034cc0 f   sfc_debug:sfcdebug.obj
 0001:00033cd0       sf_debug_is_array_bounds_detected 0000000180034cd0 f   sfc_debug:sfcdebug.obj
 0001:00033ce0       sf_debug_get_state_vectors_data_size 0000000180034ce0 f   sfc_debug:sfcdebug.obj
 0001:00033d20       sf_debug_get_state_vectors_data 0000000180034d20 f   sfc_debug:sfcdebug.obj
 0001:00033e20       sf_debug_set_state_vectors_data 0000000180034e20 f   sfc_debug:sfcdebug.obj
 0001:000340e0       sf_debug_get_script_index  00000001800350e0 f   sfc_debug:sfcdebug.obj
 0001:00034270       sf_debug_add_script        0000000180035270 f   sfc_debug:sfcdebug.obj
 0001:00034400       cv_eval_point              0000000180035400 f   sfc_debug:sfcdebug.obj
 0001:00034570       cv_eval_testobjective      0000000180035570 f   sfc_debug:sfcdebug.obj
 0001:00034690       sf_debug_cv_init_state     0000000180035690 f   sfc_debug:sfcdebug.obj
 0001:000347b0       sf_debug_cv_init_chart     00000001800357b0 f   sfc_debug:sfcdebug.obj
 0001:00034890       sf_debug_cv_init_trans     0000000180035890 f   sfc_debug:sfcdebug.obj
 0001:00034990       sf_debug_cv_init_testobjectives 0000000180035990 f   sfc_debug:sfcdebug.obj
 0001:00034b70       cv_eml_init_script         0000000180035b70 f   sfc_debug:sfcdebug.obj
 0001:00034c80       cv_eml_init_fcn            0000000180035c80 f   sfc_debug:sfcdebug.obj
 0001:00034d30       cv_eml_init_testobjective  0000000180035d30 f   sfc_debug:sfcdebug.obj
 0001:00034e00       cv_eml_init_saturation     0000000180035e00 f   sfc_debug:sfcdebug.obj
 0001:00034ec0       cv_eml_init_if             0000000180035ec0 f   sfc_debug:sfcdebug.obj
 0001:00034f90       cv_eml_init_for            0000000180035f90 f   sfc_debug:sfcdebug.obj
 0001:00035050       cv_eml_init_while          0000000180036050 f   sfc_debug:sfcdebug.obj
 0001:00035110       cv_eml_init_mcdc           0000000180036110 f   sfc_debug:sfcdebug.obj
 0001:00035220       cv_eml_init_switch         0000000180036220 f   sfc_debug:sfcdebug.obj
 0001:00035310       cv_eml_eval                0000000180036310 f   sfc_debug:sfcdebug.obj
 0001:000353f0       sf_debug_bm_is_a_eml_breakpoint 00000001800363f0 f   sfc_debug:sfcdebug.obj
 0001:00035540       sf_debug_temporal_threshold 0000000180036540 f   sfc_debug:sfcdebug.obj
 0001:000358a0       sf_debug_transition_conflict_error 00000001800368a0 f   sfc_debug:sfcdebug.obj
 0001:00035c20       sf_debug_state_inconsistency_error 0000000180036c20 f   sfc_debug:sfcdebug.obj
 0001:00035d40       sf_debug_check_for_state_inconsistency 0000000180036d40 f   sfc_debug:sfcdebug.obj
 0001:00035d70       sf_debug_cycle_detecton_error 0000000180036d70 f   sfc_debug:sfcdebug.obj
 0001:00036540       sf_debug_size_eq_check_1d  0000000180037540 f   sfc_debug:sfcdebug.obj
 0001:00036560       sf_debug_size_eq_check_nd  0000000180037560 f   sfc_debug:sfcdebug.obj
 0001:00036740       sf_debug_dim_size_eq_check 0000000180037740 f   sfc_debug:sfcdebug.obj
 0001:00036770       sf_debug_dim_size_geq_check 0000000180037770 f   sfc_debug:sfcdebug.obj
 0001:000367a0       sf_debug_sub_assign_size_check_nd 00000001800377a0 f   sfc_debug:sfcdebug.obj
 0001:000369e0       sf_debug_matrix_matrix_index_check 00000001800379e0 f   sfc_debug:sfcdebug.obj
 0001:00036a10       sf_debug_vector_vector_index_check 0000000180037a10 f   sfc_debug:sfcdebug.obj
 0001:00036a40       sf_debug_for_loop_vector_check 0000000180037a40 f   sfc_debug:sfcdebug.obj
 0001:00036ad0       sf_debug_runtime_error_msgid 0000000180037ad0 f   sfc_debug:sfcdebug.obj
 0001:00036b60       sf_debug_data_array_bounds_error_check 0000000180037b60 f   sfc_debug:sfcdebug.obj
 0001:00036c70       sf_debug_eml_data_array_bounds_error_check 0000000180037c70 f   sfc_debug:sfcdebug.obj
 0001:00037150       sf_debug_integer_check     0000000180038150 f   sfc_debug:sfcdebug.obj
 0001:00037230       sf_debug_not_nan_check     0000000180038230 f   sfc_debug:sfcdebug.obj
 0001:000372f0       sf_debug_non_negative_check 00000001800382f0 f   sfc_debug:sfcdebug.obj
 0001:000373b0       sf_debug_overflow_detection 00000001800383b0 f   sfc_debug:sfcdebug.obj
 0001:00037aa0       sf_debug_cast_to_real32_T  0000000180038aa0 f   sfc_debug:sfcdebug.obj
 0001:00037b60       sf_debug_cast_to_int8_T    0000000180038b60 f   sfc_debug:sfcdebug.obj
 0001:00037c20       sf_debug_cast_to_uint8_T   0000000180038c20 f   sfc_debug:sfcdebug.obj
 0001:00037ce0       sf_debug_cast_to_int16_T   0000000180038ce0 f   sfc_debug:sfcdebug.obj
 0001:00037da0       sf_debug_cast_to_uint16_T  0000000180038da0 f   sfc_debug:sfcdebug.obj
 0001:00037e60       sf_debug_cast_to_int32_T   0000000180038e60 f   sfc_debug:sfcdebug.obj
 0001:00037f20       sf_debug_cast_to_uint32_T  0000000180038f20 f   sfc_debug:sfcdebug.obj
 0001:00037fe0       sf_debug_data_range_error  0000000180038fe0 f   sfc_debug:sfcdebug.obj
 0001:00038330       sf_debug_read_before_write_check 0000000180039330 f   sfc_debug:sfcdebug.obj
 0001:00038790       sf_debug_data_range_error_wrapper_min_max 0000000180039790 f   sfc_debug:sfcdebug.obj
 0001:00038880       sf_debug_data_range_error_wrapper_min 0000000180039880 f   sfc_debug:sfcdebug.obj
 0001:00038960       sf_debug_data_range_error_wrapper_max 0000000180039960 f   sfc_debug:sfcdebug.obj
 0001:00038a40       sf_debug_data_range_wrapper 0000000180039a40 f   sfc_debug:sfcdebug.obj
 0001:00038af0       sf_debug_set_current_status_info 0000000180039af0 f   sfc_debug:sfcdebug.obj
 0001:00038ea0       sf_debug_register_message_post_receive_info 0000000180039ea0 f   sfc_debug:sfcdebug.obj
 0001:00039110       sf_debug_call              000000018003a110 f   sfc_debug:sfcdebug.obj
 0001:00039d70       sf_debug_initialize_machine 000000018003ad70 f   sfc_debug:sfcdebug.obj
 0001:0003a080       sf_debug_initialize_chart  000000018003b080 f   sfc_debug:sfcdebug.obj
 0001:0003a4d0       sf_debug_ensure_script     000000018003b4d0 f   sfc_debug:sfcdebug.obj
 0001:0003a590       cv_script_init_script      000000018003b590 f   sfc_debug:sfcdebug.obj
 0001:0003a680       cv_script_init_fcn         000000018003b680 f   sfc_debug:sfcdebug.obj
 0001:0003a730       cv_script_init_testobjective 000000018003b730 f   sfc_debug:sfcdebug.obj
 0001:0003a7e0       cv_script_init_if          000000018003b7e0 f   sfc_debug:sfcdebug.obj
 0001:0003a890       cv_script_init_for         000000018003b890 f   sfc_debug:sfcdebug.obj
 0001:0003a940       cv_script_init_while       000000018003b940 f   sfc_debug:sfcdebug.obj
 0001:0003a9f0       cv_script_init_mcdc        000000018003b9f0 f   sfc_debug:sfcdebug.obj
 0001:0003aaf0       cv_script_init_switch      000000018003baf0 f   sfc_debug:sfcdebug.obj
 0001:0003abd0       cv_script_eval             000000018003bbd0 f   sfc_debug:sfcdebug.obj
 0001:0003acb0       eml_debug_line_call        000000018003bcb0 f   sfc_debug:sfcdebug.obj
 0001:0003ae60       sf_debug_terminate         000000018003be60 f   sfc_debug:sfcdebug.obj
 0001:0003afd0       sf_debug_set_script_cv_ids 000000018003bfd0 f   sfc_debug:sfcdebug.obj
 0001:0003b100       sf_debug_api               000000018003c100 f   sfc_debug:sfc_api.obj
 0001:0003c7b0       sf_debug_sm_terminate      000000018003d7b0 f   sfc_debug:sfdb_animation.obj
 0001:0003c970       sf_debug_reset_path_objects 000000018003d970 f   sfc_debug:sfdb_animation.obj
 0001:0003c9f0       sf_debug_sm_reset_object_selection_status 000000018003d9f0 f   sfc_debug:sfdb_animation.obj
 0001:0003ca90       sf_debug_sm_reset_state_buffer 000000018003da90 f   sfc_debug:sfdb_animation.obj
 0001:0003cb60       sf_debug_sm_store_state_buffer 000000018003db60 f   sfc_debug:sfdb_animation.obj
 0001:0003cbe0       sf_debug_sm_restore_state_buffer1 000000018003dbe0 f   sfc_debug:sfdb_animation.obj
 0001:0003cc50       sf_debug_sm_restore_state_buffer2 000000018003dc50 f   sfc_debug:sfdb_animation.obj
 0001:0003ccc0       sf_debug_sm_chart_active   000000018003dcc0 f   sfc_debug:sfdb_animation.obj
 0001:0003cd10       sf_debug_sm_select_active_objects 000000018003dd10 f   sfc_debug:sfdb_animation.obj
 0001:0003d200       sf_debug_sm_is_chart_active 000000018003e200 f   sfc_debug:sfdb_animation.obj
 0001:0003d240       sf_debug_sm_is_state_active 000000018003e240 f   sfc_debug:sfdb_animation.obj
 0001:0003d480       sf_debug_sm_get_active_states 000000018003e480 f   sfc_debug:sfdb_animation.obj
 0001:0003da40       sf_debug_sm_initialize_instance 000000018003ea40 f   sfc_debug:sfdb_animation.obj
 0001:0003dc60       sf_debug_sm_change_object_selection_status 000000018003ec60 f   sfc_debug:sfdb_animation.obj
 0001:0003df70       cv_create_interface        000000018003ef70 f   sfc_debug:cv_sfinterface.obj
 0001:0003e2d0       cv_init_trans              000000018003f2d0 f   sfc_debug:cv_sfinterface.obj
 0001:0003e320       cv_init_testobjective      000000018003f320 f   sfc_debug:cv_sfinterface.obj
 0001:0003e360       cv_init_state              000000018003f360 f   sfc_debug:cv_sfinterface.obj
 0001:0003e3d0       cv_init_chart              000000018003f3d0 f   sfc_debug:cv_sfinterface.obj
 0001:0003e420       cv_dec_update_call         000000018003f420 f   sfc_debug:cv_sfinterface.obj
 0001:0003e460       cv_cond_update_call        000000018003f460 f   sfc_debug:cv_sfinterface.obj
 0001:0003e4a0       cv_testobjective_update_call 000000018003f4a0 f   sfc_debug:cv_sfinterface.obj
 0001:0003e4e0       cv_sigrange_update         000000018003f4e0 f   sfc_debug:cv_sfinterface.obj
 0001:0003e520       cvsf_eml_eval              000000018003f520 f   sfc_debug:cv_sfinterface.obj
 0001:0003e610       cvsf_eml_init_script       000000018003f610 f   sfc_debug:cv_sfinterface.obj
 0001:0003e6a0       cvsf_eml_init_fcn          000000018003f6a0 f   sfc_debug:cv_sfinterface.obj
 0001:0003e700       cvsf_eml_init_testobjective 000000018003f700 f   sfc_debug:cv_sfinterface.obj
 0001:0003e760       cvsf_eml_init_saturation   000000018003f760 f   sfc_debug:cv_sfinterface.obj
 0001:0003e7b0       cvsf_eml_init_if           000000018003f7b0 f   sfc_debug:cv_sfinterface.obj
 0001:0003e810       cvsf_eml_init_for          000000018003f810 f   sfc_debug:cv_sfinterface.obj
 0001:0003e860       cvsf_eml_init_while        000000018003f860 f   sfc_debug:cv_sfinterface.obj
 0001:0003e8b0       cvsf_eml_init_mcdc         000000018003f8b0 f   sfc_debug:cv_sfinterface.obj
 0001:0003e940       cvsf_eml_init_switch       000000018003f940 f   sfc_debug:cv_sfinterface.obj
 0001:0003e9b0       cvsf_script_eval           000000018003f9b0 f   sfc_debug:cv_sfinterface.obj
 0001:0003eaa0       cvsf_script_init_script    000000018003faa0 f   sfc_debug:cv_sfinterface.obj
 0001:0003eb30       cvsf_script_init_fcn       000000018003fb30 f   sfc_debug:cv_sfinterface.obj
 0001:0003eb90       cvsf_script_init_testobjective 000000018003fb90 f   sfc_debug:cv_sfinterface.obj
 0001:0003ebf0       cvsf_script_init_saturation 000000018003fbf0 f   sfc_debug:cv_sfinterface.obj
 0001:0003ec40       cvsf_script_init_if        000000018003fc40 f   sfc_debug:cv_sfinterface.obj
 0001:0003eca0       cvsf_script_init_for       000000018003fca0 f   sfc_debug:cv_sfinterface.obj
 0001:0003ecf0       cvsf_script_init_while     000000018003fcf0 f   sfc_debug:cv_sfinterface.obj
 0001:0003ed40       cvsf_script_init_mcdc      000000018003fd40 f   sfc_debug:cv_sfinterface.obj
 0001:0003edd0       cvsf_script_init_switch    000000018003fdd0 f   sfc_debug:cv_sfinterface.obj
 0001:0003ee40       cv_destroy_interface       000000018003fe40 f   sfc_debug:cv_sfinterface.obj
 0001:0003ee60       cv_create_instance_objects 000000018003fe60 f   sfc_debug:cv_sfinterface.obj
 0001:0003f310       cv_is_enabled              0000000180040310 f   sfc_debug:cv_sfinterface.obj
 0001:0003f320       sf_debug_cv_initialize_script 0000000180040320 f   sfc_debug:cv_sfinterface.obj
 0001:0003f4d0       sf_debug_cv_initialize_instance 00000001800404d0 f   sfc_debug:cv_sfinterface.obj
 0001:0003f870       sf_debug_cv_terminate_chart 0000000180040870 f   sfc_debug:cv_sfinterface.obj
 0001:0003f9b0       cv_call_trans_test         00000001800409b0 f   sfc_debug:cv_sfinterface.obj
 0001:0003f9c0       cv_call_sub_cond_test      00000001800409c0 f   sfc_debug:cv_sfinterface.obj
 0001:0003fa00       sf_debug_st_initialize_machine 0000000180040a00 f   sfc_debug:sfdb_data_browse.obj
 0001:0003fac0       sf_debug_st_initialize_instance 0000000180040ac0 f   sfc_debug:sfdb_data_browse.obj
 0001:0003fcf0       sf_debug_st_terminate      0000000180040cf0 f   sfc_debug:sfdb_data_browse.obj
 0001:00040090       sf_debug_st_set_data_value_ptr_in_machine 0000000180041090 f   sfc_debug:sfdb_data_browse.obj
 0001:00040120       sf_debug_st_set_data_value_ptr_in_instance 0000000180041120 f   sfc_debug:sfdb_data_browse.obj
 0001:00040200       sf_debug_st_unset_data_value_ptr_in_machine 0000000180041200 f   sfc_debug:sfdb_data_browse.obj
 0001:00040270       sf_debug_st_unset_data_value_ptr_in_instance 0000000180041270 f   sfc_debug:sfdb_data_browse.obj
 0001:00040580       sf_debug_mx_value          0000000180041580 f   sfc_debug:sfdb_data_browse.obj
 0001:000405e0       sf_debug_mx_packed_vector  00000001800415e0 f   sfc_debug:sfdb_data_browse.obj
 0001:000406c0       sf_debug_mx_uint_vector    00000001800416c0 f   sfc_debug:sfdb_data_browse.obj
 0001:00040780       sf_debug_st_get_double_value_from_void_ptr_vector 0000000180041780 f   sfc_debug:sfdb_data_browse.obj
 0001:00041270       sf_debug_st_browse_data    0000000180042270 f   sfc_debug:sfdb_data_browse.obj
 0001:00041b00       sf_debug_hm_initialize_instance 0000000180042b00 f   sfc_debug:sfdb_handle_management.obj
 0001:00042030       sf_debug_hm_get_object_id  0000000180043030 f   sfc_debug:sfdb_handle_management.obj
 0001:00042be0       sf_debug_hm_update_chart_visibility 0000000180043be0 f   sfc_debug:sfdb_handle_management.obj
 0001:00043ec0       sf_debug_object_is_eml_function 0000000180044ec0 f   sfc_debug:sfdb_handle_management.obj
 0001:00043f30       sf_debug_hm_initialize_ids_in_machine 0000000180044f30 f   sfc_debug:sfdb_handle_management.obj
 0001:000440a0       sf_debug_hm_initialize_ids_in_chart 00000001800450a0 f   sfc_debug:sfdb_handle_management.obj
 0001:000441a0       sf_debug_hm_initialize_chart 00000001800451a0 f   sfc_debug:sfdb_handle_management.obj
 0001:00044940       sf_debug_hm_terminate      0000000180045940 f   sfc_debug:sfdb_handle_management.obj
 0001:000449a0       sf_debug_hm_initialize_machine 00000001800459a0 f   sfc_debug:sfdb_handle_management.obj
 0001:00045150       sf_debug_ss_initialize     0000000180046150 f   sfc_debug:sfdb_symbol_scope.obj
 0001:00045170       sf_debug_ss_terminate      0000000180046170 f   sfc_debug:sfdb_symbol_scope.obj
 0001:00045200       sf_debug_ss_push_symbol_scope 0000000180046200 f   sfc_debug:sfdb_symbol_scope.obj
 0001:00045300       sf_debug_ss_push_symbol_scope_eml 0000000180046300 f   sfc_debug:sfdb_symbol_scope.obj
 0001:00045360       sf_debug_ss_pop_symbol_scope 0000000180046360 f   sfc_debug:sfdb_symbol_scope.obj
 0001:00045410       sf_debug_ss_add_symbol     0000000180046410 f   sfc_debug:sfdb_symbol_scope.obj
 0001:00045570       sf_debug_ss_add_symbol_eml 0000000180046570 f   sfc_debug:sfdb_symbol_scope.obj
 0001:00046290       sf_debug_ss_set_data_value 0000000180047290 f   sfc_debug:sfdb_symbol_scope.obj
 0001:00046760       getInstanceNumber          0000000180047760 f   sfc_debug:sfdb_symbol_scope.obj
 0001:00046830       sf_debug_ss_watch_data     0000000180047830 f   sfc_debug:sfdb_symbol_scope.obj
 0001:000469d0       sf_debug_ss_assign_data    00000001800479d0 f   sfc_debug:sfdb_symbol_scope.obj
 0001:000473f0       get_data_entry_name        00000001800483f0 f   sfc_debug:sfdb_symbol_scope.obj
 0001:00047440       sf_debug_ss_whos           0000000180048440 f   sfc_debug:sfdb_symbol_scope.obj
 0001:00047b60       sf_debug_cc_initialize_chart 0000000180048b60 f   sfc_debug:sfdb_coverage.obj
 0001:00048550       sf_debug_cc_initialize_instance 0000000180049550 f   sfc_debug:sfdb_coverage.obj
 0001:00049360       sf_debug_cc_terminate      000000018004a360 f   sfc_debug:sfdb_coverage.obj
 0001:00049450       sf_debug_cc_set_transition_maps 000000018004a450 f   sfc_debug:sfdb_coverage.obj
 0001:00049580       sf_debug_cc_set_state_maps 000000018004a580 f   sfc_debug:sfdb_coverage.obj
 0001:00049660       sf_debug_cc_set_transition_weights 000000018004a660 f   sfc_debug:sfdb_coverage.obj
 0001:00049930       sf_debug_cc_set_state_weights 000000018004a930 f   sfc_debug:sfdb_coverage.obj
 0001:00049c00       sf_debug_cc_mark_transition_guard 000000018004ac00 f   sfc_debug:sfdb_coverage.obj
 0001:00049c90       sf_debug_cc_mark_transition_trigger 000000018004ac90 f   sfc_debug:sfdb_coverage.obj
 0001:00049d20       sf_debug_cc_mark_transition_decision 000000018004ad20 f   sfc_debug:sfdb_coverage.obj
 0001:00049d90       sf_debug_cc_mark_transition_condition_action 000000018004ad90 f   sfc_debug:sfdb_coverage.obj
 0001:00049de0       sf_debug_cc_mark_transition_transition_action 000000018004ade0 f   sfc_debug:sfdb_coverage.obj
 0001:00049e30       sf_debug_cc_mark_state_entry 000000018004ae30 f   sfc_debug:sfdb_coverage.obj
 0001:00049e80       sf_debug_cc_mark_state_during 000000018004ae80 f   sfc_debug:sfdb_coverage.obj
 0001:00049ed0       sf_debug_cc_mark_state_exit 000000018004aed0 f   sfc_debug:sfdb_coverage.obj
 0001:00049f20       sf_debug_bm_clear_script_breakpoints 000000018004af20 f   sfc_debug:sfdb_breakpoints.obj
 0001:00049f50       sf_debug_bm_set_script_breakpoint 000000018004af50 f   sfc_debug:sfdb_breakpoints.obj
 0001:00049fd0       sf_debug_bm_clear_single_script_breakpoint 000000018004afd0 f   sfc_debug:sfdb_breakpoints.obj
 0001:0004a050       sf_debug_bm_query_script_breakpoint 000000018004b050 f   sfc_debug:sfdb_breakpoints.obj
 0001:0004a0a0       sf_debug_bm_initialize_scripts 000000018004b0a0 f   sfc_debug:sfdb_breakpoints.obj
 0001:0004a7c0       sf_debug_bm_terminate      000000018004b7c0 f   sfc_debug:sfdb_breakpoints.obj
 0001:0004aab0       sf_debug_bm_remove_all_breakpoints_in_machine 000000018004bab0 f   sfc_debug:sfdb_breakpoints.obj
 0001:0004ab20       sf_debug_bm_remove_all_breakpoints_in_chart 000000018004bb20 f   sfc_debug:sfdb_breakpoints.obj
 0001:0004ac70       sf_debug_bm_initialize_global_breakpoints 000000018004bc70 f   sfc_debug:sfdb_breakpoints.obj
 0001:0004adf0       sf_debug_bm_set_breakpoint 000000018004bdf0 f   sfc_debug:sfdb_breakpoints.obj
 0001:0004b3f0       sf_debug_bm_set_eml_breakpoint 000000018004c3f0 f   sfc_debug:sfdb_breakpoints.obj
 0001:0004b490       sf_debug_bm_initialize_machine_breakpoint_map 000000018004c490 f   sfc_debug:sfdb_breakpoints.obj
 0001:0004b8b0       sf_debug_bm_is_a_breakpoint 000000018004c8b0 f   sfc_debug:sfdb_breakpoints.obj
 0001:0004be90       sf_debug_bm_get_all_breakpoints_in_machine 000000018004ce90 f   sfc_debug:sfdb_breakpoints.obj
 0001:0004c190       sf_debug_bm_get_all_breakpoints_in_chart 000000018004d190 f   sfc_debug:sfdb_breakpoints.obj
 0001:0004ce50       sf_debug_bm_initialize_machine 000000018004de50 f   sfc_debug:sfdb_breakpoints.obj
 0001:0004cf20       sf_debug_bm_initialize_chart 000000018004df20 f   sfc_debug:sfdb_breakpoints.obj
 0001:0004d340       sf_debug_sc_terminate      000000018004e340 f   sfc_debug:sfdb_state_consistency.obj
 0001:0004d670       sf_debug_sc_is_chart_consistent 000000018004e670 f   sfc_debug:sfdb_state_consistency.obj
 0001:0004d920       sf_debug_sc_get_consistency_error_info 000000018004e920 f   sfc_debug:sfdb_state_consistency.obj
 0001:0004dd70       sf_debug_tm_terminate      000000018004ed70 f   sfc_debug:sfdb_call_stack.obj
 0001:0004de30       sf_debug_tm_push_chart_instance 000000018004ee30 f   sfc_debug:sfdb_call_stack.obj
 0001:0004df80       sf_debug_tm_pop_chart_instance 000000018004ef80 f   sfc_debug:sfdb_call_stack.obj
 0001:0004dfe0       sf_debug_tm_push_trace_node 000000018004efe0 f   sfc_debug:sfdb_call_stack.obj
 0001:0004e170       sf_debug_tm_pop_trace_node 000000018004f170 f   sfc_debug:sfdb_call_stack.obj
 0001:0004e1f0       sf_debug_tm_get_current_global_trace_index 000000018004f1f0 f   sfc_debug:sfdb_call_stack.obj
 0001:0004e200       sf_debug_tm_get_current_local_trace_index 000000018004f200 f   sfc_debug:sfdb_call_stack.obj
 0001:0004e230       sf_debug_tm_set_cycle_detected_flag 000000018004f230 f   sfc_debug:sfdb_call_stack.obj
 0001:0004e270       sf_debug_tm_set_cycle_started_flag 000000018004f270 f   sfc_debug:sfdb_call_stack.obj
 0001:0004e2b0       sf_debug_tm_get_chart_number_from_stack 000000018004f2b0 f   sfc_debug:sfdb_call_stack.obj
 0001:0004e4b0       sf_debug_tm_browse_trace   000000018004f4b0 f   sfc_debug:sfdb_call_stack.obj
 0001:0004e7f0       sf_debug_cd_initialize_instance 000000018004f7f0 f   sfc_debug:sfdb_cycle_detection.obj
 0001:0004eaa0       sf_debug_cd_mark_processed_transition_in_instance 000000018004faa0 f   sfc_debug:sfdb_cycle_detection.obj
 0001:0004eb40       sf_debug_cd_checksum_push  000000018004fb40 f   sfc_debug:sfdb_cycle_detection.obj
 0001:0004ee00       sf_debug_cd_checksum_pop   000000018004fe00 f   sfc_debug:sfdb_cycle_detection.obj
 0001:0004ee70       sf_debug_cd_turn_off_cycle_detection 000000018004fe70 f   sfc_debug:sfdb_cycle_detection.obj
 0001:0004eec0       sf_debug_cd_terminate      000000018004fec0 f   sfc_debug:sfdb_cycle_detection.obj
 0001:0004f100       md5_initialize_state       0000000180050100 f   sfc_debug:ckmd5.obj
 0001:0004fb70       md5_update_state           0000000180050b70 f   sfc_debug:ckmd5.obj
 0001:0004fb90       md5_get_hash               0000000180050b90 f   sfc_debug:ckmd5.obj
 0001:0004fbc0       md5_get_hash_for_a_single_string 0000000180050bc0 f   sfc_debug:ckmd5.obj
 0001:0004fc24       mxGetPr                    0000000180050c24 f   libmx:libmx.dll
 0001:0004fc2a       mxCreateDoubleScalar       0000000180050c2a f   libmx:libmx.dll
 0001:0004fc30       mxCreateDoubleMatrix_730   0000000180050c30 f   libmx:libmx.dll
 0001:0004fc36       mxSetField_730             0000000180050c36 f   libmx:libmx.dll
 0001:0004fc3c       mxCreateString             0000000180050c3c f   libmx:libmx.dll
 0001:0004fc42       mxCreateStructMatrix_730   0000000180050c42 f   libmx:libmx.dll
 0001:0004fc48       mxDestroyArray             0000000180050c48 f   libmx:libmx.dll
 0001:0004fc4e       mxDuplicateArray           0000000180050c4e f   libmx:libmx.dll
 0001:0004fc54       mxGetString_730            0000000180050c54 f   libmx:libmx.dll
 0001:0004fc5a       mxIsChar                   0000000180050c5a f   libmx:libmx.dll
 0001:0004fc60       mxGetClassID               0000000180050c60 f   libmx:libmx.dll
 0001:0004fc66       mxIsNumeric                0000000180050c66 f   libmx:libmx.dll
 0001:0004fc6c       mxIsComplex                0000000180050c6c f   libmx:libmx.dll
 0001:0004fc72       mxGetN                     0000000180050c72 f   libmx:libmx.dll
 0001:0004fc78       mxGetM                     0000000180050c78 f   libmx:libmx.dll
 0001:0004fc7e       mxCalloc                   0000000180050c7e f   libmx:libmx.dll
 0001:0004fc84       mxGetScalar                0000000180050c84 f   libmx:libmx.dll
 0001:0004fc8a       mxIsLogical                0000000180050c8a f   libmx:libmx.dll
 0001:0004fc90       mxCreateDoubleMatrix_700   0000000180050c90 f   libmx:libmx.dll
 0001:0004fc96       mxFree                     0000000180050c96 f   libmx:libmx.dll
 0001:0004fc9c       mxArrayToString            0000000180050c9c f   libmx:libmx.dll
 0001:0004fca2       mxCreateCellMatrix_700     0000000180050ca2 f   libmx:libmx.dll
 0001:0004fca8       mxSetCell_700              0000000180050ca8 f   libmx:libmx.dll
 0001:0004fcae       mxGetCell_700              0000000180050cae f   libmx:libmx.dll
 0001:0004fcb4       mxGetClassName             0000000180050cb4 f   libmx:libmx.dll
 0001:0004fcba       mxSetField_700             0000000180050cba f   libmx:libmx.dll
 0001:0004fcc0       mxAddField                 0000000180050cc0 f   libmx:libmx.dll
 0001:0004fcc6       mxGetField_700             0000000180050cc6 f   libmx:libmx.dll
 0001:0004fccc       mxGetNumberOfElements      0000000180050ccc f   libmx:libmx.dll
 0001:0004fcd2       mxIsStruct                 0000000180050cd2 f   libmx:libmx.dll
 0001:0004fcd8       mxIsA                      0000000180050cd8 f   libmx:libmx.dll
 0001:0004fcde       mxIsClass                  0000000180050cde f   libmx:libmx.dll
 0001:0004fce4       mxGetLogicals              0000000180050ce4 f   libmx:libmx.dll
 0001:0004fcea       mxIsSparse                 0000000180050cea f   libmx:libmx.dll
 0001:0004fcf0       mxSetFieldByNumber_700     0000000180050cf0 f   libmx:libmx.dll
 0001:0004fcf6       mxGetFieldByNumber_700     0000000180050cf6 f   libmx:libmx.dll
 0001:0004fcfc       mxGetFieldNameByNumber     0000000180050cfc f   libmx:libmx.dll
 0001:0004fd02       mxGetNumberOfFields        0000000180050d02 f   libmx:libmx.dll
 0001:0004fd08       mxCreateStructMatrix_700   0000000180050d08 f   libmx:libmx.dll
 0001:0004fd0e       mxGetFieldNumber           0000000180050d0e f   libmx:libmx.dll
 0001:0004fd14       mxIsNaN                    0000000180050d14 f   libmx:libmx.dll
 0001:0004fd1a       mxIsEmpty                  0000000180050d1a f   libmx:libmx.dll
 0001:0004fd20       mxGetData                  0000000180050d20 f   libmx:libmx.dll
 0001:0004fd26       mxGetImagData              0000000180050d26 f   libmx:libmx.dll
 0001:0004fd2c       mxArrayClassIDName         0000000180050d2c f   libmx:libmx.dll
 0001:0004fd32       mxCreateNumericMatrix_700  0000000180050d32 f   libmx:libmx.dll
 0001:0004fd38       mxCreateStructArray_700    0000000180050d38 f   libmx:libmx.dll
 0001:0004fd3e       mxCalcSingleSubscript_700  0000000180050d3e f   libmx:libmx.dll
 0001:0004fd44       mxGetDimensions_700        0000000180050d44 f   libmx:libmx.dll
 0001:0004fd4a       mxGetNumberOfDimensions_700 0000000180050d4a f   libmx:libmx.dll
 0001:0004fd50       mxCreateNumericArray_700   0000000180050d50 f   libmx:libmx.dll
 0001:0004fd56       mxGetElementSize           0000000180050d56 f   libmx:libmx.dll
 0001:0004fd5c       mxCreateStringFromNChars_700 0000000180050d5c f   libmx:libmx.dll
 0001:0004fd62       mxGetString_700            0000000180050d62 f   libmx:libmx.dll
 0001:0004fd68       mxIsLogicalScalarTrue      0000000180050d68 f   libmx:libmx.dll
 0001:0004fd6e       mxCreateLogicalScalar      0000000180050d6e f   libmx:libmx.dll
 0001:0004fd74       mexUnlock                  0000000180050d74 f   libmex:libmex.dll
 0001:0004fd7a       mexIsLocked                0000000180050d7a f   libmex:libmex.dll
 0001:0004fd80       mexWarnMsgTxt              0000000180050d80 f   libmex:libmex.dll
 0001:0004fd86       mexCallMATLAB              0000000180050d86 f   libmex:libmex.dll
 0001:0004fd8c       mexErrMsgTxt               0000000180050d8c f   libmex:libmex.dll
 0001:0004fd92       mexMakeArrayPersistent     0000000180050d92 f   libmex:libmex.dll
 0001:0004fd98       mexSetTrapFlag             0000000180050d98 f   libmex:libmex.dll
 0001:0004fd9e       mexPutVariable             0000000180050d9e f   libmex:libmex.dll
 0001:0004fda4       mexGetVariable             0000000180050da4 f   libmex:libmex.dll
 0001:0004fdaa       mexLock                    0000000180050daa f   libmex:libmex.dll
 0001:0004fdb0       mexMakeMemoryPersistent    0000000180050db0 f   libmex:libmex.dll
 0001:0004fdb6       mexFunctionName            0000000180050db6 f   libmex:libmex.dll
 0001:0004fdbc       ssRegisterDataTypeFxpFSlopeFixExpBias 0000000180050dbc f   libfixedpoint:libfixedpoint.dll
 0001:0004fdc2       utVSNprintf                0000000180050dc2 f   libut:libut.dll
 0001:0004fdc8       utCPUtime                  0000000180050dc8 f   libut:libut.dll
 0001:0004fdce       utFree                     0000000180050dce f   libut:libut.dll
 0001:0004fdd4       utMalloc                   0000000180050dd4 f   libut:libut.dll
 0001:0004fdda       muDoubleScalarSin          0000000180050dda f   libmwmathutil:libmwmathutil.dll
 0001:0004fde0       muDoubleScalarCos          0000000180050de0 f   libmwmathutil:libmwmathutil.dll
 0001:0004fde6       muDoubleScalarAbs          0000000180050de6 f   libmwmathutil:libmwmathutil.dll
 0001:0004fdec       muDoubleScalarAtan2        0000000180050dec f   libmwmathutil:libmwmathutil.dll
 0001:0004fdf2       muDoubleScalarPower        0000000180050df2 f   libmwmathutil:libmwmathutil.dll
 0001:0004fdf8       emlrtCreateRootTLS         0000000180050df8 f   libemlrt:libemlrt.dll
 0001:0004fdfe       emlrtDestroyRootTLS        0000000180050dfe f   libemlrt:libemlrt.dll
 0001:0004fe04       emlrtCheckBuiltInR2012b    0000000180050e04 f   libemlrt:libemlrt.dll
 0001:0004fe0a       emlrtCheckVsBuiltInR2012b  0000000180050e0a f   libemlrt:libemlrt.dll
 0001:0004fe10       emlrtCheckEnumR2012b       0000000180050e10 f   libemlrt:libemlrt.dll
 0001:0004fe16       emlrtCreateEnumR2012b      0000000180050e16 f   libemlrt:libemlrt.dll
 0001:0004fe1c       emlrtGetEnumElementR2009a  0000000180050e1c f   libemlrt:libemlrt.dll
 0001:0004fe22       emlrtCreateReference       0000000180050e22 f   libemlrt:libemlrt.dll
 0001:0004fe28       emlrtImportVsFiArrayR2009b 0000000180050e28 f   libemlrt:libemlrt.dll
 0001:0004fe2e       emlrtNameCapturePostProcessR2012a 0000000180050e2e f   libemlrt:libemlrt.dll
 0001:0004fe34       emlrtExtractMessageId      0000000180050e34 f   libemlrt:libemlrt.dll
 0001:0004fe3a       emlrtTranslateMessageIDtoLCPstring 0000000180050e3a f   libemlrt:libemlrt.dll
 0001:0004fe40       emlrtForLoopVectorIsValidR2011b 0000000180050e40 f   libemlrt:libemlrt.dll
 0001:0004fe46       emlrtTranslateUTF16MessagetoLCPstring 0000000180050e46 f   libemlrt:libemlrt.dll
 0001:0004fe4c       emlrtGetEnumUnderlyingArrayR2009a 0000000180050e4c f   libemlrt:libemlrt.dll
 0001:0004fe52       emlrtIsEnumR2009a          0000000180050e52 f   libemlrt:libemlrt.dll
 0001:0004fe58       __GSHandlerCheckCommon     0000000180050e58 f   MSVCRT:gshandler.obj
 0001:0004febc       __GSHandlerCheck           0000000180050ebc f   MSVCRT:gshandler.obj
 0001:0004feda       strlen                     0000000180050eda f   MSVCRT:MSVCR100.dll
 0001:0004fef0       __security_check_cookie    0000000180050ef0 f   MSVCRT:amdsecgs.obj
 0001:0004ff10       memset                     0000000180050f10 f   MSVCRT:MSVCR100.dll
 0001:0004ff16       malloc                     0000000180050f16 f   MSVCRT:MSVCR100.dll
 0001:0004ff1c       free                       0000000180050f1c f   MSVCRT:MSVCR100.dll
 0001:0004ff22       strcmp                     0000000180050f22 f   MSVCRT:MSVCR100.dll
 0001:0004ff28       sprintf                    0000000180050f28 f   MSVCRT:MSVCR100.dll
 0001:0004ff2e       strcat                     0000000180050f2e f   MSVCRT:MSVCR100.dll
 0001:0004ff34       memcpy                     0000000180050f34 f   MSVCRT:MSVCR100.dll
 0001:0004ff3c       NtCurrentTeb               0000000180050f3c f i MSVCRT:crtdll.obj
 0001:0004ffa8       _CRT_INIT                  0000000180050fa8 f   MSVCRT:crtdll.obj
 0001:00050340       _DllMainCRTStartup         0000000180051340 f   MSVCRT:crtdll.obj
 0001:0005037e       strncpy                    000000018005137e f   MSVCRT:MSVCR100.dll
 0001:000503a0       __chkstk                   00000001800513a0 f   MSVCRT:chkstk.obj
 0001:000503a0       _alloca_probe              00000001800513a0     MSVCRT:chkstk.obj
 0001:000503ee       longjmp                    00000001800513ee f   MSVCRT:MSVCR100.dll
 0001:000503f4       strncmp                    00000001800513f4 f   MSVCRT:MSVCR100.dll
 0001:000503fa       ceil                       00000001800513fa f   MSVCRT:MSVCR100.dll
 0001:00050400       strrchr                    0000000180051400 f   MSVCRT:MSVCR100.dll
 0001:00050406       _setjmp                    0000000180051406 f   MSVCRT:MSVCR100.dll
 0001:0005040c       calloc                     000000018005140c f   MSVCRT:MSVCR100.dll
 0001:00050412       realloc                    0000000180051412 f   MSVCRT:MSVCR100.dll
 0001:00050418       ldexp                      0000000180051418 f   MSVCRT:MSVCR100.dll
 0001:00050420       __report_gsfailure         0000000180051420 f   MSVCRT:gs_report.obj
 0001:0005056c       __clean_type_info_names    000000018005156c f   MSVCRT:tncleanup.obj
 0001:00050578       _onexit                    0000000180051578 f   MSVCRT:atonexit.obj
 0001:00050628       atexit                     0000000180051628 f   MSVCRT:atonexit.obj
 0001:00050640       _RTC_Initialize            0000000180051640 f   MSVCRT:_initsect_.obj
 0001:00050678       _RTC_Terminate             0000000180051678 f   MSVCRT:_initsect_.obj
 0001:000506b0       _malloc_crt                00000001800516b0 f   MSVCRT:MSVCR100.dll
 0001:000506c0       _ValidateImageBase         00000001800516c0 f   MSVCRT:pesect.obj
 0001:000506f0       _FindPESection             00000001800516f0 f   MSVCRT:pesect.obj
 0001:00050740       _IsNonwritableInCurrentImage 0000000180051740 f   MSVCRT:pesect.obj
 0001:00050782       _initterm                  0000000180051782 f   MSVCRT:MSVCR100.dll
 0001:00050788       _initterm_e                0000000180051788 f   MSVCRT:MSVCR100.dll
 0001:0005078e       _encoded_null              000000018005178e f   MSVCRT:MSVCR100.dll
 0001:00050794       _amsg_exit                 0000000180051794 f   MSVCRT:MSVCR100.dll
 0001:0005079a       __C_specific_handler       000000018005179a f   MSVCRT:MSVCR100.dll
 0001:000507a0       __CppXcptFilter            00000001800517a0 f   MSVCRT:MSVCR100.dll
 0001:000507a8       DllMain                    00000001800517a8 f   MSVCRT:dllmain.obj
 0001:000507cc       __security_init_cookie     00000001800517cc f   MSVCRT:gs_support.obj
 0001:00050880       __crt_debugger_hook        0000000180051880 f   MSVCRT:MSVCR100.dll
 0001:00050886       __clean_type_info_names_internal 0000000180051886 f   MSVCRT:MSVCR100.dll
 0001:0005088c       _unlock                    000000018005188c f   MSVCRT:MSVCR100.dll
 0001:00050892       __dllonexit                0000000180051892 f   MSVCRT:MSVCR100.dll
 0001:00050898       _lock                      0000000180051898 f   MSVCRT:MSVCR100.dll
 0001:0005089e       EncodePointer              000000018005189e f   kernel32:KERNEL32.dll
 0001:000508a4       DecodePointer              00000001800518a4 f   kernel32:KERNEL32.dll
 0001:000508aa       Sleep                      00000001800518aa f   kernel32:KERNEL32.dll
 0001:000508b0       TerminateProcess           00000001800518b0 f   kernel32:KERNEL32.dll
 0001:000508b6       GetCurrentProcess          00000001800518b6 f   kernel32:KERNEL32.dll
 0001:000508bc       UnhandledExceptionFilter   00000001800518bc f   kernel32:KERNEL32.dll
 0001:000508c2       SetUnhandledExceptionFilter 00000001800518c2 f   kernel32:KERNEL32.dll
 0001:000508c8       IsDebuggerPresent          00000001800518c8 f   kernel32:KERNEL32.dll
 0001:000508ce       RtlVirtualUnwind           00000001800518ce f   kernel32:KERNEL32.dll
 0001:000508d4       RtlLookupFunctionEntry     00000001800518d4 f   kernel32:KERNEL32.dll
 0001:000508da       RtlCaptureContext          00000001800518da f   kernel32:KERNEL32.dll
 0001:000508e0       DisableThreadLibraryCalls  00000001800518e0 f   kernel32:KERNEL32.dll
 0001:000508e6       QueryPerformanceCounter    00000001800518e6 f   kernel32:KERNEL32.dll
 0001:000508ec       GetTickCount               00000001800518ec f   kernel32:KERNEL32.dll
 0001:000508f2       GetCurrentThreadId         00000001800518f2 f   kernel32:KERNEL32.dll
 0001:000508f8       GetCurrentProcessId        00000001800518f8 f   kernel32:KERNEL32.dll
 0001:000508fe       GetSystemTimeAsFileTime    00000001800518fe f   kernel32:KERNEL32.dll
 0002:00000000       __imp_DisableThreadLibraryCalls 0000000180052000     kernel32:KERNEL32.dll
 0002:00000008       __imp_RtlCaptureContext    0000000180052008     kernel32:KERNEL32.dll
 0002:00000010       __imp_RtlLookupFunctionEntry 0000000180052010     kernel32:KERNEL32.dll
 0002:00000018       __imp_RtlVirtualUnwind     0000000180052018     kernel32:KERNEL32.dll
 0002:00000020       __imp_IsDebuggerPresent    0000000180052020     kernel32:KERNEL32.dll
 0002:00000028       __imp_SetUnhandledExceptionFilter 0000000180052028     kernel32:KERNEL32.dll
 0002:00000030       __imp_UnhandledExceptionFilter 0000000180052030     kernel32:KERNEL32.dll
 0002:00000038       __imp_GetCurrentProcess    0000000180052038     kernel32:KERNEL32.dll
 0002:00000040       __imp_TerminateProcess     0000000180052040     kernel32:KERNEL32.dll
 0002:00000048       __imp_Sleep                0000000180052048     kernel32:KERNEL32.dll
 0002:00000050       __imp_DecodePointer        0000000180052050     kernel32:KERNEL32.dll
 0002:00000058       __imp_EncodePointer        0000000180052058     kernel32:KERNEL32.dll
 0002:00000060       __imp_GetTickCount         0000000180052060     kernel32:KERNEL32.dll
 0002:00000068       __imp_GetCurrentThreadId   0000000180052068     kernel32:KERNEL32.dll
 0002:00000070       __imp_GetCurrentProcessId  0000000180052070     kernel32:KERNEL32.dll
 0002:00000078       __imp_GetSystemTimeAsFileTime 0000000180052078     kernel32:KERNEL32.dll
 0002:00000080       __imp_QueryPerformanceCounter 0000000180052080     kernel32:KERNEL32.dll
 0002:00000088       \177KERNEL32_NULL_THUNK_DATA 0000000180052088     kernel32:KERNEL32.dll
 0002:00000090       __imp__onexit              0000000180052090     MSVCRT:MSVCR100.dll
 0002:00000098       __imp__lock                0000000180052098     MSVCRT:MSVCR100.dll
 0002:000000a0       __imp___dllonexit          00000001800520a0     MSVCRT:MSVCR100.dll
 0002:000000a8       __imp__unlock              00000001800520a8     MSVCRT:MSVCR100.dll
 0002:000000b0       __imp___clean_type_info_names_internal 00000001800520b0     MSVCRT:MSVCR100.dll
 0002:000000b8       __imp___crt_debugger_hook  00000001800520b8     MSVCRT:MSVCR100.dll
 0002:000000c0       __imp___CppXcptFilter      00000001800520c0     MSVCRT:MSVCR100.dll
 0002:000000c8       __imp___C_specific_handler 00000001800520c8     MSVCRT:MSVCR100.dll
 0002:000000d0       __imp__amsg_exit           00000001800520d0     MSVCRT:MSVCR100.dll
 0002:000000d8       __imp__encoded_null        00000001800520d8     MSVCRT:MSVCR100.dll
 0002:000000e0       __imp__initterm_e          00000001800520e0     MSVCRT:MSVCR100.dll
 0002:000000e8       __imp__initterm            00000001800520e8     MSVCRT:MSVCR100.dll
 0002:000000f0       __imp__malloc_crt          00000001800520f0     MSVCRT:MSVCR100.dll
 0002:000000f8       __imp_ldexp                00000001800520f8     MSVCRT:MSVCR100.dll
 0002:00000100       __imp_realloc              0000000180052100     MSVCRT:MSVCR100.dll
 0002:00000108       __imp_calloc               0000000180052108     MSVCRT:MSVCR100.dll
 0002:00000110       __imp__setjmp              0000000180052110     MSVCRT:MSVCR100.dll
 0002:00000118       __imp_strrchr              0000000180052118     MSVCRT:MSVCR100.dll
 0002:00000120       __imp_ceil                 0000000180052120     MSVCRT:MSVCR100.dll
 0002:00000128       __imp_strncmp              0000000180052128     MSVCRT:MSVCR100.dll
 0002:00000130       __imp_longjmp              0000000180052130     MSVCRT:MSVCR100.dll
 0002:00000138       __imp_strncpy              0000000180052138     MSVCRT:MSVCR100.dll
 0002:00000140       __imp_memcpy               0000000180052140     MSVCRT:MSVCR100.dll
 0002:00000148       __imp_strcat               0000000180052148     MSVCRT:MSVCR100.dll
 0002:00000150       __imp_sprintf              0000000180052150     MSVCRT:MSVCR100.dll
 0002:00000158       __imp_strcmp               0000000180052158     MSVCRT:MSVCR100.dll
 0002:00000160       __imp_free                 0000000180052160     MSVCRT:MSVCR100.dll
 0002:00000168       __imp_malloc               0000000180052168     MSVCRT:MSVCR100.dll
 0002:00000170       __imp_memset               0000000180052170     MSVCRT:MSVCR100.dll
[...]
 0001:00027610       check_array_dimensions     0000000180028610 f   sfc_mex:sfc_mex.obj
 0001:00027680       check_input_mxarray        0000000180028680 f   sfc_mex:sfc_mex.obj
 0001:00027dc0       sf_numeric_value_to_double 0000000180028dc0 f   sfc_mex:sfc_mex.obj
 0001:00027e10       ml_generic_out_of_bounds_check 0000000180028e10 f   sfc_mex:sfc_mex.obj
 0001:00027fe0       ml_get_element_value_from_array 0000000180028fe0 f   sfc_mex:sfc_mex.obj
 0001:00028380       _ml_generic_castability_check 0000000180029380 f   sfc_mex:sfc_mex.obj
 0001:000290e0       ml_generic_castability_check 000000018002a0e0 f   sfc_mex:sfc_mex.obj
 0001:00029180       ml_check_mx_array_for_single_castability 000000018002a180 f   sfc_mex:sfc_mex.obj
 0001:00029220       ml_check_mx_array_for_logical_castability 000000018002a220 f   sfc_mex:sfc_mex.obj
 0001:000292c0       ml_check_mx_array_for_int8_castability 000000018002a2c0 f   sfc_mex:sfc_mex.obj
 0001:00029370       ml_check_mx_array_for_uint8_castability 000000018002a370 f   sfc_mex:sfc_mex.obj
 0001:000293d0       ml_check_mx_array_for_int16_castability 000000018002a3d0 f   sfc_mex:sfc_mex.obj
 0001:00029430       ml_check_mx_array_for_uint16_castability 000000018002a430 f   sfc_mex:sfc_mex.obj
 0001:00029490       ml_check_mx_array_for_int32_castability 000000018002a490 f   sfc_mex:sfc_mex.obj
 0001:000294f0       ml_check_mx_array_for_uint32_castability 000000018002a4f0 f   sfc_mex:sfc_mex.obj
 0001:00029550       ml_check_mx_array_for_castability 000000018002a550 f   sfc_mex:sfc_mex.obj
 0001:00029e80       set_data_value             000000018002ae80 f   sfc_mex:sfc_mex.obj
 0001:0002a1f0       get_data_value             000000018002b1f0 f   sfc_mex:sfc_mex.obj
 0001:0002a300       get_next_element_address   000000018002b300 f   sfc_mex:sfc_mex.obj
 0001:0002a3d0       sf_normalize_index         000000018002b3d0 f   sfc_mex:sfc_mex.obj
 0001:0002a760       ml_array_index_bound_check 000000018002b760 f   sfc_mex:sfc_mex.obj
 0001:0002b280       mx_value                   000000018002c280 f   sfc_mex:sfc_mex.obj
 0001:0002b2d0       sf_create_numeric_array    000000018002c2d0 f   sfc_mex:sfc_mex.obj
 0001:0002b370       sf_mex_assign_to_mx_array  000000018002c370 f   sfc_mex:sfc_mex.obj
 0001:0002b6c0       assign_from_mx_array       000000018002c6c0 f   sfc_mex:sfc_mex.obj
 0001:0002bef0       sf_mex_import_v            000000018002cef0 f   sfc_mex:sfc_mex.obj
 0001:0002c5f0       get_machine_and_chart_file_number 000000018002d5f0 f   sfc_mex:sfc_sf.obj
 0001:0002c6e0       get_sfun_block_specialization 000000018002d6e0 f   sfc_mex:sfc_sf.obj
 0001:0002c790       call_sf_machine_global_method_dispatcher 000000018002d790 f   sfc_mex:sfc_sf.obj
 0001:0002c9e0       mdl_zeroCrossings_processing 000000018002d9e0 f   sfc_mex:sfc_sf.obj
 0001:0002cab0       mdl_derivatives_processing 000000018002dab0 f   sfc_mex:sfc_sf.obj
 0001:0002cd70       mdl_outputs_continuous_legacy 000000018002dd70 f   sfc_mex:sfc_sf.obj
 0001:0002cdf0       mdl_outputs_processing     000000018002ddf0 f   sfc_mex:sfc_sf.obj
 0001:0002d060       mdl_enable_processing      000000018002e060 f   sfc_mex:sfc_sf.obj
 0001:0002d130       mdl_disable_processing     000000018002e130 f   sfc_mex:sfc_sf.obj
 0001:0002dea0       sf_call_output_fcn_enable_disable 000000018002eea0 f   sfc_mex:sfc_sf.obj
 0001:0002e120       set_dwork_information_from_mx_array 000000018002f120 f   sfc_mex:sfc_sf.obj
 0001:0002e9e0       ptr2mxStruct               000000018002f9e0 f   sfc_mex:sfc_sf.obj
 0001:0002ecf0       SNPRINTF_WRAPPER           000000018002fcf0 f   sfc_debug:sfcdebug.obj
 0001:0002ed10       sf_debug_chart_instance_initialized_quick 000000018002fd10 f   sfc_debug:sfcdebug.obj
 0001:0002ed20       sf_debug_chart_instance_initialized 000000018002fd20 f   sfc_debug:sfcdebug.obj
 0001:0002eec0       sfrtAddSize                000000018002fec0 f   sfc_debug:sfcdebug.obj
 0001:0002ef80       sfrtGenSizeString          000000018002ff80 f   sfc_debug:sfcdebug.obj
 0001:0002f690       fill_single_message_info   0000000180030690 f   sfc_debug:sfcdebug.obj
 0001:0002f850       sf_debug_sim_status_listener 0000000180030850 f   sfc_debug:sfcdebug.obj
 0001:0002fdc0       sf_debug_form_mask_bits    0000000180030dc0 f   sfc_debug:sfcdebug.obj
 0001:0002fe00       sf_debug_form_sf_data_type_offsets 0000000180030e00 f   sfc_debug:sfcdebug.obj
 0001:0002fec0       sf_debug_free_all          0000000180030ec0 f   sfc_debug:sfcdebug.obj
 0001:00030070       sf_debug_append_debugger_context 0000000180031070 f   sfc_debug:sfcdebug.obj
 0001:00030210       sf_debug_update_always_honor_breakpoints 0000000180031210 f   sfc_debug:sfcdebug.obj
 0001:000303e0       local_strdup               00000001800313e0 f   sfc_debug:sfcdebug.obj
 0001:000312c0       sf_debug_em_terminate      00000001800322c0 f   sfc_debug:sfcdebug.obj
 0001:00031300       sf_debug_push_eml_function 0000000180032300 f   sfc_debug:sfcdebug.obj
 0001:000313a0       sf_debug_pop_eml_function  00000001800323a0 f   sfc_debug:sfcdebug.obj
 0001:000320a0       sf_debug_get_machine_number_from_id_or_name 00000001800330a0 f   sfc_debug:sfcdebug.obj
 0001:000321f0       sf_debug_get_chart_number_from_id 00000001800331f0 f   sfc_debug:sfcdebug.obj
 0001:00032f90       sf_debug_transfer_control_to_debugger_GUI 0000000180033f90 f   sfc_debug:sfcdebug.obj
 0001:00033f20       sf_debug_scripts_rehash    0000000180034f20 f   sfc_debug:sfcdebug.obj
 0001:00034160       sf_debug_get_script_line_count 0000000180035160 f   sfc_debug:sfcdebug.obj
 0001:00034a90       cv_eml_state_cvId          0000000180035a90 f   sfc_debug:sfcdebug.obj
 0001:00034b00       cv_eml_trans_cvId          0000000180035b00 f   sfc_debug:sfcdebug.obj
 0001:00035e90       sf_debug_data_array_bounds_error 0000000180036e90 f   sfc_debug:sfcdebug.obj
 0001:000362c0       eml_debug_runtime_error_doclink 00000001800372c0 f   sfc_debug:sfcdebug.obj
 0001:00036420       sf_debug_runtime_error     0000000180037420 f   sfc_debug:sfcdebug.obj
 0001:00036490       sf_debug_matlab_error      0000000180037490 f   sfc_debug:sfcdebug.obj
 0001:00036dd0       sf_debug_data_value_error  0000000180037dd0 f   sfc_debug:sfcdebug.obj
 0001:000376d0       sf_debug_data_loss_error   00000001800386d0 f   sfc_debug:sfcdebug.obj
 0001:00038660       call_cv_range_check        0000000180039660 f   sfc_debug:sfcdebug.obj
 0001:00038e30       sf_debug_invoke_cycle_detection_code 0000000180039e30 f   sfc_debug:sfcdebug.obj
 0001:00039cb0       sf_reset_debug_info_struct 000000018003acb0 f   sfc_debug:sfcdebug.obj
 0001:0003a510       cv_script_cvId             000000018003b510 f   sfc_debug:sfcdebug.obj
 0001:0003b270       sfc_api_chart_visible      000000018003c270 f   sfc_debug:sfc_api.obj
 0001:0003b2f0       sfc_api_active_instance    000000018003c2f0 f   sfc_debug:sfc_api.obj
 0001:0003b370       sfc_api_machine_load       000000018003c370 f   sfc_debug:sfc_api.obj
 0001:0003b440       sfc_api_debugger_alive     000000018003c440 f   sfc_debug:sfc_api.obj
 0001:0003b450       sfc_api_go                 000000018003c450 f   sfc_debug:sfc_api.obj
 0001:0003b460       sfc_api_step_over          000000018003c460 f   sfc_debug:sfc_api.obj
 0001:0003b470       sfc_api_step_out           000000018003c470 f   sfc_debug:sfc_api.obj
 0001:0003b480       sfc_api_resume             000000018003c480 f   sfc_debug:sfc_api.obj
 0001:0003b490       sfc_api_break              000000018003c490 f   sfc_debug:sfc_api.obj
 0001:0003b4a0       sfc_api_stop_debugging     000000018003c4a0 f   sfc_debug:sfc_api.obj
 0001:0003b4f0       sfc_api_is_cycle_detected  000000018003c4f0 f   sfc_debug:sfc_api.obj
 0001:0003b540       sfc_api_is_array_bounds_detected 000000018003c540 f   sfc_debug:sfc_api.obj
 0001:0003b590       sfc_api_set_disable_all_breakpoints 000000018003c590 f   sfc_debug:sfc_api.obj
 0001:0003b600       sfc_api_disable_all_breakpoints_and_go 000000018003c600 f   sfc_debug:sfc_api.obj
 0001:0003b610       sfc_api_close              000000018003c610 f   sfc_debug:sfc_api.obj
 0001:0003b620       sfc_api_browse_data        000000018003c620 f   sfc_debug:sfc_api.obj
 0001:0003b690       sfc_api_watch_data         000000018003c690 f   sfc_debug:sfc_api.obj
 0001:0003b790       sfc_api_extract_message_post_receive_info 000000018003c790 f   sfc_debug:sfc_api.obj
 0001:0003b7b0       sfc_api_assign_data        000000018003c7b0 f   sfc_debug:sfc_api.obj
 0001:0003b850       sfc_api_whos               000000018003c850 f   sfc_debug:sfc_api.obj
 0001:0003b8e0       sfc_api_get_consistency_info 000000018003c8e0 f   sfc_debug:sfc_api.obj
 0001:0003b8f0       sfc_api_browse_trace       000000018003c8f0 f   sfc_debug:sfc_api.obj
 0001:0003b900       sfc_api_break_on_chart_entry 000000018003c900 f   sfc_debug:sfc_api.obj
 0001:0003b920       sfc_api_break_on_event_broadcast 000000018003c920 f   sfc_debug:sfc_api.obj
 0001:0003b940       sfc_api_break_on_state_entry 000000018003c940 f   sfc_debug:sfc_api.obj
 0001:0003b960       sfc_api_set_watch          000000018003c960 f   sfc_debug:sfc_api.obj
 0001:0003ba00       sfc_api_set_breakpoints    000000018003ca00 f   sfc_debug:sfc_api.obj
 0001:0003baa0       sfc_api_set_eml_breakpoints 000000018003caa0 f   sfc_debug:sfc_api.obj
 0001:0003bb20       sfc_api_set_script_breakpoints 000000018003cb20 f   sfc_debug:sfc_api.obj
 0001:0003bb70       sfc_api_add_script_breakpoints 000000018003cb70 f   sfc_debug:sfc_api.obj
 0001:0003bbc0       sfc_api_clear_script_breakpoints 000000018003cbc0 f   sfc_debug:sfc_api.obj
 0001:0003bc10       sfc_api_query_script_breakpoints 000000018003cc10 f   sfc_debug:sfc_api.obj
 0001:0003bc70       sfc_api_get_script_id      000000018003cc70 f   sfc_debug:sfc_api.obj
 0001:0003bd30       sfc_api_get_active_states  000000018003cd30 f   sfc_debug:sfc_api.obj
 0001:0003bdb0       sfc_api_break_between_times 000000018003cdb0 f   sfc_debug:sfc_api.obj
 0001:0003be10       sfc_api_get_instance_handle 000000018003ce10 f   sfc_debug:sfc_api.obj
 0001:0003bec0       sfc_api_set_animation      000000018003cec0 f   sfc_debug:sfc_api.obj
 0001:0003bf10       sfc_api_select_chart       000000018003cf10 f   sfc_debug:sfc_api.obj
 0001:0003bf70       sfc_api_select_charts      000000018003cf70 f   sfc_debug:sfc_api.obj
 0001:0003bfa0       sfc_api_cycle_detection_check 000000018003cfa0 f   sfc_debug:sfc_api.obj
 0001:0003bff0       sfc_api_data_range_check   000000018003cff0 f   sfc_debug:sfc_api.obj
 0001:0003c040       sfc_api_transition_conflict_check 000000018003d040 f   sfc_debug:sfc_api.obj
 0001:0003c090       sfc_api_state_consistency_check 000000018003d090 f   sfc_debug:sfc_api.obj
 0001:0003c0e0       sfc_api_set_instance_cv_ids 000000018003d0e0 f   sfc_debug:sfc_api.obj
 0001:0003c1f0       sfc_api_set_script_cv_ids  000000018003d1f0 f   sfc_debug:sfc_api.obj
 0001:0003c2a0       sfc_api_get_current_machine_id 000000018003d2a0 f   sfc_debug:sfc_api.obj
 0001:0003c2d0       sfc_api_get_current_machine_number 000000018003d2d0 f   sfc_debug:sfc_api.obj
 0001:0003c300       sfc_api_get_current_chart_number 000000018003d300 f   sfc_debug:sfc_api.obj
 0001:0003c330       sfc_api_get_current_instance_number 000000018003d330 f   sfc_debug:sfc_api.obj
 0001:0003c360       sfc_api_get_current_instance_handle 000000018003d360 f   sfc_debug:sfc_api.obj
 0001:0003c380       sfc_api_get_current_is_minor_time_step 000000018003d380 f   sfc_debug:sfc_api.obj
 0001:0003c3b0       sfc_api_get_current_machine_name 000000018003d3b0 f   sfc_debug:sfc_api.obj
 0001:0003c3d0       sfc_api_get_current_chart_id 000000018003d3d0 f   sfc_debug:sfc_api.obj
 0001:0003c400       sfc_api_get_current_object_type 000000018003d400 f   sfc_debug:sfc_api.obj
 0001:0003c430       sfc_api_get_current_event_type 000000018003d430 f   sfc_debug:sfc_api.obj
 0001:0003c460       sfc_api_get_current_object_id 000000018003d460 f   sfc_debug:sfc_api.obj
 0001:0003c490       sfc_get_current_active_event_type 000000018003d490 f   sfc_debug:sfc_api.obj
 0001:0003c4c0       sfc_api_get_current_active_event_id 000000018003d4c0 f   sfc_debug:sfc_api.obj
 0001:0003c4f0       sfc_api_get_current_simulation_time 000000018003d4f0 f   sfc_debug:sfc_api.obj
 0001:0003c510       sfc_get_current_tag_type   000000018003d510 f   sfc_debug:sfc_api.obj
 0001:0003c540       sfc_get_current_coverage_percentage 000000018003d540 f   sfc_debug:sfc_api.obj
 0001:0003c560       sfc_get_current_statement_context 000000018003d560 f   sfc_debug:sfc_api.obj
 0001:0003c580       sfc_get_current_optional_integer 000000018003d580 f   sfc_debug:sfc_api.obj
 0001:0003c5b0       sfc_get_current_statement_info 000000018003d5b0 f   sfc_debug:sfc_api.obj
 0001:0003c650       sfc_api_get                000000018003d650 f   sfc_debug:sfc_api.obj
 0001:0003d2c0       sf_debug_sm_fill_state_activity_data 000000018003e2c0 f   sfc_debug:sfdb_animation.obj
 0001:0003fbc0       void_ptr_stack_vector_free_total 0000000180040bc0 f   sfc_debug:sfdb_data_browse.obj
 0001:0003fc50       sf_debug_st_terminate_machine 0000000180040c50 f   sfc_debug:sfdb_data_browse.obj
 0001:0003fc90       sf_debug_st_terminate_instance 0000000180040c90 f   sfc_debug:sfdb_data_browse.obj
 0001:00040040       push_on_to_void_ptr_stack  0000000180041040 f   sfc_debug:sfdb_data_browse.obj
 0001:000401d0       pop_from_void_ptr_stack    00000001800411d0 f   sfc_debug:sfdb_data_browse.obj
 0001:00040300       sf_debug_st_get_data_value 0000000180041300 f   sfc_debug:sfdb_data_browse.obj
 0001:00040890       mx_value                   0000000180041890 f   sfc_debug:sfdb_data_browse.obj
 0001:000408d0       sf_debug_st_fill_data_struct 00000001800418d0 f   sfc_debug:sfdb_data_browse.obj
 0001:00040c10       data_type_format_strings   0000000180041c10 f   sfc_debug:sfdb_data_browse.obj
 0001:00040cc0       sf_debug_st_fill_data      0000000180041cc0 f   sfc_debug:sfdb_data_browse.obj
 0001:00041a10       sf_debug_hm_get_simulink_handle 0000000180042a10 f   sfc_debug:sfdb_handle_management.obj
 0001:00042510       sf_debug_hm_initialize_globals 0000000180043510 f   sfc_debug:sfdb_handle_management.obj
 0001:00042610       sf_debug_hm_get_machine_debug_flag 0000000180043610 f   sfc_debug:sfdb_handle_management.obj
 0001:00042780       sf_debug_hm_get_machine_id 0000000180043780 f   sfc_debug:sfdb_handle_management.obj
 0001:000428a0       sf_debug_hm_get_chart_id   00000001800438a0 f   sfc_debug:sfdb_handle_management.obj
 0001:00042a40       sf_debug_hm_register_executing_SFunction 0000000180043a40 f   sfc_debug:sfdb_handle_management.obj
 0001:00042dd0       sf_debug_hm_form_object_boolean_properties 0000000180043dd0 f   sfc_debug:sfdb_handle_management.obj
 0001:000430a0       sf_debug_hm_form_object_properties 00000001800440a0 f   sfc_debug:sfdb_handle_management.obj
 0001:000432e0       sf_debug_hm_terminate_charts 00000001800442e0 f   sfc_debug:sfdb_handle_management.obj
 0001:00043a40       sf_debug_hm_terminate_machines 0000000180044a40 f   sfc_debug:sfdb_handle_management.obj
 0001:00045640       sf_debug_ss_copy_dimension 0000000180046640 f   sfc_debug:sfdb_symbol_scope.obj
 0001:00045700       sf_debug_ss_get_number_elements 0000000180046700 f   sfc_debug:sfdb_symbol_scope.obj
 0001:00045720       sf_debug_ss_fill_data_struct 0000000180046720 f   sfc_debug:sfdb_symbol_scope.obj
 0001:00045a70       sf_debug_ss_reset_data_info 0000000180046a70 f   sfc_debug:sfdb_symbol_scope.obj
 0001:00045ad0       sf_debug_fill_data_info_by_symbol_scope_entry 0000000180046ad0 f   sfc_debug:sfdb_symbol_scope.obj
 0001:00045b90       sf_debug_fill_data_info_by_data_vector 0000000180046b90 f   sfc_debug:sfdb_symbol_scope.obj
 0001:00045de0       get_data_info_helper       0000000180046de0 f   sfc_debug:sfdb_symbol_scope.obj
 0001:00045ee0       sf_debug_ss_get_data_info  0000000180046ee0 f   sfc_debug:sfdb_symbol_scope.obj
 0001:00046110       sf_debug_select_mex_function 0000000180047110 f   sfc_debug:sfdb_symbol_scope.obj
 0001:00046140       sf_debug_is_dyn_matrix_initialized 0000000180047140 f   sfc_debug:sfdb_symbol_scope.obj
 0001:00046160       sf_debug_ss_set_data_value_try 0000000180047160 f   sfc_debug:sfdb_symbol_scope.obj
 0001:00046330       sf_debug_ss_get_data_value 0000000180047330 f   sfc_debug:sfdb_symbol_scope.obj
 0001:00046aa0       sf_debug_ss_data_bytes_string 0000000180047aa0 f   sfc_debug:sfdb_symbol_scope.obj
 0001:00046b50       sf_debug_ss_data_class_string 0000000180047b50 f   sfc_debug:sfdb_symbol_scope.obj
 0001:00046ee0       sf_debug_ss_data_size_string 0000000180047ee0 f   sfc_debug:sfdb_symbol_scope.obj
 0001:00046fc0       sf_debug_ss_data_create_data_info_struct 0000000180047fc0 f   sfc_debug:sfdb_symbol_scope.obj
 0001:00047290       sf_debug_ss_data_create_name_value_pair 0000000180048290 f   sfc_debug:sfdb_symbol_scope.obj
 0001:00047330       sf_debug_ss_data_get_whos_info 0000000180048330 f   sfc_debug:sfdb_symbol_scope.obj
 0001:00047340       same_named_data_in_data_array 0000000180048340 f   sfc_debug:sfdb_symbol_scope.obj
 0001:00048bd0       sf_debug_cc_terminate_chart 0000000180049bd0 f   sfc_debug:sfdb_coverage.obj
 0001:00048f70       sf_debug_cc_terminate_instance 0000000180049f70 f   sfc_debug:sfdb_coverage.obj
 0001:00049b60       sf_debug_cc_mark_object_if_needed 000000018004ab60 f   sfc_debug:sfdb_coverage.obj
 0001:0004a460       sf_debug_bm_initialize_eml 000000018004b460 f   sfc_debug:sfdb_breakpoints.obj
 0001:0004b5a0       sf_debug_bm_map_debug_tag_to_breakpoint_tag 000000018004c5a0 f   sfc_debug:sfdb_breakpoints.obj
 0001:0004b680       sf_debug_bm_is_a_eml_breakpoint_impl 000000018004c680 f   sfc_debug:sfdb_breakpoints.obj
 0001:0004d1c0       sf_debug_sc_push_on_error_stack 000000018004e1c0 f   sfc_debug:sfdb_state_consistency.obj
 0001:0004d2f0       sf_debug_sc_reset_error_stack 000000018004e2f0 f   sfc_debug:sfdb_state_consistency.obj
 0001:0004d480       sf_debug_sc_is_state_inconsistent 000000018004e480 f   sfc_debug:sfdb_state_consistency.obj
 0001:0004d780       sf_debug_sc_fill_consistency_info 000000018004e780 f   sfc_debug:sfdb_state_consistency.obj
 0001:0004dd60       void_assertion_fcn         000000018004ed60 f   sfc_debug:sfdb_call_stack.obj
 0001:0004e2e0       sf_debug_tm_fill_local_trace 000000018004f2e0 f   sfc_debug:sfdb_call_stack.obj
 0001:0004e8b0       sf_debug_cd_terminate_instance 000000018004f8b0 f   sfc_debug:sfdb_cycle_detection.obj
 0001:0004e910       sf_debug_cd_free_checksum_stack 000000018004f910 f   sfc_debug:sfdb_cycle_detection.obj
 0001:0004e960       sf_debug_cd_reset_pack_strings 000000018004f960 f   sfc_debug:sfdb_cycle_detection.obj
 0001:0004f020       md5file_clear              0000000180050020 f   sfc_debug:ckmd5.obj
 0001:0004f050       Encode                     0000000180050050 f   sfc_debug:ckmd5.obj
 0001:0004f0a0       Decode                     00000001800500a0 f   sfc_debug:ckmd5.obj
 0001:0004f140       MD5Transform               0000000180050140 f   sfc_debug:ckmd5.obj
 0001:0004f990       md5file_addn               0000000180050990 f   sfc_debug:ckmd5.obj
 0001:0004fa60       md5file_hash               0000000180050a60 f   sfc_debug:ckmd5.obj
 0001:0004ff48       pre_c_init                 0000000180050f48 f   MSVCRT:crtdll.obj
 0001:00050204       __DllMainCRTStartup        0000000180051204 f   MSVCRT:crtdll.obj
 0001:00050910       __DllMainCRTStartup$filt$0 0000000180051910 f   MSVCRT:crtdll.obj
 0001:00050940       __DllMainCRTStartup$fin$1  0000000180051940 f   MSVCRT:crtdll.obj
 0001:0005095a       _onexit$fin$0              000000018005195a f   MSVCRT:atonexit.obj
 0001:00050980       _IsNonwritableInCurrentImage$filt$0 0000000180051980 f   MSVCRT:pesect.obj
