 model2_sfun

 Timestamp is 5a01fc42 (Tue Nov 07 12:32:34 2017)

 Preferred load address is 0000000180000000

 Start         Length     Name                   Class
 0001:00000000 0004cad4H .text                   CODE
 0001:0004cae0 00000092H .text$x                 CODE
 0002:00000000 000004b0H .idata$5                DATA
 0002:000004b0 00000008H .CRT$XCA                DATA
 0002:000004b8 00000008H .CRT$XCZ                DATA
 0002:000004c0 00000008H .CRT$XIA                DATA
 0002:000004c8 00000008H .CRT$XIAA               DATA
 0002:000004d0 00000008H .CRT$XIZ                DATA
 0002:000004e0 00004c1cH .rdata                  DATA
 0002:00005100 00000008H .rtc$IAA                DATA
 0002:00005108 00000008H .rtc$IZZ                DATA
 0002:00005110 00000008H .rtc$TAA                DATA
 0002:00005118 00000008H .rtc$TZZ                DATA
 0002:00005120 00004584H .xdata                  DATA
 0002:000096a4 000000a0H .idata$2                DATA
 0002:00009744 00000014H .idata$3                DATA
 0002:00009758 000004b0H .idata$4                DATA
 0002:00009c08 00000aecH .idata$6                DATA
 0002:0000a700 00000051H .edata                  DATA
 0003:00000000 00007368H .data                   DATA
 0003:00007380 00002718H .bss                    DATA
 0004:00000000 00003834H .pdata                  DATA

  Address         Publics by Value              Rva+Base               Lib:Object

 0000:00000000       ___safe_se_handler_table   0000000000000000     <absolute>
 0000:00000000       ___safe_se_handler_count   0000000000000000     <absolute>
 0000:00000000       __ImageBase                0000000180000000     <linker-defined>
 0001:00000000       sf_c1_model2_get_eml_resolved_functions_info 0000000180001000 f   c1_model2.obj
 0001:00000fc0       sf_c1_model2_get_check_sum 0000000180001fc0 f   c1_model2.obj
 0001:00001040       sf_c1_model2_get_autoinheritance_info 0000000180002040 f   c1_model2.obj
 0001:000012e0       sf_internal_get_sim_state_c1_model2 00000001800022e0 f   c1_model2.obj
 0001:000015a0       sf_internal_set_sim_state_c1_model2 00000001800025a0 f   c1_model2.obj
 0001:00001870       sf_c1_model2_get_testpoint_info 0000000180002870 f   c1_model2.obj
 0001:000018b0       c1_model2_method_dispatcher 00000001800028b0 f   c1_model2.obj
 0001:000064f0       sf_c2_model2_get_eml_resolved_functions_info 00000001800074f0 f   c2_model2.obj
 0001:00006b80       sf_c2_model2_get_check_sum 0000000180007b80 f   c2_model2.obj
 0001:00006c00       sf_c2_model2_get_autoinheritance_info 0000000180007c00 f   c2_model2.obj
 0001:00007530       sf_internal_get_sim_state_c2_model2 0000000180008530 f   c2_model2.obj
 0001:000078a0       sf_internal_set_sim_state_c2_model2 00000001800088a0 f   c2_model2.obj
 0001:00007cc0       sf_c2_model2_get_testpoint_info 0000000180008cc0 f   c2_model2.obj
 0001:00007d00       c2_model2_method_dispatcher 0000000180008d00 f   c2_model2.obj
 0001:0000b8a0       sf_c3_model2_get_eml_resolved_functions_info 000000018000c8a0 f   c3_model2.obj
 0001:0000cd00       sf_c3_model2_get_check_sum 000000018000dd00 f   c3_model2.obj
 0001:0000cd80       sf_c3_model2_get_autoinheritance_info 000000018000dd80 f   c3_model2.obj
 0001:0000d2f0       sf_internal_get_sim_state_c3_model2 000000018000e2f0 f   c3_model2.obj
 0001:0000d6c0       sf_internal_set_sim_state_c3_model2 000000018000e6c0 f   c3_model2.obj
 0001:0000dbc0       sf_c3_model2_get_testpoint_info 000000018000ebc0 f   c3_model2.obj
 0001:0000dc00       c3_model2_method_dispatcher 000000018000ec00 f   c3_model2.obj
 0001:00012780       sf_c4_model2_get_eml_resolved_functions_info 0000000180013780 f   c4_model2.obj
 0001:00012800       sf_c4_model2_get_check_sum 0000000180013800 f   c4_model2.obj
 0001:00012880       sf_c4_model2_get_autoinheritance_info 0000000180013880 f   c4_model2.obj
 0001:00012df0       sf_internal_get_sim_state_c4_model2 0000000180013df0 f   c4_model2.obj
 0001:00013220       sf_internal_set_sim_state_c4_model2 0000000180014220 f   c4_model2.obj
 0001:00013690       sf_c4_model2_get_testpoint_info 0000000180014690 f   c4_model2.obj
 0001:000136d0       c4_model2_method_dispatcher 00000001800146d0 f   c4_model2.obj
 0001:00015400       sf_c5_model2_get_eml_resolved_functions_info 0000000180016400 f   c5_model2.obj
 0001:00015f50       sf_c5_model2_get_check_sum 0000000180016f50 f   c5_model2.obj
 0001:00015fd0       sf_c5_model2_get_autoinheritance_info 0000000180016fd0 f   c5_model2.obj
 0001:00016bb0       sf_internal_get_sim_state_c5_model2 0000000180017bb0 f   c5_model2.obj
 0001:00017160       sf_internal_set_sim_state_c5_model2 0000000180018160 f   c5_model2.obj
 0001:00017670       sf_c5_model2_get_testpoint_info 0000000180018670 f   c5_model2.obj
 0001:000176b0       c5_model2_method_dispatcher 00000001800186b0 f   c5_model2.obj
 0001:00019f60       sf_process_check_sum_call  000000018001af60 f   model2_sfun_registry.obj
 0001:00019fb0       sf_process_testpoint_info_call 000000018001afb0 f   model2_sfun_registry.obj
 0001:0001a000       sf_process_autoinheritance_call 000000018001b000 f   model2_sfun_registry.obj
 0001:0001a1a0       sf_process_get_eml_resolved_functions_info_call 000000018001b1a0 f   model2_sfun_registry.obj
 0001:0001a320       sf_mex_unlock_call         000000018001b320 f   model2_sfun_registry.obj
 0001:0001a3d0       sf_machine_global_initializer_called 000000018001b3d0 f   model2_sfun_registry.obj
 0001:0001a400       sf_machine_global_method_dispatcher 000000018001b400 f   model2_sfun_registry.obj
 0001:0001a460       sf_machine_global_terminator 000000018001b460 f   model2_sfun_registry.obj
 0001:0001a4a0       sf_register_machine_exported_symbols 000000018001b4a0 f   model2_sfun_registry.obj
 0001:0001a4c0       callCustomFcn              000000018001b4c0 f   model2_sfun_registry.obj
 0001:0001a4d0       sf_machine_global_initializer 000000018001b4d0 f   model2_sfun_registry.obj
 0001:0001a540       _ssSetStateAbsTol          000000018001b540 f   model2_sfun_registry.obj
 0001:0001a620       _ssGetAbsTol               000000018001b620 f   model2_sfun_registry.obj
 0001:0001a690       _ssSetInputPortMatrixDimensions 000000018001b690 f   model2_sfun_registry.obj
 0001:0001a7a0       _ssSetOutputPortMatrixDimensions 000000018001b7a0 f   model2_sfun_registry.obj
 0001:0001a8b0       _ssSetInputPortVectorDimension 000000018001b8b0 f   model2_sfun_registry.obj
 0001:0001a980       _ssSetOutputPortVectorDimension 000000018001b980 f   model2_sfun_registry.obj
 0001:0001aa50       ssIsRunTimeParamTunable    000000018001ba50 f   model2_sfun_registry.obj
 0001:0001aac0       ssGetSFuncBlockHandle      000000018001bac0 f   model2_sfun_registry.obj
 0001:0001ab30       _ssGetCurrentInputPortWidth 000000018001bb30 f   model2_sfun_registry.obj
 0001:0001ac50       _ssGetCurrentOutputPortWidth 000000018001bc50 f   model2_sfun_registry.obj
 0001:0001ad70       _ssGetCallSystemNumFcnCallDestinations 000000018001bd70 f   model2_sfun_registry.obj
 0001:0001ade0       ssWarning                  000000018001bde0 f   model2_sfun_registry.obj
 0001:0001aef0       ssGetIsZeroCrossControlDisabled 000000018001bef0 f   model2_sfun_registry.obj
 0001:0001af60       ssSetIsInputPortUsedForContZcSignal 000000018001bf60 f   model2_sfun_registry.obj
 0001:0001afd0       ssSetZcSignalIsZcElementDisc 000000018001bfd0 f   model2_sfun_registry.obj
 0001:0001b080       ssSetZcSignalName          000000018001c080 f   model2_sfun_registry.obj
 0001:0001b0f0       ssSetZcSignalWidth         000000018001c0f0 f   model2_sfun_registry.obj
 0001:0001b160       ssSetZcSignalZcEventType   000000018001c160 f   model2_sfun_registry.obj
 0001:0001b1d0       ssSetZcSignalType          000000018001c1d0 f   model2_sfun_registry.obj
 0001:0001b240       ssSetZcSignalZcTol         000000018001c240 f   model2_sfun_registry.obj
 0001:0001b2b0       ssSetZcSignalNeedsEventNotification 000000018001c2b0 f   model2_sfun_registry.obj
 0001:0001b320       ssCreateAndAddZcSignalInfo 000000018001c320 f   model2_sfun_registry.obj
 0001:0001b390       ssCloneAndAddZcSignalInfo  000000018001c390 f   model2_sfun_registry.obj
 0001:0001b400       ssGetNumZcSignals          000000018001c400 f   model2_sfun_registry.obj
 0001:0001b470       ssGetZcSignalVector        000000018001c470 f   model2_sfun_registry.obj
 0001:0001b4e0       ssGetZcSignalZcEvents      000000018001c4e0 f   model2_sfun_registry.obj
 0001:0001b550       ssGetZcSignalName          000000018001c550 f   model2_sfun_registry.obj
 0001:0001b5c0       ssGetZcSignalWidth         000000018001c5c0 f   model2_sfun_registry.obj
 0001:0001b630       ssGetZcSignalZcEventType   000000018001c630 f   model2_sfun_registry.obj
 0001:0001b6a0       ssGetZcSignalType          000000018001c6a0 f   model2_sfun_registry.obj
 0001:0001b710       ssGetZcSignalZcTol         000000018001c710 f   model2_sfun_registry.obj
 0001:0001b790       ssGetZcSignalNeedsEventNotification 000000018001c790 f   model2_sfun_registry.obj
 0001:0001b800       ssGetZcSignalIsZcElementDisc 000000018001c800 f   model2_sfun_registry.obj
 0001:0001b8a0       ssGetIsInputPortElementContinuous 000000018001c8a0 f   model2_sfun_registry.obj
 0001:0001b940       _ssGetInputPortSignalPtrsFcn 000000018001c940 f   model2_sfun_registry.obj
 0001:0001bc00       _ssGetInputPortSignalFcn   000000018001cc00 f   model2_sfun_registry.obj
 0001:0001be20       _ssSetInputPortDirectFeedThroughFcn 000000018001ce20 f   model2_sfun_registry.obj
 0001:0001bf80       _ssSetInputPortReusableFcn 000000018001cf80 f   model2_sfun_registry.obj
 0001:0001c070       _ssSetOutputPortReusableFcn 000000018001d070 f   model2_sfun_registry.obj
 0001:0001c150       ssGetDTypeIdFromMxArray    000000018001d150 f   model2_sfun_registry.obj
 0001:0001c270       ssWriteRTWStr              000000018001d270 f   model2_sfun_registry.obj
 0001:0001c2d0       ssWriteRTWMxVectParam      000000018001d2d0 f   model2_sfun_registry.obj
 0001:0001c330       ssWriteRTWMx2dMatParam     000000018001d330 f   model2_sfun_registry.obj
 0001:0001c3b0       ssWriteRTWNameValuePair    000000018001d3b0 f   model2_sfun_registry.obj
 0001:0001c8a0       ssWriteRTWParameters       000000018001d8a0 f   model2_sfun_registry.obj
 0001:0001cea0       ssWriteRTWParamSettings    000000018001dea0 f   model2_sfun_registry.obj
 0001:0001d570       ssWriteRTWWorkVect         000000018001e570 f   model2_sfun_registry.obj
 0001:0001da70       mexFunction                000000018001ea70 f   model2_sfun_registry.obj
 0001:0001f750       ProcessMexSfunctionEveryCall 0000000180020750 f   model2_sfun_registry.obj
 0001:0001f8c0       model2_initializer         00000001800208c0 f   model2_sfun.obj
 0001:0001f8d0       model2_terminator          00000001800208d0 f   model2_sfun.obj
 0001:0001f8e0       sf_model2_method_dispatcher 00000001800208e0 f   model2_sfun.obj
 0001:0001f9b0       sf_model2_process_testpoint_info_call 00000001800209b0 f   model2_sfun.obj
 0001:0001fba0       sf_model2_process_check_sum_call 0000000180020ba0 f   model2_sfun.obj
 0001:00020000       sf_model2_autoinheritance_info 0000000180021000 f   model2_sfun.obj
 0001:000202b0       sf_model2_get_eml_resolved_functions_info 00000001800212b0 f   model2_sfun.obj
 0001:000204f0       model2_debug_initialize    00000001800214f0 f   model2_sfun.obj
 0001:00020560       model2_register_exported_symbols 0000000180021560 f   model2_sfun.obj
 0001:00020570       load_model2_optimization_info 0000000180021570 f   model2_sfun.obj
 0001:000205c0       unload_model2_optimization_info 00000001800215c0 f   model2_sfun.obj
 0001:000206e0       sf_mex_mx_is_numeric       00000001800216e0 f   sfc_mex:sfc_mex.obj
 0001:00020720       strcmp_ignore_ws           0000000180021720 f   sfc_mex:sfc_mex.obj
 0001:00020860       sf_mex_duplicatearraysafe  0000000180021860 f   sfc_mex:sfc_mex.obj
 0001:000209c0       sf_set_error_debugger_context_message_fcn 00000001800219c0 f   sfc_mex:sfc_mex.obj
 0001:000209d0       sf_set_debugger_matlab_error_fcn 00000001800219d0 f   sfc_mex:sfc_mex.obj
 0001:00020a00       sf_set_error_prefix_string 0000000180021a00 f   sfc_mex:sfc_mex.obj
 0001:00020a30       sf_get_error_prefix_string 0000000180021a30 f   sfc_mex:sfc_mex.obj
 0001:00020a40       sf_mex_enter_parallel_region 0000000180021a40 f   sfc_mex:sfc_mex.obj
 0001:00020a50       sf_mex_exit_parallel_region 0000000180021a50 f   sfc_mex:sfc_mex.obj
 0001:00020a60       sf_get_current_jmp_buf_ptr 0000000180021a60 f   sfc_mex:sfc_mex.obj
 0001:00020a70       sf_set_current_jmp_buf_ptr 0000000180021a70 f   sfc_mex:sfc_mex.obj
 0001:00020a80       sf_mex_set_halt_simulation 0000000180021a80 f   sfc_mex:sfc_mex.obj
 0001:00020a90       sf_mex_get_halt_simulation 0000000180021a90 f   sfc_mex:sfc_mex.obj
 0001:00020aa0       sf_mex_clear_error_message 0000000180021aa0 f   sfc_mex:sfc_mex.obj
 0001:00020ac0       sf_mex_get_error_message_for_read 0000000180021ac0 f   sfc_mex:sfc_mex.obj
 0001:00020ad0       sf_mex_get_error_message_buffer_length 0000000180021ad0 f   sfc_mex:sfc_mex.obj
 0001:00020bb0       sf_mex_warning_message     0000000180021bb0 f   sfc_mex:sfc_mex.obj
 0001:00020c20       sf_mex_v_errbuf_createf    0000000180021c20 f   sfc_mex:sfc_mex.obj
 0001:00020c30       sf_mex_errbuf_createf      0000000180021c30 f   sfc_mex:sfc_mex.obj
 0001:00020c60       sf_mex_v_errbuf_catf       0000000180021c60 f   sfc_mex:sfc_mex.obj
 0001:00020ca0       sf_mex_errbuf_catf         0000000180021ca0 f   sfc_mex:sfc_mex.obj
 0001:00020cf0       sf_mex_errbuf_copy         0000000180021cf0 f   sfc_mex:sfc_mex.obj
 0001:00020d00       sf_mex_errbuf_clear        0000000180021d00 f   sfc_mex:sfc_mex.obj
 0001:00020d10       sf_mex_errbuf_isempty      0000000180021d10 f   sfc_mex:sfc_mex.obj
 0001:00020e20       sf_mex_set_error_status    0000000180021e20 f   sfc_mex:sfc_mex.obj
 0001:00020e70       sf_mex_error_direct_call   0000000180021e70 f   sfc_mex:sfc_mex.obj
 0001:00020e90       sf_mex_error_message_no_long_jump 0000000180021e90 f   sfc_mex:sfc_mex.obj
 0001:00020eb0       sf_mex_long_jump_on_error  0000000180021eb0 f   sfc_mex:sfc_mex.obj
 0001:00020ee0       sf_mex_call_matlab         0000000180021ee0 f   sfc_mex:sfc_mex.obj
 0001:00021000       sf_mex_check_builtin       0000000180022000 f   sfc_mex:sfc_mex.obj
 0001:000210a0       sf_mex_check_builtin_vs    00000001800220a0 f   sfc_mex:sfc_mex.obj
 0001:00021160       sf_mex_check_enum          0000000180022160 f   sfc_mex:sfc_mex.obj
 0001:000211e0       sf_mex_create_enum         00000001800221e0 f   sfc_mex:sfc_mex.obj
 0001:00021250       sf_mex_get_enum_element    0000000180022250 f   sfc_mex:sfc_mex.obj
 0001:00021260       sf_mex_createcellarray     0000000180022260 f   sfc_mex:sfc_mex.obj
 0001:00021270       sf_mex_setcell             0000000180022270 f   sfc_mex:sfc_mex.obj
 0001:00021280       sf_mex_getcell             0000000180022280 f   sfc_mex:sfc_mex.obj
 0001:00021290       sf_mex_dup                 0000000180022290 f   sfc_mex:sfc_mex.obj
 0001:000212b0       sf_mex_assign              00000001800222b0 f   sfc_mex:sfc_mex.obj
 0001:00021330       sf_mex_destroy             0000000180022330 f   sfc_mex:sfc_mex.obj
 0001:00021360       mx_array_has_fi_type       0000000180022360 f   sfc_mex:sfc_mex.obj
 0001:00021390       sf_mex_convert_from_fi     0000000180022390 f   sfc_mex:sfc_mex.obj
 0001:000214c0       sf_mex_convert_to_double   00000001800224c0 f   sfc_mex:sfc_mex.obj
 0001:000215e0       sf_mex_import_fi_vs        00000001800225e0 f   sfc_mex:sfc_mex.obj
 0001:000217a0       sf_matrix_matrix_index_ok  00000001800227a0 f   sfc_mex:sfc_mex.obj
 0001:00021830       sf_vector_vector_index_ok  0000000180022830 f   sfc_mex:sfc_mex.obj
 0001:00021860       ssGetCurrentInputPortDimensions_wrapper 0000000180022860 f   sfc_mex:sfc_mex.obj
 0001:00021880       ssGetCurrentOutputPortDimensions_wrapper 0000000180022880 f   sfc_mex:sfc_mex.obj
 0001:000218a0       sf_mex_emlrt_context_is_debug_mode 00000001800228a0 f   sfc_mex:sfc_mex.obj
 0001:000218b0       sf_mex_emlrt_context_set_debug_mode 00000001800228b0 f   sfc_mex:sfc_mex.obj
 0001:000218c0       sf_mex_emlrtNameCapturePostProcessR2012a 00000001800228c0 f   sfc_mex:sfc_mex.obj
 0001:00021930       sf_clear_error_manager_info 0000000180022930 f   sfc_mex:sfc_mex.obj
 0001:00021990       sf_mex_stop_simulation_abruptly_wo_error 0000000180022990 f   sfc_mex:sfc_mex.obj
 0001:000219d0       sf_mex_error_message       00000001800229d0 f   sfc_mex:sfc_mex.obj
 0001:00021a30       sf_react_to_error_in_matlab_call 0000000180022a30 f   sfc_mex:sfc_mex.obj
 0001:00021a60       sf_mex_addfield            0000000180022a60 f   sfc_mex:sfc_mex.obj
 0001:00021b00       sf_mex_getfield            0000000180022b00 f   sfc_mex:sfc_mex.obj
 0001:00021e00       sf_mex_check_class         0000000180022e00 f   sfc_mex:sfc_mex.obj
 0001:00021ea0       sf_mex_is_real             0000000180022ea0 f   sfc_mex:sfc_mex.obj
 0001:00022310       sf_mex_decode_encoded_mx_struct_array 0000000180023310 f   sfc_mex:sfc_mex.obj
 0001:000225f0       sf_mex_lw_bounds_check     00000001800235f0 f   sfc_mex:sfc_mex.obj
 0001:00022620       sf_mex_lw_size_eq_check_1d 0000000180023620 f   sfc_mex:sfc_mex.obj
 0001:00022640       sf_mex_lw_size_eq_check_nd 0000000180023640 f   sfc_mex:sfc_mex.obj
 0001:00022820       sf_mex_lw_dim_size_eq_check 0000000180023820 f   sfc_mex:sfc_mex.obj
 0001:00022850       sf_mex_lw_dim_size_geq_check 0000000180023850 f   sfc_mex:sfc_mex.obj
 0001:00022880       sf_mex_lw_sub_assign_size_check_nd 0000000180023880 f   sfc_mex:sfc_mex.obj
 0001:00022ab0       sf_mex_lw_runtime_error_msgid 0000000180023ab0 f   sfc_mex:sfc_mex.obj
 0001:00022ba0       sf_mex_lw_matrix_matrix_index_check 0000000180023ba0 f   sfc_mex:sfc_mex.obj
 0001:00022bc0       sf_mex_lw_vector_vector_index_check 0000000180023bc0 f   sfc_mex:sfc_mex.obj
 0001:00022c00       sf_mex_lw_for_loop_vector_check 0000000180023c00 f   sfc_mex:sfc_mex.obj
 0001:00022c90       sf_mex_lw_non_negative_check 0000000180023c90 f   sfc_mex:sfc_mex.obj
 0001:00022cd0       sf_mex_overflow_error      0000000180023cd0 f   sfc_mex:sfc_mex.obj
 0001:00022ce0       sf_mex_dividebyzero_error  0000000180023ce0 f   sfc_mex:sfc_mex.obj
 0001:00022cf0       sf_mex_unsafe_enum_error   0000000180023cf0 f   sfc_mex:sfc_mex.obj
 0001:00022d00       sf_emlrtErrHandler         0000000180023d00 f   sfc_mex:sfc_mex.obj
 0001:00022de0       sf_mex_size_one_check      0000000180023de0 f   sfc_mex:sfc_mex.obj
 0001:00022e00       sf_mex_printf              0000000180023e00 f   sfc_mex:sfc_mex.obj
 0001:00022fd0       sf_mex_check_size          0000000180023fd0 f   sfc_mex:sfc_mex.obj
 0001:000232a0       sf_mex_check_struct        00000001800242a0 f   sfc_mex:sfc_mex.obj
 0001:00023500       sf_mex_check_struct_vs     0000000180024500 f   sfc_mex:sfc_mex.obj
 0001:00023590       sf_mex_check_fi            0000000180024590 f   sfc_mex:sfc_mex.obj
 0001:00023690       sf_mex_check_fi_vs         0000000180024690 f   sfc_mex:sfc_mex.obj
 0001:00023730       sf_echo_expression         0000000180024730 f   sfc_mex:sfc_mex.obj
 0001:00023790       sf_assertion_failed        0000000180024790 f   sfc_mex:sfc_mex.obj
 0001:00023a70       sf_mex_evalin              0000000180024a70 f   sfc_mex:sfc_mex.obj
 0001:00023ce0       sf_mex_export              0000000180024ce0 f   sfc_mex:sfc_mex.obj
 0001:00023da0       sf_mex_get_ml_var_no_error 0000000180024da0 f   sfc_mex:sfc_mex.obj
 0001:00023f40       sf_mex_get_ml_var          0000000180024f40 f   sfc_mex:sfc_mex.obj
 0001:000243e0       ml_set_element_value_in_array 00000001800253e0 f   sfc_mex:sfc_mex.obj
 0001:00025ab0       sf_mex_call_impl           0000000180026ab0 f   sfc_mex:sfc_mex.obj
 0001:00025fe0       sf_mex_call_debug          0000000180026fe0 f   sfc_mex:sfc_mex.obj
 0001:00026010       sf_mex_call                0000000180027010 f   sfc_mex:sfc_mex.obj
 0001:00026660       sf_mex_createstruct        0000000180027660 f   sfc_mex:sfc_mex.obj
 0001:00026750       sf_mex_createstructarray   0000000180027750 f   sfc_mex:sfc_mex.obj
 0001:000267d0       sf_mex_get_mx_datatype_from_sf_datatype 00000001800277d0 f   sfc_mex:sfc_mex.obj
 0001:00026ae0       sf_mex_ml_var_sub          0000000180027ae0 f   sfc_mex:sfc_mex.obj
 0001:00026cb0       sf_mex_ml_var_subsasgn     0000000180027cb0 f   sfc_mex:sfc_mex.obj
 0001:000270a0       sf_mex_sub                 00000001800280a0 f   sfc_mex:sfc_mex.obj
 0001:000272a0       sf_mex_subsasgn            00000001800282a0 f   sfc_mex:sfc_mex.obj
 0001:00027780       sf_mex_create              0000000180028780 f   sfc_mex:sfc_mex.obj
 0001:000281d0       sf_mex_import_named        00000001800291d0 f   sfc_mex:sfc_mex.obj
 0001:00028230       sf_mex_import              0000000180029230 f   sfc_mex:sfc_mex.obj
 0001:00028280       sf_mex_import_vs           0000000180029280 f   sfc_mex:sfc_mex.obj
 0001:00028390       sf_mex_lower_fixpt_mx_array 0000000180029390 f   sfc_mex:sfc_mex.obj
 0001:00028680       sf_send_message_wrapper    0000000180029680 f   sfc_mex:sfc_sf.obj
 0001:000286b0       sf_receive_message_wrapper 00000001800296b0 f   sfc_mex:sfc_sf.obj
 0001:000286f0       sf_check_out_message_wrapper 00000001800296f0 f   sfc_mex:sfc_sf.obj
 0001:00028730       sf_check_in_message_wrapper 0000000180029730 f   sfc_mex:sfc_sf.obj
 0001:00028770       sf_no_message_wrapper      0000000180029770 f   sfc_mex:sfc_sf.obj
 0001:00028b00       sim_mode_is_rtw_gen        0000000180029b00 f   sfc_mex:sfc_sf.obj
 0001:00028b30       sim_mode_is_external       0000000180029b30 f   sfc_mex:sfc_sf.obj
 0001:00028b40       sim_mode_is_modelref_sim   0000000180029b40 f   sfc_mex:sfc_sf.obj
 0001:00028b60       mdlInitializeSizes         0000000180029b60 f   sfc_mex:sfc_sf.obj
 0001:00028b80       mdlInitializeSampleTimes   0000000180029b80 f   sfc_mex:sfc_sf.obj
 0001:00028bc0       mdlZeroCrossings           0000000180029bc0 f   sfc_mex:sfc_sf.obj
 0001:00028ca0       mdlDerivatives             0000000180029ca0 f   sfc_mex:sfc_sf.obj
 0001:00028d50       mdl_initialize_conditions_processing 0000000180029d50 f   sfc_mex:sfc_sf.obj
 0001:00028d80       mdlInitializeConditions    0000000180029d80 f   sfc_mex:sfc_sf.obj
 0001:00028e40       mdlGetSimState             0000000180029e40 f   sfc_mex:sfc_sf.obj
 0001:00028e50       mdlSetSimState             0000000180029e50 f   sfc_mex:sfc_sf.obj
 0001:00028e60       mdl_ext_mode_exec_processing 0000000180029e60 f   sfc_mex:sfc_sf.obj
 0001:00028e80       mdlExtModeExec             0000000180029e80 f   sfc_mex:sfc_sf.obj
 0001:00029010       mdlTerminate               000000018002a010 f   sfc_mex:sfc_sf.obj
 0001:00029080       mdlRTW                     000000018002a080 f   sfc_mex:sfc_sf.obj
 0001:000290b0       mdlSetWorkWidths           000000018002a0b0 f   sfc_mex:sfc_sf.obj
 0001:000290c0       mdlProcessParameters       000000018002a0c0 f   sfc_mex:sfc_sf.obj
 0001:000290d0       mdl_start_processing       000000018002a0d0 f   sfc_mex:sfc_sf.obj
 0001:00029130       mdlStart                   000000018002a130 f   sfc_mex:sfc_sf.obj
 0001:00029240       mdlEnable                  000000018002a240 f   sfc_mex:sfc_sf.obj
 0001:00029310       mdlDisable                 000000018002a310 f   sfc_mex:sfc_sf.obj
 0001:000293c0       sf_get_chart_instance_ptr  000000018002a3c0 f   sfc_mex:sfc_sf.obj
 0001:000293e0       sf_load_rtw_optimization_info 000000018002a3e0 f   sfc_mex:sfc_sf.obj
 0001:000294b0       sf_rtw_info_uint_prop      000000018002a4b0 f   sfc_mex:sfc_sf.obj
 0001:000295f0       sf_is_chart_inlinable      000000018002a5f0 f   sfc_mex:sfc_sf.obj
 0001:00029610       sf_mark_output_events_with_multiple_callers 000000018002a610 f   sfc_mex:sfc_sf.obj
 0001:000297a0       sf_mark_chart_reusable_outputs 000000018002a7a0 f   sfc_mex:sfc_sf.obj
 0001:00029a00       sf_mark_chart_expressionable_inputs 000000018002aa00 f   sfc_mex:sfc_sf.obj
 0001:00029c60       sf_get_subchart_simstruct  000000018002ac60 f   sfc_mex:sfc_sf.obj
 0001:00029cb0       sf_get_fixpt_data_type_id  000000018002acb0 f   sfc_mex:sfc_sf.obj
 0001:00029cf0       sf_get_enum_data_type_id   000000018002acf0 f   sfc_mex:sfc_sf.obj
 0001:00029d30       sf_get_param_data_type_id  000000018002ad30 f   sfc_mex:sfc_sf.obj
 0001:00029d60       sf_mex_listen_for_ctrl_c_force 000000018002ad60 f   sfc_mex:sfc_sf.obj
 0001:00029e70       sf_mex_draw_now            000000018002ae70 f   sfc_mex:sfc_sf.obj
 0001:00029eb0       sf_mex_set_debugger_sim_status_listener_fcn 000000018002aeb0 f   sfc_mex:sfc_sf.obj
 0001:00029ec0       sf_mex_listen_for_ctrl_c   000000018002aec0 f   sfc_mex:sfc_sf.obj
 0001:00029f50       sf_mex_get_sfun_param      000000018002af50 f   sfc_mex:sfc_sf.obj
 0001:00029fa0       sf_get_runtime_param_data  000000018002afa0 f   sfc_mex:sfc_sf.obj
 0001:00029fe0       sf_call_output_fcn_call    000000018002afe0 f   sfc_mex:sfc_sf.obj
 0001:0002a120       sf_call_output_fcn_enable  000000018002b120 f   sfc_mex:sfc_sf.obj
 0001:0002a1b0       sf_call_output_fcn_disable 000000018002b1b0 f   sfc_mex:sfc_sf.obj
 0001:0002a240       sf_clear_rtw_identifier    000000018002b240 f   sfc_mex:sfc_sf.obj
 0001:0002aa30       sf_set_encoded_dwork_info  000000018002ba30 f   sfc_mex:sfc_sf.obj
 0001:0002aa80       sf_get_dwork_info_from_mat_file 000000018002ba80 f   sfc_mex:sfc_sf.obj
 0001:0002ac40       sf_set_rtw_dwork_info      000000018002bc40 f   sfc_mex:sfc_sf.obj
 0001:0002adb0       mdlOutputs                 000000018002bdb0 f   sfc_mex:sfc_sf.obj
 0001:0002af50       sf_debug_disp              000000018002bf50 f   sfc_debug:sfcdebug.obj
 0001:0002b1b0       sf_debug_data_runtime_size_mismatch_error_check 000000018002c1b0 f   sfc_debug:sfcdebug.obj
 0001:0002b250       sf_debug_try_loading_machine 000000018002c250 f   sfc_debug:sfcdebug.obj
 0001:0002b350       sf_debug_reset_current_state_configuration 000000018002c350 f   sfc_debug:sfcdebug.obj
 0001:0002b3e0       sf_debug_store_current_state_configuration 000000018002c3e0 f   sfc_debug:sfcdebug.obj
 0001:0002b470       sf_debug_restore_previous_state_configuration 000000018002c470 f   sfc_debug:sfcdebug.obj
 0001:0002b500       sf_debug_restore_previous_state_configuration2 000000018002c500 f   sfc_debug:sfcdebug.obj
 0001:0002b590       sf_debug_get_event_scope   000000018002c590 f   sfc_debug:sfcdebug.obj
 0001:0002b700       use_debugger_step_animation 000000018002c700 f   sfc_debug:sfcdebug.obj
 0001:0002b720       sf_debug_get_script_id     000000018002c720 f   sfc_debug:sfcdebug.obj
 0001:0002b7b0       sf_debug_set_script_translation 000000018002c7b0 f   sfc_debug:sfcdebug.obj
 0001:0002b930       sf_debug_extract_message_post_receive_info 000000018002c930 f   sfc_debug:sfcdebug.obj
 0001:0002ba30       sf_debug_get_current_machine_id 000000018002ca30 f   sfc_debug:sfcdebug.obj
 0001:0002ba50       sf_debug_get_current_optional_integer 000000018002ca50 f   sfc_debug:sfcdebug.obj
 0001:0002ba60       sf_debug_get_current_machine_number 000000018002ca60 f   sfc_debug:sfcdebug.obj
 0001:0002ba80       sf_debug_get_current_machine_name 000000018002ca80 f   sfc_debug:sfcdebug.obj
 0001:0002baa0       sf_debug_get_current_chart_id 000000018002caa0 f   sfc_debug:sfcdebug.obj
 0001:0002baf0       sf_debug_get_current_chart_number 000000018002caf0 f   sfc_debug:sfcdebug.obj
 0001:0002bb00       sf_debug_get_current_instance_number 000000018002cb00 f   sfc_debug:sfcdebug.obj
 0001:0002bb10       sf_debug_get_current_is_minor_time_step 000000018002cb10 f   sfc_debug:sfcdebug.obj
 0001:0002bb90       sf_debug_get_current_object_type 000000018002cb90 f   sfc_debug:sfcdebug.obj
 0001:0002bba0       sf_debug_get_current_instance_handle 000000018002cba0 f   sfc_debug:sfcdebug.obj
 0001:0002bc00       sf_debug_get_current_event_type 000000018002cc00 f   sfc_debug:sfcdebug.obj
 0001:0002bc10       sf_debug_get_current_object_id 000000018002cc10 f   sfc_debug:sfcdebug.obj
 0001:0002bc50       sf_debug_get_current_active_event_type 000000018002cc50 f   sfc_debug:sfcdebug.obj
 0001:0002bc60       sf_debug_get_current_active_event_id 000000018002cc60 f   sfc_debug:sfcdebug.obj
 0001:0002bca0       sf_debug_get_current_tag_type 000000018002cca0 f   sfc_debug:sfcdebug.obj
 0001:0002bcb0       sf_debug_get_current_simulation_time 000000018002ccb0 f   sfc_debug:sfcdebug.obj
 0001:0002bcc0       sf_debug_get_current_coverage_percentage 000000018002ccc0 f   sfc_debug:sfcdebug.obj
 0001:0002bcd0       sf_debug_current_statement_context 000000018002ccd0 f   sfc_debug:sfcdebug.obj
 0001:0002bd60       sf_debug_get_current_statement_info 000000018002cd60 f   sfc_debug:sfcdebug.obj
 0001:0002bee0       sf_debug_terminate_instance 000000018002cee0 f   sfc_debug:sfcdebug.obj
 0001:0002c220       sf_debug_assertion_failed  000000018002d220 f   sfc_debug:sfcdebug.obj
 0001:0002c480       sf_debug_set_number_of_data_with_change_event_for_machine 000000018002d480 f   sfc_debug:sfcdebug.obj
 0001:0002c4c0       sf_debug_set_machine_event_thresholds 000000018002d4c0 f   sfc_debug:sfcdebug.obj
 0001:0002c4e0       sf_debug_set_machine_event_scope 000000018002d4e0 f   sfc_debug:sfcdebug.obj
 0001:0002c520       sf_debug_set_machine_data_thresholds 000000018002d520 f   sfc_debug:sfcdebug.obj
 0001:0002c560       sf_debug_set_machine_data_scope 000000018002d560 f   sfc_debug:sfcdebug.obj
 0001:0002c5f0       sf_debug_set_machine_data_name 000000018002d5f0 f   sfc_debug:sfcdebug.obj
 0001:0002c690       sf_debug_set_machine_data_size 000000018002d690 f   sfc_debug:sfcdebug.obj
 0001:0002c7d0       sf_debug_set_machine_data_type 000000018002d7d0 f   sfc_debug:sfcdebug.obj
 0001:0002c940       sf_debug_get_chart_data_number 000000018002d940 f   sfc_debug:sfcdebug.obj
 0001:0002c960       sf_debug_get_chart_event_number 000000018002d960 f   sfc_debug:sfcdebug.obj
 0001:0002c980       sf_debug_set_chart_state_info 000000018002d980 f   sfc_debug:sfcdebug.obj
 0001:0002ca00       sf_debug_set_chart_decomposition 000000018002da00 f   sfc_debug:sfcdebug.obj
 0001:0002ca70       sf_debug_set_chart_substate_count 000000018002da70 f   sfc_debug:sfcdebug.obj
 0001:0002cb50       sf_debug_set_chart_substate_index 000000018002db50 f   sfc_debug:sfcdebug.obj
 0001:0002cbc0       sf_debug_set_chart_state_substate_count 000000018002dbc0 f   sfc_debug:sfcdebug.obj
 0001:0002ccd0       sf_debug_set_chart_state_substate_index 000000018002dcd0 f   sfc_debug:sfcdebug.obj
 0001:0002cd50       sf_debug_set_number_of_data_with_change_event_for_chart 000000018002dd50 f   sfc_debug:sfcdebug.obj
 0001:0002cdd0       sf_debug_set_number_of_states_with_entry_event_for_chart 000000018002ddd0 f   sfc_debug:sfcdebug.obj
 0001:0002ce40       sf_debug_set_number_of_states_with_exit_event_for_chart 000000018002de40 f   sfc_debug:sfcdebug.obj
 0001:0002ceb0       sf_debug_set_chart_disable_implicit_casting 000000018002deb0 f   sfc_debug:sfcdebug.obj
 0001:0002cf20       sf_debug_set_chart_event_thresholds 000000018002df20 f   sfc_debug:sfcdebug.obj
 0001:0002cf90       sf_debug_set_chart_data_compiled_props 000000018002df90 f   sfc_debug:sfcdebug.obj
 0001:0002d2e0       sf_debug_set_chart_data_props 000000018002e2e0 f   sfc_debug:sfcdebug.obj
 0001:0002d600       sf_debug_check_fi_license  000000018002e600 f   sfc_debug:sfcdebug.obj
 0001:0002d7f0       sf_debug_symbol_scope_push 000000018002e7f0 f   sfc_debug:sfcdebug.obj
 0001:0002d830       sf_debug_symbol_scope_push_eml 000000018002e830 f   sfc_debug:sfcdebug.obj
 0001:0002d880       sf_debug_symbol_scope_pop  000000018002e880 f   sfc_debug:sfcdebug.obj
 0001:0002d8c0       sf_debug_symbol_scope_add_importable 000000018002e8c0 f   sfc_debug:sfcdebug.obj
 0001:0002d940       sf_debug_symbol_scope_add  000000018002e940 f   sfc_debug:sfcdebug.obj
 0001:0002d9c0       sf_debug_symbol_scope_add_dyn_importable 000000018002e9c0 f   sfc_debug:sfcdebug.obj
 0001:0002da80       sf_debug_symbol_scope_add_dyn 000000018002ea80 f   sfc_debug:sfcdebug.obj
 0001:0002dab0       sf_debug_symbol_scope_add_eml_importable 000000018002eab0 f   sfc_debug:sfcdebug.obj
 0001:0002daf0       sf_debug_symbol_scope_add_eml 000000018002eaf0 f   sfc_debug:sfcdebug.obj
 0001:0002db30       sf_debug_symbol_scope_add_eml_dyn_importable 000000018002eb30 f   sfc_debug:sfcdebug.obj
 0001:0002dba0       sf_debug_symbol_scope_add_eml_dyn 000000018002eba0 f   sfc_debug:sfcdebug.obj
 0001:0002dc00       sf_debug_symbol_switch     000000018002ec00 f   sfc_debug:sfcdebug.obj
 0001:0002dc20       sf_debug_symbol_scope_add_verbose 000000018002ec20 f   sfc_debug:sfcdebug.obj
 0001:0002dcf0       sf_debug_set_machine_data_value_ptr 000000018002ecf0 f   sfc_debug:sfcdebug.obj
 0001:0002dd30       sf_debug_set_instance_data_value_ptr 000000018002ed30 f   sfc_debug:sfcdebug.obj
 0001:0002ddf0       sf_debug_unset_instance_data_value_ptr 000000018002edf0 f   sfc_debug:sfcdebug.obj
 0001:0002dea0       sf_debug_set_chart_event_scope 000000018002eea0 f   sfc_debug:sfcdebug.obj
 0001:0002df20       sf_debug_set_chart_transition_coverage_maps 000000018002ef20 f   sfc_debug:sfcdebug.obj
 0001:0002e030       sf_debug_set_chart_state_coverage_maps 000000018002f030 f   sfc_debug:sfcdebug.obj
 0001:0002e110       sf_debug_set_instance_transition_coverage_weights 000000018002f110 f   sfc_debug:sfcdebug.obj
 0001:0002e1b0       sf_debug_set_instance_state_coverage_weights 000000018002f1b0 f   sfc_debug:sfcdebug.obj
 0001:0002e400       sf_debug_unload_machine    000000018002f400 f   sfc_debug:sfcdebug.obj
 0001:0002e450       sf_debug_load_machine      000000018002f450 f   sfc_debug:sfcdebug.obj
 0001:0002e550       sf_debug_set_active_instance_in_data_dictionary 000000018002f550 f   sfc_debug:sfcdebug.obj
 0001:0002e730       sf_debug_set_active_instance 000000018002f730 f   sfc_debug:sfcdebug.obj
 0001:0002e890       sf_debug_chart_visiblity_change 000000018002f890 f   sfc_debug:sfcdebug.obj
 0001:0002e990       sf_debug_select_chart      000000018002f990 f   sfc_debug:sfcdebug.obj
 0001:0002eb00       sf_debug_set_instance_cv_ids 000000018002fb00 f   sfc_debug:sfcdebug.obj
 0001:0002ee10       sf_debug_select_charts     000000018002fe10 f   sfc_debug:sfcdebug.obj
 0001:0002efa0       sf_debug_initialized       000000018002ffa0 f   sfc_debug:sfcdebug.obj
 0001:0002efb0       sf_debug_is_uninterruptible 000000018002ffb0 f   sfc_debug:sfcdebug.obj
 0001:0002efe0       sf_debug_initialize_debugger_gui 000000018002ffe0 f   sfc_debug:sfcdebug.obj
 0001:0002f3d0       sf_debug_resume            00000001800303d0 f   sfc_debug:sfcdebug.obj
 0001:0002f3f0       sf_debug_go                00000001800303f0 f   sfc_debug:sfcdebug.obj
 0001:0002f400       sf_debug_break             0000000180030400 f   sfc_debug:sfcdebug.obj
 0001:0002f410       sf_debug_step_over         0000000180030410 f   sfc_debug:sfcdebug.obj
 0001:0002f420       sf_debug_step_out          0000000180030420 f   sfc_debug:sfcdebug.obj
 0001:0002f430       sf_debug_set_disable_all_breakpoints 0000000180030430 f   sfc_debug:sfcdebug.obj
 0001:0002f440       sf_debug_disable_all_breakpoints_and_go 0000000180030440 f   sfc_debug:sfcdebug.obj
 0001:0002f450       sf_debug_break_on_chart_entry 0000000180030450 f   sfc_debug:sfcdebug.obj
 0001:0002f460       sf_debug_break_on_event_broadcast 0000000180030460 f   sfc_debug:sfcdebug.obj
 0001:0002f470       sf_debug_break_on_state_entry 0000000180030470 f   sfc_debug:sfcdebug.obj
 0001:0002f480       sf_debug_break_between_times 0000000180030480 f   sfc_debug:sfcdebug.obj
 0001:0002f4a0       sf_debug_browse_data       00000001800304a0 f   sfc_debug:sfcdebug.obj
 0001:0002f4c0       sf_debug_watch_data        00000001800304c0 f   sfc_debug:sfcdebug.obj
 0001:0002f4e0       sf_debug_assign_data       00000001800304e0 f   sfc_debug:sfcdebug.obj
 0001:0002f500       sf_debug_whos              0000000180030500 f   sfc_debug:sfcdebug.obj
 0001:0002f520       sf_debug_get_consistency_info 0000000180030520 f   sfc_debug:sfcdebug.obj
 0001:0002f530       sf_debug_browse_trace      0000000180030530 f   sfc_debug:sfcdebug.obj
 0001:0002f540       sf_debug_set_breakpoints   0000000180030540 f   sfc_debug:sfcdebug.obj
 0001:0002f6a0       sf_debug_set_eml_breakpoints 00000001800306a0 f   sfc_debug:sfcdebug.obj
 0001:0002f800       sf_debug_set_script_breakpoints 0000000180030800 f   sfc_debug:sfcdebug.obj
 0001:0002f880       sf_debug_add_script_breakpoints 0000000180030880 f   sfc_debug:sfcdebug.obj
 0001:0002f8f0       sf_debug_clear_script_breakpoints 00000001800308f0 f   sfc_debug:sfcdebug.obj
 0001:0002f960       sf_debug_query_script_breakpoints 0000000180030960 f   sfc_debug:sfcdebug.obj
 0001:0002fa20       sf_debug_get_eml_script_id 0000000180030a20 f   sfc_debug:sfcdebug.obj
 0001:0002fa70       sf_debug_set_watch         0000000180030a70 f   sfc_debug:sfcdebug.obj
 0001:0002fca0       sf_debug_get_instance_handle 0000000180030ca0 f   sfc_debug:sfcdebug.obj
 0001:0002fd30       sf_debug_get_active_states 0000000180030d30 f   sfc_debug:sfcdebug.obj
 0001:0002fd40       sf_debug_get_animation     0000000180030d40 f   sfc_debug:sfcdebug.obj
 0001:0002fd50       sf_debug_set_animation     0000000180030d50 f   sfc_debug:sfcdebug.obj
 0001:0002fd60       sf_debug_animate           0000000180030d60 f   sfc_debug:sfcdebug.obj
 0001:0002fd90       sf_debug_cycle_detection_check 0000000180030d90 f   sfc_debug:sfcdebug.obj
 0001:0002fda0       sf_debug_data_range_check  0000000180030da0 f   sfc_debug:sfcdebug.obj
 0001:0002fdb0       sf_debug_transition_conflict_check 0000000180030db0 f   sfc_debug:sfcdebug.obj
 0001:0002fdc0       sf_debug_state_consistency_check 0000000180030dc0 f   sfc_debug:sfcdebug.obj
 0001:0002fdd0       sf_debug_data_range_check_enabled 0000000180030dd0 f   sfc_debug:sfcdebug.obj
 0001:0002fdf0       sf_debug_transition_conflict_check_enabled 0000000180030df0 f   sfc_debug:sfcdebug.obj
 0001:0002fe10       sf_debug_transition_conflict_check_begin 0000000180030e10 f   sfc_debug:sfcdebug.obj
 0001:0002fe30       sf_debug_transition_conflict_check_end 0000000180030e30 f   sfc_debug:sfcdebug.obj
 0001:0002fe50       sf_debug_stop_debugging    0000000180030e50 f   sfc_debug:sfcdebug.obj
 0001:0002fe80       sf_debug_is_cycle_detected 0000000180030e80 f   sfc_debug:sfcdebug.obj
 0001:0002fe90       sf_debug_is_array_bounds_detected 0000000180030e90 f   sfc_debug:sfcdebug.obj
 0001:0002fea0       sf_debug_get_state_vectors_data_size 0000000180030ea0 f   sfc_debug:sfcdebug.obj
 0001:0002fee0       sf_debug_get_state_vectors_data 0000000180030ee0 f   sfc_debug:sfcdebug.obj
 0001:0002ffe0       sf_debug_set_state_vectors_data 0000000180030fe0 f   sfc_debug:sfcdebug.obj
 0001:000302a0       sf_debug_get_script_index  00000001800312a0 f   sfc_debug:sfcdebug.obj
 0001:00030430       sf_debug_add_script        0000000180031430 f   sfc_debug:sfcdebug.obj
 0001:000305c0       cv_eval_point              00000001800315c0 f   sfc_debug:sfcdebug.obj
 0001:00030730       cv_eval_testobjective      0000000180031730 f   sfc_debug:sfcdebug.obj
 0001:00030850       sf_debug_cv_init_state     0000000180031850 f   sfc_debug:sfcdebug.obj
 0001:00030970       sf_debug_cv_init_chart     0000000180031970 f   sfc_debug:sfcdebug.obj
 0001:00030a50       sf_debug_cv_init_trans     0000000180031a50 f   sfc_debug:sfcdebug.obj
 0001:00030b50       sf_debug_cv_init_testobjectives 0000000180031b50 f   sfc_debug:sfcdebug.obj
 0001:00030d30       cv_eml_init_script         0000000180031d30 f   sfc_debug:sfcdebug.obj
 0001:00030e40       cv_eml_init_fcn            0000000180031e40 f   sfc_debug:sfcdebug.obj
 0001:00030ef0       cv_eml_init_testobjective  0000000180031ef0 f   sfc_debug:sfcdebug.obj
 0001:00030fc0       cv_eml_init_saturation     0000000180031fc0 f   sfc_debug:sfcdebug.obj
 0001:00031080       cv_eml_init_if             0000000180032080 f   sfc_debug:sfcdebug.obj
 0001:00031150       cv_eml_init_for            0000000180032150 f   sfc_debug:sfcdebug.obj
 0001:00031210       cv_eml_init_while          0000000180032210 f   sfc_debug:sfcdebug.obj
 0001:000312d0       cv_eml_init_mcdc           00000001800322d0 f   sfc_debug:sfcdebug.obj
 0001:000313e0       cv_eml_init_switch         00000001800323e0 f   sfc_debug:sfcdebug.obj
 0001:000314d0       cv_eml_eval                00000001800324d0 f   sfc_debug:sfcdebug.obj
 0001:000315b0       sf_debug_bm_is_a_eml_breakpoint 00000001800325b0 f   sfc_debug:sfcdebug.obj
 0001:00031700       sf_debug_temporal_threshold 0000000180032700 f   sfc_debug:sfcdebug.obj
 0001:00031a60       sf_debug_transition_conflict_error 0000000180032a60 f   sfc_debug:sfcdebug.obj
 0001:00031de0       sf_debug_state_inconsistency_error 0000000180032de0 f   sfc_debug:sfcdebug.obj
 0001:00031f00       sf_debug_check_for_state_inconsistency 0000000180032f00 f   sfc_debug:sfcdebug.obj
 0001:00031f30       sf_debug_cycle_detecton_error 0000000180032f30 f   sfc_debug:sfcdebug.obj
 0001:00032700       sf_debug_size_eq_check_1d  0000000180033700 f   sfc_debug:sfcdebug.obj
 0001:00032720       sf_debug_size_eq_check_nd  0000000180033720 f   sfc_debug:sfcdebug.obj
 0001:00032900       sf_debug_dim_size_eq_check 0000000180033900 f   sfc_debug:sfcdebug.obj
 0001:00032930       sf_debug_dim_size_geq_check 0000000180033930 f   sfc_debug:sfcdebug.obj
 0001:00032960       sf_debug_sub_assign_size_check_nd 0000000180033960 f   sfc_debug:sfcdebug.obj
 0001:00032ba0       sf_debug_matrix_matrix_index_check 0000000180033ba0 f   sfc_debug:sfcdebug.obj
 0001:00032bd0       sf_debug_vector_vector_index_check 0000000180033bd0 f   sfc_debug:sfcdebug.obj
 0001:00032c00       sf_debug_for_loop_vector_check 0000000180033c00 f   sfc_debug:sfcdebug.obj
 0001:00032c90       sf_debug_runtime_error_msgid 0000000180033c90 f   sfc_debug:sfcdebug.obj
 0001:00032d20       sf_debug_data_array_bounds_error_check 0000000180033d20 f   sfc_debug:sfcdebug.obj
 0001:00032e30       sf_debug_eml_data_array_bounds_error_check 0000000180033e30 f   sfc_debug:sfcdebug.obj
 0001:00033310       sf_debug_integer_check     0000000180034310 f   sfc_debug:sfcdebug.obj
 0001:000333f0       sf_debug_not_nan_check     00000001800343f0 f   sfc_debug:sfcdebug.obj
 0001:000334b0       sf_debug_non_negative_check 00000001800344b0 f   sfc_debug:sfcdebug.obj
 0001:00033570       sf_debug_overflow_detection 0000000180034570 f   sfc_debug:sfcdebug.obj
 0001:00033c60       sf_debug_cast_to_real32_T  0000000180034c60 f   sfc_debug:sfcdebug.obj
 0001:00033d20       sf_debug_cast_to_int8_T    0000000180034d20 f   sfc_debug:sfcdebug.obj
 0001:00033de0       sf_debug_cast_to_uint8_T   0000000180034de0 f   sfc_debug:sfcdebug.obj
 0001:00033ea0       sf_debug_cast_to_int16_T   0000000180034ea0 f   sfc_debug:sfcdebug.obj
 0001:00033f60       sf_debug_cast_to_uint16_T  0000000180034f60 f   sfc_debug:sfcdebug.obj
 0001:00034020       sf_debug_cast_to_int32_T   0000000180035020 f   sfc_debug:sfcdebug.obj
 0001:000340e0       sf_debug_cast_to_uint32_T  00000001800350e0 f   sfc_debug:sfcdebug.obj
 0001:000341a0       sf_debug_data_range_error  00000001800351a0 f   sfc_debug:sfcdebug.obj
 0001:000344f0       sf_debug_read_before_write_check 00000001800354f0 f   sfc_debug:sfcdebug.obj
 0001:00034950       sf_debug_data_range_error_wrapper_min_max 0000000180035950 f   sfc_debug:sfcdebug.obj
 0001:00034a40       sf_debug_data_range_error_wrapper_min 0000000180035a40 f   sfc_debug:sfcdebug.obj
 0001:00034b20       sf_debug_data_range_error_wrapper_max 0000000180035b20 f   sfc_debug:sfcdebug.obj
 0001:00034c00       sf_debug_data_range_wrapper 0000000180035c00 f   sfc_debug:sfcdebug.obj
 0001:00034cb0       sf_debug_set_current_status_info 0000000180035cb0 f   sfc_debug:sfcdebug.obj
 0001:00035060       sf_debug_register_message_post_receive_info 0000000180036060 f   sfc_debug:sfcdebug.obj
 0001:000352d0       sf_debug_call              00000001800362d0 f   sfc_debug:sfcdebug.obj
 0001:00035f30       sf_debug_initialize_machine 0000000180036f30 f   sfc_debug:sfcdebug.obj
 0001:00036240       sf_debug_initialize_chart  0000000180037240 f   sfc_debug:sfcdebug.obj
 0001:00036690       sf_debug_ensure_script     0000000180037690 f   sfc_debug:sfcdebug.obj
 0001:00036750       cv_script_init_script      0000000180037750 f   sfc_debug:sfcdebug.obj
 0001:00036840       cv_script_init_fcn         0000000180037840 f   sfc_debug:sfcdebug.obj
 0001:000368f0       cv_script_init_testobjective 00000001800378f0 f   sfc_debug:sfcdebug.obj
 0001:000369a0       cv_script_init_if          00000001800379a0 f   sfc_debug:sfcdebug.obj
 0001:00036a50       cv_script_init_for         0000000180037a50 f   sfc_debug:sfcdebug.obj
 0001:00036b00       cv_script_init_while       0000000180037b00 f   sfc_debug:sfcdebug.obj
 0001:00036bb0       cv_script_init_mcdc        0000000180037bb0 f   sfc_debug:sfcdebug.obj
 0001:00036cb0       cv_script_init_switch      0000000180037cb0 f   sfc_debug:sfcdebug.obj
 0001:00036d90       cv_script_eval             0000000180037d90 f   sfc_debug:sfcdebug.obj
 0001:00036e70       eml_debug_line_call        0000000180037e70 f   sfc_debug:sfcdebug.obj
 0001:00037020       sf_debug_terminate         0000000180038020 f   sfc_debug:sfcdebug.obj
 0001:00037190       sf_debug_set_script_cv_ids 0000000180038190 f   sfc_debug:sfcdebug.obj
 0001:000372c0       sf_debug_api               00000001800382c0 f   sfc_debug:sfc_api.obj
 0001:00038970       sf_debug_sm_terminate      0000000180039970 f   sfc_debug:sfdb_animation.obj
 0001:00038b30       sf_debug_reset_path_objects 0000000180039b30 f   sfc_debug:sfdb_animation.obj
 0001:00038bb0       sf_debug_sm_reset_object_selection_status 0000000180039bb0 f   sfc_debug:sfdb_animation.obj
 0001:00038c50       sf_debug_sm_reset_state_buffer 0000000180039c50 f   sfc_debug:sfdb_animation.obj
 0001:00038d20       sf_debug_sm_store_state_buffer 0000000180039d20 f   sfc_debug:sfdb_animation.obj
 0001:00038da0       sf_debug_sm_restore_state_buffer1 0000000180039da0 f   sfc_debug:sfdb_animation.obj
 0001:00038e10       sf_debug_sm_restore_state_buffer2 0000000180039e10 f   sfc_debug:sfdb_animation.obj
 0001:00038e80       sf_debug_sm_chart_active   0000000180039e80 f   sfc_debug:sfdb_animation.obj
 0001:00038ed0       sf_debug_sm_select_active_objects 0000000180039ed0 f   sfc_debug:sfdb_animation.obj
 0001:000393c0       sf_debug_sm_is_chart_active 000000018003a3c0 f   sfc_debug:sfdb_animation.obj
 0001:00039400       sf_debug_sm_is_state_active 000000018003a400 f   sfc_debug:sfdb_animation.obj
 0001:00039640       sf_debug_sm_get_active_states 000000018003a640 f   sfc_debug:sfdb_animation.obj
 0001:00039c00       sf_debug_sm_initialize_instance 000000018003ac00 f   sfc_debug:sfdb_animation.obj
 0001:00039e20       sf_debug_sm_change_object_selection_status 000000018003ae20 f   sfc_debug:sfdb_animation.obj
 0001:0003a130       cv_create_interface        000000018003b130 f   sfc_debug:cv_sfinterface.obj
 0001:0003a490       cv_init_trans              000000018003b490 f   sfc_debug:cv_sfinterface.obj
 0001:0003a4e0       cv_init_testobjective      000000018003b4e0 f   sfc_debug:cv_sfinterface.obj
 0001:0003a520       cv_init_state              000000018003b520 f   sfc_debug:cv_sfinterface.obj
 0001:0003a590       cv_init_chart              000000018003b590 f   sfc_debug:cv_sfinterface.obj
 0001:0003a5e0       cv_dec_update_call         000000018003b5e0 f   sfc_debug:cv_sfinterface.obj
 0001:0003a620       cv_cond_update_call        000000018003b620 f   sfc_debug:cv_sfinterface.obj
 0001:0003a660       cv_testobjective_update_call 000000018003b660 f   sfc_debug:cv_sfinterface.obj
 0001:0003a6a0       cv_sigrange_update         000000018003b6a0 f   sfc_debug:cv_sfinterface.obj
 0001:0003a6e0       cvsf_eml_eval              000000018003b6e0 f   sfc_debug:cv_sfinterface.obj
 0001:0003a7d0       cvsf_eml_init_script       000000018003b7d0 f   sfc_debug:cv_sfinterface.obj
 0001:0003a860       cvsf_eml_init_fcn          000000018003b860 f   sfc_debug:cv_sfinterface.obj
 0001:0003a8c0       cvsf_eml_init_testobjective 000000018003b8c0 f   sfc_debug:cv_sfinterface.obj
 0001:0003a920       cvsf_eml_init_saturation   000000018003b920 f   sfc_debug:cv_sfinterface.obj
 0001:0003a970       cvsf_eml_init_if           000000018003b970 f   sfc_debug:cv_sfinterface.obj
 0001:0003a9d0       cvsf_eml_init_for          000000018003b9d0 f   sfc_debug:cv_sfinterface.obj
 0001:0003aa20       cvsf_eml_init_while        000000018003ba20 f   sfc_debug:cv_sfinterface.obj
 0001:0003aa70       cvsf_eml_init_mcdc         000000018003ba70 f   sfc_debug:cv_sfinterface.obj
 0001:0003ab00       cvsf_eml_init_switch       000000018003bb00 f   sfc_debug:cv_sfinterface.obj
 0001:0003ab70       cvsf_script_eval           000000018003bb70 f   sfc_debug:cv_sfinterface.obj
 0001:0003ac60       cvsf_script_init_script    000000018003bc60 f   sfc_debug:cv_sfinterface.obj
 0001:0003acf0       cvsf_script_init_fcn       000000018003bcf0 f   sfc_debug:cv_sfinterface.obj
 0001:0003ad50       cvsf_script_init_testobjective 000000018003bd50 f   sfc_debug:cv_sfinterface.obj
 0001:0003adb0       cvsf_script_init_saturation 000000018003bdb0 f   sfc_debug:cv_sfinterface.obj
 0001:0003ae00       cvsf_script_init_if        000000018003be00 f   sfc_debug:cv_sfinterface.obj
 0001:0003ae60       cvsf_script_init_for       000000018003be60 f   sfc_debug:cv_sfinterface.obj
 0001:0003aeb0       cvsf_script_init_while     000000018003beb0 f   sfc_debug:cv_sfinterface.obj
 0001:0003af00       cvsf_script_init_mcdc      000000018003bf00 f   sfc_debug:cv_sfinterface.obj
 0001:0003af90       cvsf_script_init_switch    000000018003bf90 f   sfc_debug:cv_sfinterface.obj
 0001:0003b000       cv_destroy_interface       000000018003c000 f   sfc_debug:cv_sfinterface.obj
 0001:0003b020       cv_create_instance_objects 000000018003c020 f   sfc_debug:cv_sfinterface.obj
 0001:0003b4d0       cv_is_enabled              000000018003c4d0 f   sfc_debug:cv_sfinterface.obj
 0001:0003b4e0       sf_debug_cv_initialize_script 000000018003c4e0 f   sfc_debug:cv_sfinterface.obj
 0001:0003b690       sf_debug_cv_initialize_instance 000000018003c690 f   sfc_debug:cv_sfinterface.obj
 0001:0003ba30       sf_debug_cv_terminate_chart 000000018003ca30 f   sfc_debug:cv_sfinterface.obj
 0001:0003bb70       cv_call_trans_test         000000018003cb70 f   sfc_debug:cv_sfinterface.obj
 0001:0003bb80       cv_call_sub_cond_test      000000018003cb80 f   sfc_debug:cv_sfinterface.obj
 0001:0003bbc0       sf_debug_st_initialize_machine 000000018003cbc0 f   sfc_debug:sfdb_data_browse.obj
 0001:0003bc80       sf_debug_st_initialize_instance 000000018003cc80 f   sfc_debug:sfdb_data_browse.obj
 0001:0003beb0       sf_debug_st_terminate      000000018003ceb0 f   sfc_debug:sfdb_data_browse.obj
 0001:0003c250       sf_debug_st_set_data_value_ptr_in_machine 000000018003d250 f   sfc_debug:sfdb_data_browse.obj
 0001:0003c2e0       sf_debug_st_set_data_value_ptr_in_instance 000000018003d2e0 f   sfc_debug:sfdb_data_browse.obj
 0001:0003c3c0       sf_debug_st_unset_data_value_ptr_in_machine 000000018003d3c0 f   sfc_debug:sfdb_data_browse.obj
 0001:0003c430       sf_debug_st_unset_data_value_ptr_in_instance 000000018003d430 f   sfc_debug:sfdb_data_browse.obj
 0001:0003c740       sf_debug_mx_value          000000018003d740 f   sfc_debug:sfdb_data_browse.obj
 0001:0003c7a0       sf_debug_mx_packed_vector  000000018003d7a0 f   sfc_debug:sfdb_data_browse.obj
 0001:0003c880       sf_debug_mx_uint_vector    000000018003d880 f   sfc_debug:sfdb_data_browse.obj
 0001:0003c940       sf_debug_st_get_double_value_from_void_ptr_vector 000000018003d940 f   sfc_debug:sfdb_data_browse.obj
 0001:0003d430       sf_debug_st_browse_data    000000018003e430 f   sfc_debug:sfdb_data_browse.obj
 0001:0003dcc0       sf_debug_hm_initialize_instance 000000018003ecc0 f   sfc_debug:sfdb_handle_management.obj
 0001:0003e1f0       sf_debug_hm_get_object_id  000000018003f1f0 f   sfc_debug:sfdb_handle_management.obj
 0001:0003eda0       sf_debug_hm_update_chart_visibility 000000018003fda0 f   sfc_debug:sfdb_handle_management.obj
 0001:00040080       sf_debug_object_is_eml_function 0000000180041080 f   sfc_debug:sfdb_handle_management.obj
 0001:000400f0       sf_debug_hm_initialize_ids_in_machine 00000001800410f0 f   sfc_debug:sfdb_handle_management.obj
 0001:00040260       sf_debug_hm_initialize_ids_in_chart 0000000180041260 f   sfc_debug:sfdb_handle_management.obj
 0001:00040360       sf_debug_hm_initialize_chart 0000000180041360 f   sfc_debug:sfdb_handle_management.obj
 0001:00040b00       sf_debug_hm_terminate      0000000180041b00 f   sfc_debug:sfdb_handle_management.obj
 0001:00040b60       sf_debug_hm_initialize_machine 0000000180041b60 f   sfc_debug:sfdb_handle_management.obj
 0001:00041310       sf_debug_ss_initialize     0000000180042310 f   sfc_debug:sfdb_symbol_scope.obj
 0001:00041330       sf_debug_ss_terminate      0000000180042330 f   sfc_debug:sfdb_symbol_scope.obj
 0001:000413c0       sf_debug_ss_push_symbol_scope 00000001800423c0 f   sfc_debug:sfdb_symbol_scope.obj
 0001:000414c0       sf_debug_ss_push_symbol_scope_eml 00000001800424c0 f   sfc_debug:sfdb_symbol_scope.obj
 0001:00041520       sf_debug_ss_pop_symbol_scope 0000000180042520 f   sfc_debug:sfdb_symbol_scope.obj
 0001:000415d0       sf_debug_ss_add_symbol     00000001800425d0 f   sfc_debug:sfdb_symbol_scope.obj
 0001:00041730       sf_debug_ss_add_symbol_eml 0000000180042730 f   sfc_debug:sfdb_symbol_scope.obj
 0001:00042450       sf_debug_ss_set_data_value 0000000180043450 f   sfc_debug:sfdb_symbol_scope.obj
 0001:00042920       getInstanceNumber          0000000180043920 f   sfc_debug:sfdb_symbol_scope.obj
 0001:000429f0       sf_debug_ss_watch_data     00000001800439f0 f   sfc_debug:sfdb_symbol_scope.obj
 0001:00042b90       sf_debug_ss_assign_data    0000000180043b90 f   sfc_debug:sfdb_symbol_scope.obj
 0001:000435b0       get_data_entry_name        00000001800445b0 f   sfc_debug:sfdb_symbol_scope.obj
 0001:00043600       sf_debug_ss_whos           0000000180044600 f   sfc_debug:sfdb_symbol_scope.obj
 0001:00043d20       sf_debug_cc_initialize_chart 0000000180044d20 f   sfc_debug:sfdb_coverage.obj
 0001:00044710       sf_debug_cc_initialize_instance 0000000180045710 f   sfc_debug:sfdb_coverage.obj
 0001:00045520       sf_debug_cc_terminate      0000000180046520 f   sfc_debug:sfdb_coverage.obj
 0001:00045610       sf_debug_cc_set_transition_maps 0000000180046610 f   sfc_debug:sfdb_coverage.obj
 0001:00045740       sf_debug_cc_set_state_maps 0000000180046740 f   sfc_debug:sfdb_coverage.obj
 0001:00045820       sf_debug_cc_set_transition_weights 0000000180046820 f   sfc_debug:sfdb_coverage.obj
 0001:00045af0       sf_debug_cc_set_state_weights 0000000180046af0 f   sfc_debug:sfdb_coverage.obj
 0001:00045dc0       sf_debug_cc_mark_transition_guard 0000000180046dc0 f   sfc_debug:sfdb_coverage.obj
 0001:00045e50       sf_debug_cc_mark_transition_trigger 0000000180046e50 f   sfc_debug:sfdb_coverage.obj
 0001:00045ee0       sf_debug_cc_mark_transition_decision 0000000180046ee0 f   sfc_debug:sfdb_coverage.obj
 0001:00045f50       sf_debug_cc_mark_transition_condition_action 0000000180046f50 f   sfc_debug:sfdb_coverage.obj
 0001:00045fa0       sf_debug_cc_mark_transition_transition_action 0000000180046fa0 f   sfc_debug:sfdb_coverage.obj
 0001:00045ff0       sf_debug_cc_mark_state_entry 0000000180046ff0 f   sfc_debug:sfdb_coverage.obj
 0001:00046040       sf_debug_cc_mark_state_during 0000000180047040 f   sfc_debug:sfdb_coverage.obj
 0001:00046090       sf_debug_cc_mark_state_exit 0000000180047090 f   sfc_debug:sfdb_coverage.obj
 0001:000460e0       sf_debug_bm_clear_script_breakpoints 00000001800470e0 f   sfc_debug:sfdb_breakpoints.obj
 0001:00046110       sf_debug_bm_set_script_breakpoint 0000000180047110 f   sfc_debug:sfdb_breakpoints.obj
 0001:00046190       sf_debug_bm_clear_single_script_breakpoint 0000000180047190 f   sfc_debug:sfdb_breakpoints.obj
 0001:00046210       sf_debug_bm_query_script_breakpoint 0000000180047210 f   sfc_debug:sfdb_breakpoints.obj
 0001:00046260       sf_debug_bm_initialize_scripts 0000000180047260 f   sfc_debug:sfdb_breakpoints.obj
 0001:00046980       sf_debug_bm_terminate      0000000180047980 f   sfc_debug:sfdb_breakpoints.obj
 0001:00046c70       sf_debug_bm_remove_all_breakpoints_in_machine 0000000180047c70 f   sfc_debug:sfdb_breakpoints.obj
 0001:00046ce0       sf_debug_bm_remove_all_breakpoints_in_chart 0000000180047ce0 f   sfc_debug:sfdb_breakpoints.obj
 0001:00046e30       sf_debug_bm_initialize_global_breakpoints 0000000180047e30 f   sfc_debug:sfdb_breakpoints.obj
 0001:00046fb0       sf_debug_bm_set_breakpoint 0000000180047fb0 f   sfc_debug:sfdb_breakpoints.obj
 0001:000475b0       sf_debug_bm_set_eml_breakpoint 00000001800485b0 f   sfc_debug:sfdb_breakpoints.obj
 0001:00047650       sf_debug_bm_initialize_machine_breakpoint_map 0000000180048650 f   sfc_debug:sfdb_breakpoints.obj
 0001:00047a70       sf_debug_bm_is_a_breakpoint 0000000180048a70 f   sfc_debug:sfdb_breakpoints.obj
 0001:00048050       sf_debug_bm_get_all_breakpoints_in_machine 0000000180049050 f   sfc_debug:sfdb_breakpoints.obj
 0001:00048350       sf_debug_bm_get_all_breakpoints_in_chart 0000000180049350 f   sfc_debug:sfdb_breakpoints.obj
 0001:00049010       sf_debug_bm_initialize_machine 000000018004a010 f   sfc_debug:sfdb_breakpoints.obj
 0001:000490e0       sf_debug_bm_initialize_chart 000000018004a0e0 f   sfc_debug:sfdb_breakpoints.obj
 0001:00049500       sf_debug_sc_terminate      000000018004a500 f   sfc_debug:sfdb_state_consistency.obj
 0001:00049830       sf_debug_sc_is_chart_consistent 000000018004a830 f   sfc_debug:sfdb_state_consistency.obj
 0001:00049ae0       sf_debug_sc_get_consistency_error_info 000000018004aae0 f   sfc_debug:sfdb_state_consistency.obj
 0001:00049f30       sf_debug_tm_terminate      000000018004af30 f   sfc_debug:sfdb_call_stack.obj
 0001:00049ff0       sf_debug_tm_push_chart_instance 000000018004aff0 f   sfc_debug:sfdb_call_stack.obj
 0001:0004a140       sf_debug_tm_pop_chart_instance 000000018004b140 f   sfc_debug:sfdb_call_stack.obj
 0001:0004a1a0       sf_debug_tm_push_trace_node 000000018004b1a0 f   sfc_debug:sfdb_call_stack.obj
 0001:0004a330       sf_debug_tm_pop_trace_node 000000018004b330 f   sfc_debug:sfdb_call_stack.obj
 0001:0004a3b0       sf_debug_tm_get_current_global_trace_index 000000018004b3b0 f   sfc_debug:sfdb_call_stack.obj
 0001:0004a3c0       sf_debug_tm_get_current_local_trace_index 000000018004b3c0 f   sfc_debug:sfdb_call_stack.obj
 0001:0004a3f0       sf_debug_tm_set_cycle_detected_flag 000000018004b3f0 f   sfc_debug:sfdb_call_stack.obj
 0001:0004a430       sf_debug_tm_set_cycle_started_flag 000000018004b430 f   sfc_debug:sfdb_call_stack.obj
 0001:0004a470       sf_debug_tm_get_chart_number_from_stack 000000018004b470 f   sfc_debug:sfdb_call_stack.obj
 0001:0004a670       sf_debug_tm_browse_trace   000000018004b670 f   sfc_debug:sfdb_call_stack.obj
 0001:0004a9b0       sf_debug_cd_initialize_instance 000000018004b9b0 f   sfc_debug:sfdb_cycle_detection.obj
 0001:0004ac60       sf_debug_cd_mark_processed_transition_in_instance 000000018004bc60 f   sfc_debug:sfdb_cycle_detection.obj
 0001:0004ad00       sf_debug_cd_checksum_push  000000018004bd00 f   sfc_debug:sfdb_cycle_detection.obj
 0001:0004afc0       sf_debug_cd_checksum_pop   000000018004bfc0 f   sfc_debug:sfdb_cycle_detection.obj
 0001:0004b030       sf_debug_cd_turn_off_cycle_detection 000000018004c030 f   sfc_debug:sfdb_cycle_detection.obj
 0001:0004b080       sf_debug_cd_terminate      000000018004c080 f   sfc_debug:sfdb_cycle_detection.obj
 0001:0004b2c0       md5_initialize_state       000000018004c2c0 f   sfc_debug:ckmd5.obj
 0001:0004bd30       md5_update_state           000000018004cd30 f   sfc_debug:ckmd5.obj
 0001:0004bd50       md5_get_hash               000000018004cd50 f   sfc_debug:ckmd5.obj
 0001:0004bd80       md5_get_hash_for_a_single_string 000000018004cd80 f   sfc_debug:ckmd5.obj
 0001:0004bde4       mxGetPr                    000000018004cde4 f   libmx:libmx.dll
 0001:0004bdea       mxCreateDoubleScalar       000000018004cdea f   libmx:libmx.dll
 0001:0004bdf0       mxCreateDoubleMatrix_730   000000018004cdf0 f   libmx:libmx.dll
 0001:0004bdf6       mxSetField_730             000000018004cdf6 f   libmx:libmx.dll
 0001:0004bdfc       mxCreateString             000000018004cdfc f   libmx:libmx.dll
 0001:0004be02       mxCreateStructMatrix_730   000000018004ce02 f   libmx:libmx.dll
 0001:0004be08       mxDestroyArray             000000018004ce08 f   libmx:libmx.dll
 0001:0004be0e       mxDuplicateArray           000000018004ce0e f   libmx:libmx.dll
 0001:0004be14       mxGetString_730            000000018004ce14 f   libmx:libmx.dll
 0001:0004be1a       mxIsChar                   000000018004ce1a f   libmx:libmx.dll
 0001:0004be20       mxGetClassID               000000018004ce20 f   libmx:libmx.dll
 0001:0004be26       mxIsNumeric                000000018004ce26 f   libmx:libmx.dll
 0001:0004be2c       mxIsComplex                000000018004ce2c f   libmx:libmx.dll
 0001:0004be32       mxGetN                     000000018004ce32 f   libmx:libmx.dll
 0001:0004be38       mxGetM                     000000018004ce38 f   libmx:libmx.dll
 0001:0004be3e       mxCalloc                   000000018004ce3e f   libmx:libmx.dll
 0001:0004be44       mxGetScalar                000000018004ce44 f   libmx:libmx.dll
 0001:0004be4a       mxIsLogical                000000018004ce4a f   libmx:libmx.dll
 0001:0004be50       mxCreateDoubleMatrix_700   000000018004ce50 f   libmx:libmx.dll
 0001:0004be56       mxFree                     000000018004ce56 f   libmx:libmx.dll
 0001:0004be5c       mxArrayToString            000000018004ce5c f   libmx:libmx.dll
 0001:0004be62       mxCreateCellMatrix_700     000000018004ce62 f   libmx:libmx.dll
 0001:0004be68       mxSetCell_700              000000018004ce68 f   libmx:libmx.dll
 0001:0004be6e       mxGetCell_700              000000018004ce6e f   libmx:libmx.dll
 0001:0004be74       mxGetClassName             000000018004ce74 f   libmx:libmx.dll
 0001:0004be7a       mxSetField_700             000000018004ce7a f   libmx:libmx.dll
 0001:0004be80       mxAddField                 000000018004ce80 f   libmx:libmx.dll
 0001:0004be86       mxGetField_700             000000018004ce86 f   libmx:libmx.dll
 0001:0004be8c       mxGetNumberOfElements      000000018004ce8c f   libmx:libmx.dll
 0001:0004be92       mxIsStruct                 000000018004ce92 f   libmx:libmx.dll
 0001:0004be98       mxIsA                      000000018004ce98 f   libmx:libmx.dll
 0001:0004be9e       mxIsClass                  000000018004ce9e f   libmx:libmx.dll
 0001:0004bea4       mxGetLogicals              000000018004cea4 f   libmx:libmx.dll
 0001:0004beaa       mxIsSparse                 000000018004ceaa f   libmx:libmx.dll
 0001:0004beb0       mxSetFieldByNumber_700     000000018004ceb0 f   libmx:libmx.dll
 0001:0004beb6       mxGetFieldByNumber_700     000000018004ceb6 f   libmx:libmx.dll
 0001:0004bebc       mxGetFieldNameByNumber     000000018004cebc f   libmx:libmx.dll
 0001:0004bec2       mxGetNumberOfFields        000000018004cec2 f   libmx:libmx.dll
 0001:0004bec8       mxCreateStructMatrix_700   000000018004cec8 f   libmx:libmx.dll
 0001:0004bece       mxGetFieldNumber           000000018004cece f   libmx:libmx.dll
 0001:0004bed4       mxIsNaN                    000000018004ced4 f   libmx:libmx.dll
 0001:0004beda       mxIsEmpty                  000000018004ceda f   libmx:libmx.dll
 0001:0004bee0       mxGetData                  000000018004cee0 f   libmx:libmx.dll
 0001:0004bee6       mxGetImagData              000000018004cee6 f   libmx:libmx.dll
 0001:0004beec       mxArrayClassIDName         000000018004ceec f   libmx:libmx.dll
 0001:0004bef2       mxCreateNumericMatrix_700  000000018004cef2 f   libmx:libmx.dll
 0001:0004bef8       mxCreateStructArray_700    000000018004cef8 f   libmx:libmx.dll
 0001:0004befe       mxCalcSingleSubscript_700  000000018004cefe f   libmx:libmx.dll
 0001:0004bf04       mxGetDimensions_700        000000018004cf04 f   libmx:libmx.dll
 0001:0004bf0a       mxGetNumberOfDimensions_700 000000018004cf0a f   libmx:libmx.dll
 0001:0004bf10       mxCreateNumericArray_700   000000018004cf10 f   libmx:libmx.dll
 0001:0004bf16       mxGetElementSize           000000018004cf16 f   libmx:libmx.dll
 0001:0004bf1c       mxCreateStringFromNChars_700 000000018004cf1c f   libmx:libmx.dll
 0001:0004bf22       mxGetString_700            000000018004cf22 f   libmx:libmx.dll
 0001:0004bf28       mxIsLogicalScalarTrue      000000018004cf28 f   libmx:libmx.dll
 0001:0004bf2e       mxCreateLogicalScalar      000000018004cf2e f   libmx:libmx.dll
 0001:0004bf34       mexUnlock                  000000018004cf34 f   libmex:libmex.dll
 0001:0004bf3a       mexIsLocked                000000018004cf3a f   libmex:libmex.dll
 0001:0004bf40       mexWarnMsgTxt              000000018004cf40 f   libmex:libmex.dll
 0001:0004bf46       mexCallMATLAB              000000018004cf46 f   libmex:libmex.dll
 0001:0004bf4c       mexErrMsgTxt               000000018004cf4c f   libmex:libmex.dll
 0001:0004bf52       mexMakeArrayPersistent     000000018004cf52 f   libmex:libmex.dll
 0001:0004bf58       mexSetTrapFlag             000000018004cf58 f   libmex:libmex.dll
 0001:0004bf5e       mexPutVariable             000000018004cf5e f   libmex:libmex.dll
 0001:0004bf64       mexGetVariable             000000018004cf64 f   libmex:libmex.dll
 0001:0004bf6a       mexLock                    000000018004cf6a f   libmex:libmex.dll
 0001:0004bf70       mexMakeMemoryPersistent    000000018004cf70 f   libmex:libmex.dll
 0001:0004bf76       mexFunctionName            000000018004cf76 f   libmex:libmex.dll
 0001:0004bf7c       ssRegisterDataTypeFxpFSlopeFixExpBias 000000018004cf7c f   libfixedpoint:libfixedpoint.dll
 0001:0004bf82       utVSNprintf                000000018004cf82 f   libut:libut.dll
 0001:0004bf88       utCPUtime                  000000018004cf88 f   libut:libut.dll
 0001:0004bf8e       utFree                     000000018004cf8e f   libut:libut.dll
 0001:0004bf94       utMalloc                   000000018004cf94 f   libut:libut.dll
 0001:0004bf9a       muDoubleScalarSin          000000018004cf9a f   libmwmathutil:libmwmathutil.dll
 0001:0004bfa0       muDoubleScalarCos          000000018004cfa0 f   libmwmathutil:libmwmathutil.dll
 0001:0004bfa6       muDoubleScalarAbs          000000018004cfa6 f   libmwmathutil:libmwmathutil.dll
 0001:0004bfac       muDoubleScalarPower        000000018004cfac f   libmwmathutil:libmwmathutil.dll
 0001:0004bfb2       muDoubleScalarRound        000000018004cfb2 f   libmwmathutil:libmwmathutil.dll
 0001:0004bfb8       muDoubleScalarFloor        000000018004cfb8 f   libmwmathutil:libmwmathutil.dll
 0001:0004bfbe       emlrtCreateRootTLS         000000018004cfbe f   libemlrt:libemlrt.dll
 0001:0004bfc4       emlrtDestroyRootTLS        000000018004cfc4 f   libemlrt:libemlrt.dll
 0001:0004bfca       emlrtCheckBuiltInR2012b    000000018004cfca f   libemlrt:libemlrt.dll
 0001:0004bfd0       emlrtCheckVsBuiltInR2012b  000000018004cfd0 f   libemlrt:libemlrt.dll
 0001:0004bfd6       emlrtCheckEnumR2012b       000000018004cfd6 f   libemlrt:libemlrt.dll
 0001:0004bfdc       emlrtCreateEnumR2012b      000000018004cfdc f   libemlrt:libemlrt.dll
 0001:0004bfe2       emlrtGetEnumElementR2009a  000000018004cfe2 f   libemlrt:libemlrt.dll
 0001:0004bfe8       emlrtCreateReference       000000018004cfe8 f   libemlrt:libemlrt.dll
 0001:0004bfee       emlrtImportVsFiArrayR2009b 000000018004cfee f   libemlrt:libemlrt.dll
 0001:0004bff4       emlrtNameCapturePostProcessR2012a 000000018004cff4 f   libemlrt:libemlrt.dll
 0001:0004bffa       emlrtExtractMessageId      000000018004cffa f   libemlrt:libemlrt.dll
 0001:0004c000       emlrtTranslateMessageIDtoLCPstring 000000018004d000 f   libemlrt:libemlrt.dll
 0001:0004c006       emlrtForLoopVectorIsValidR2011b 000000018004d006 f   libemlrt:libemlrt.dll
 0001:0004c00c       emlrtTranslateUTF16MessagetoLCPstring 000000018004d00c f   libemlrt:libemlrt.dll
 0001:0004c012       emlrtGetEnumUnderlyingArrayR2009a 000000018004d012 f   libemlrt:libemlrt.dll
 0001:0004c018       emlrtIsEnumR2009a          000000018004d018 f   libemlrt:libemlrt.dll
 0001:0004c020       __GSHandlerCheckCommon     000000018004d020 f   MSVCRT:gshandler.obj
 0001:0004c084       __GSHandlerCheck           000000018004d084 f   MSVCRT:gshandler.obj
 0001:0004c0a2       strlen                     000000018004d0a2 f   MSVCRT:MSVCR100.dll
 0001:0004c0c0       __security_check_cookie    000000018004d0c0 f   MSVCRT:amdsecgs.obj
 0001:0004c0e0       memset                     000000018004d0e0 f   MSVCRT:MSVCR100.dll
 0001:0004c0e6       malloc                     000000018004d0e6 f   MSVCRT:MSVCR100.dll
 0001:0004c0ec       free                       000000018004d0ec f   MSVCRT:MSVCR100.dll
 0001:0004c0f2       strcmp                     000000018004d0f2 f   MSVCRT:MSVCR100.dll
 0001:0004c0f8       sprintf                    000000018004d0f8 f   MSVCRT:MSVCR100.dll
 0001:0004c0fe       strcat                     000000018004d0fe f   MSVCRT:MSVCR100.dll
 0001:0004c104       memcpy                     000000018004d104 f   MSVCRT:MSVCR100.dll
 0001:0004c10c       NtCurrentTeb               000000018004d10c f i MSVCRT:crtdll.obj
 0001:0004c178       _CRT_INIT                  000000018004d178 f   MSVCRT:crtdll.obj
 0001:0004c510       _DllMainCRTStartup         000000018004d510 f   MSVCRT:crtdll.obj
 0001:0004c54e       strncpy                    000000018004d54e f   MSVCRT:MSVCR100.dll
 0001:0004c570       __chkstk                   000000018004d570 f   MSVCRT:chkstk.obj
 0001:0004c570       _alloca_probe              000000018004d570     MSVCRT:chkstk.obj
 0001:0004c5be       longjmp                    000000018004d5be f   MSVCRT:MSVCR100.dll
 0001:0004c5c4       strncmp                    000000018004d5c4 f   MSVCRT:MSVCR100.dll
 0001:0004c5ca       ceil                       000000018004d5ca f   MSVCRT:MSVCR100.dll
 0001:0004c5d0       strrchr                    000000018004d5d0 f   MSVCRT:MSVCR100.dll
 0001:0004c5d6       _setjmp                    000000018004d5d6 f   MSVCRT:MSVCR100.dll
 0001:0004c5dc       calloc                     000000018004d5dc f   MSVCRT:MSVCR100.dll
 0001:0004c5e2       realloc                    000000018004d5e2 f   MSVCRT:MSVCR100.dll
 0001:0004c5e8       ldexp                      000000018004d5e8 f   MSVCRT:MSVCR100.dll
 0001:0004c5f0       __report_gsfailure         000000018004d5f0 f   MSVCRT:gs_report.obj
 0001:0004c73c       __clean_type_info_names    000000018004d73c f   MSVCRT:tncleanup.obj
 0001:0004c748       _onexit                    000000018004d748 f   MSVCRT:atonexit.obj
 0001:0004c7f8       atexit                     000000018004d7f8 f   MSVCRT:atonexit.obj
 0001:0004c810       _RTC_Initialize            000000018004d810 f   MSVCRT:_initsect_.obj
 0001:0004c848       _RTC_Terminate             000000018004d848 f   MSVCRT:_initsect_.obj
 0001:0004c880       _malloc_crt                000000018004d880 f   MSVCRT:MSVCR100.dll
 0001:0004c890       _ValidateImageBase         000000018004d890 f   MSVCRT:pesect.obj
 0001:0004c8c0       _FindPESection             000000018004d8c0 f   MSVCRT:pesect.obj
 0001:0004c910       _IsNonwritableInCurrentImage 000000018004d910 f   MSVCRT:pesect.obj
 0001:0004c952       _initterm                  000000018004d952 f   MSVCRT:MSVCR100.dll
 0001:0004c958       _initterm_e                000000018004d958 f   MSVCRT:MSVCR100.dll
 0001:0004c95e       _encoded_null              000000018004d95e f   MSVCRT:MSVCR100.dll
 0001:0004c964       _amsg_exit                 000000018004d964 f   MSVCRT:MSVCR100.dll
 0001:0004c96a       __C_specific_handler       000000018004d96a f   MSVCRT:MSVCR100.dll
 0001:0004c970       __CppXcptFilter            000000018004d970 f   MSVCRT:MSVCR100.dll
 0001:0004c978       DllMain                    000000018004d978 f   MSVCRT:dllmain.obj
 0001:0004c99c       __security_init_cookie     000000018004d99c f   MSVCRT:gs_support.obj
 0001:0004ca50       __crt_debugger_hook        000000018004da50 f   MSVCRT:MSVCR100.dll
 0001:0004ca56       __clean_type_info_names_internal 000000018004da56 f   MSVCRT:MSVCR100.dll
 0001:0004ca5c       _unlock                    000000018004da5c f   MSVCRT:MSVCR100.dll
 0001:0004ca62       __dllonexit                000000018004da62 f   MSVCRT:MSVCR100.dll
 0001:0004ca68       _lock                      000000018004da68 f   MSVCRT:MSVCR100.dll
 0001:0004ca6e       EncodePointer              000000018004da6e f   kernel32:KERNEL32.dll
 0001:0004ca74       DecodePointer              000000018004da74 f   kernel32:KERNEL32.dll
 0001:0004ca7a       Sleep                      000000018004da7a f   kernel32:KERNEL32.dll
 0001:0004ca80       TerminateProcess           000000018004da80 f   kernel32:KERNEL32.dll
 0001:0004ca86       GetCurrentProcess          000000018004da86 f   kernel32:KERNEL32.dll
 0001:0004ca8c       UnhandledExceptionFilter   000000018004da8c f   kernel32:KERNEL32.dll
 0001:0004ca92       SetUnhandledExceptionFilter 000000018004da92 f   kernel32:KERNEL32.dll
 0001:0004ca98       IsDebuggerPresent          000000018004da98 f   kernel32:KERNEL32.dll
 0001:0004ca9e       RtlVirtualUnwind           000000018004da9e f   kernel32:KERNEL32.dll
 0001:0004caa4       RtlLookupFunctionEntry     000000018004daa4 f   kernel32:KERNEL32.dll
 0001:0004caaa       RtlCaptureContext          000000018004daaa f   kernel32:KERNEL32.dll
 0001:0004cab0       DisableThreadLibraryCalls  000000018004dab0 f   kernel32:KERNEL32.dll
 0001:0004cab6       QueryPerformanceCounter    000000018004dab6 f   kernel32:KERNEL32.dll
 0001:0004cabc       GetTickCount               000000018004dabc f   kernel32:KERNEL32.dll
 0001:0004cac2       GetCurrentThreadId         000000018004dac2 f   kernel32:KERNEL32.dll
 0001:0004cac8       GetCurrentProcessId        000000018004dac8 f   kernel32:KERNEL32.dll
 0001:0004cace       GetSystemTimeAsFileTime    000000018004dace f   kernel32:KERNEL32.dll
 0002:00000000       __imp_DisableThreadLibraryCalls 000000018004e000     kernel32:KERNEL32.dll
 0002:00000008       __imp_RtlCaptureContext    000000018004e008     kernel32:KERNEL32.dll
 0002:00000010       __imp_RtlLookupFunctionEntry 000000018004e010     kernel32:KERNEL32.dll
 0002:00000018       __imp_RtlVirtualUnwind     000000018004e018     kernel32:KERNEL32.dll
 0002:00000020       __imp_IsDebuggerPresent    000000018004e020     kernel32:KERNEL32.dll
 0002:00000028       __imp_SetUnhandledExceptionFilter 000000018004e028     kernel32:KERNEL32.dll
 0002:00000030       __imp_UnhandledExceptionFilter 000000018004e030     kernel32:KERNEL32.dll
 0002:00000038       __imp_GetCurrentProcess    000000018004e038     kernel32:KERNEL32.dll
 0002:00000040       __imp_TerminateProcess     000000018004e040     kernel32:KERNEL32.dll
 0002:00000048       __imp_Sleep                000000018004e048     kernel32:KERNEL32.dll
 0002:00000050       __imp_DecodePointer        000000018004e050     kernel32:KERNEL32.dll
 0002:00000058       __imp_EncodePointer        000000018004e058     kernel32:KERNEL32.dll
 0002:00000060       __imp_GetTickCount         000000018004e060     kernel32:KERNEL32.dll
 0002:00000068       __imp_GetCurrentThreadId   000000018004e068     kernel32:KERNEL32.dll
 0002:00000070       __imp_GetCurrentProcessId  000000018004e070     kernel32:KERNEL32.dll
 0002:00000078       __imp_GetSystemTimeAsFileTime 000000018004e078     kernel32:KERNEL32.dll
 0002:00000080       __imp_QueryPerformanceCounter 000000018004e080     kernel32:KERNEL32.dll
 0002:00000088       \177KERNEL32_NULL_THUNK_DATA 000000018004e088     kernel32:KERNEL32.dll
 0002:00000090       __imp__onexit              000000018004e090     MSVCRT:MSVCR100.dll
 0002:00000098       __imp__lock                000000018004e098     MSVCRT:MSVCR100.dll
 0002:000000a0       __imp___dllonexit          000000018004e0a0     MSVCRT:MSVCR100.dll
 0002:000000a8       __imp__unlock              000000018004e0a8     MSVCRT:MSVCR100.dll
 0002:000000b0       __imp___clean_type_info_names_internal 000000018004e0b0     MSVCRT:MSVCR100.dll
 0002:000000b8       __imp___crt_debugger_hook  000000018004e0b8     MSVCRT:MSVCR100.dll
 0002:000000c0       __imp___CppXcptFilter      000000018004e0c0     MSVCRT:MSVCR100.dll
 0002:000000c8       __imp___C_specific_handler 000000018004e0c8     MSVCRT:MSVCR100.dll
 0002:000000d0       __imp__amsg_exit           000000018004e0d0     MSVCRT:MSVCR100.dll
 0002:000000d8       __imp__encoded_null        000000018004e0d8     MSVCRT:MSVCR100.dll
 0002:000000e0       __imp__initterm_e          000000018004e0e0     MSVCRT:MSVCR100.dll
 0002:000000e8       __imp__initterm            000000018004e0e8     MSVCRT:MSVCR100.dll
 0002:000000f0       __imp__malloc_crt          000000018004e0f0     MSVCRT:MSVCR100.dll
 0002:000000f8       __imp_ldexp                000000018004e0f8     MSVCRT:MSVCR100.dll
 0002:00000100       __imp_realloc              000000018004e100     MSVCRT:MSVCR100.dll
 0002:00000108       __imp_calloc               000000018004e108     MSVCRT:MSVCR100.dll
 0002:00000110       __imp__setjmp              000000018004e110     MSVCRT:MSVCR100.dll
 0002:00000118       __imp_strrchr              000000018004e118     MSVCRT:MSVCR100.dll
 0002:00000120       __imp_ceil                 000000018004e120     MSVCRT:MSVCR100.dll
 0002:00000128       __imp_strncmp              000000018004e128     MSVCRT:MSVCR100.dll
 0002:00000130       __imp_longjmp              000000018004e130     MSVCRT:MSVCR100.dll
 0002:00000138       __imp_strncpy              000000018004e138     MSVCRT:MSVCR100.dll
 0002:00000140       __imp_memcpy               000000018004e140     MSVCRT:MSVCR100.dll
 0002:00000148       __imp_strcat               000000018004e148     MSVCRT:MSVCR100.dll
 0002:00000150       __imp_sprintf              000000018004e150     MSVCRT:MSVCR100.dll
 0002:00000158       __imp_strcmp               000000018004e158     MSVCRT:MSVCR100.dll
 0002:00000160       __imp_free                 000000018004e160     MSVCRT:MSVCR100.dll
 0002:00000168       __imp_malloc               000000018004e168     MSVCRT:MSVCR100.dll
 0002:00000170       __imp_memset               000000018004e170     MSVCRT:MSVCR100.dll
 0002:00000178       __imp_strlen               000000018004e178     MSVCRT:MSVCR100.dll
 0002:00000180       \177MSVCR100_NULL_THUNK_DATA 000000018004e180     MSVCRT:MSVCR100.dll
 0002:00000188       __imp_emlrtIsEnumR2009a    000000018004e188     libemlrt:libemlrt.dll
 0002:00000190       __imp_emlrtGetEnumUnderlyingArrayR2009a 000000018004e190     libemlrt:libemlrt.dll
 0002:00000198       __imp_emlrtTranslateUTF16MessagetoLCPstring 000000018004e198     libemlrt:libemlrt.dll
[...]
 0001:000237d0       check_array_dimensions     00000001800247d0 f   sfc_mex:sfc_mex.obj
 0001:00023840       check_input_mxarray        0000000180024840 f   sfc_mex:sfc_mex.obj
 0001:00023f80       sf_numeric_value_to_double 0000000180024f80 f   sfc_mex:sfc_mex.obj
 0001:00023fd0       ml_generic_out_of_bounds_check 0000000180024fd0 f   sfc_mex:sfc_mex.obj
 0001:000241a0       ml_get_element_value_from_array 00000001800251a0 f   sfc_mex:sfc_mex.obj
 0001:00024540       _ml_generic_castability_check 0000000180025540 f   sfc_mex:sfc_mex.obj
 0001:000252a0       ml_generic_castability_check 00000001800262a0 f   sfc_mex:sfc_mex.obj
 0001:00025340       ml_check_mx_array_for_single_castability 0000000180026340 f   sfc_mex:sfc_mex.obj
 0001:000253e0       ml_check_mx_array_for_logical_castability 00000001800263e0 f   sfc_mex:sfc_mex.obj
 0001:00025480       ml_check_mx_array_for_int8_castability 0000000180026480 f   sfc_mex:sfc_mex.obj
 0001:00025530       ml_check_mx_array_for_uint8_castability 0000000180026530 f   sfc_mex:sfc_mex.obj
 0001:00025590       ml_check_mx_array_for_int16_castability 0000000180026590 f   sfc_mex:sfc_mex.obj
 0001:000255f0       ml_check_mx_array_for_uint16_castability 00000001800265f0 f   sfc_mex:sfc_mex.obj
 0001:00025650       ml_check_mx_array_for_int32_castability 0000000180026650 f   sfc_mex:sfc_mex.obj
 0001:000256b0       ml_check_mx_array_for_uint32_castability 00000001800266b0 f   sfc_mex:sfc_mex.obj
 0001:00025710       ml_check_mx_array_for_castability 0000000180026710 f   sfc_mex:sfc_mex.obj
 0001:00026040       set_data_value             0000000180027040 f   sfc_mex:sfc_mex.obj
 0001:000263b0       get_data_value             00000001800273b0 f   sfc_mex:sfc_mex.obj
 0001:000264c0       get_next_element_address   00000001800274c0 f   sfc_mex:sfc_mex.obj
 0001:00026590       sf_normalize_index         0000000180027590 f   sfc_mex:sfc_mex.obj
 0001:00026920       ml_array_index_bound_check 0000000180027920 f   sfc_mex:sfc_mex.obj
 0001:00027440       mx_value                   0000000180028440 f   sfc_mex:sfc_mex.obj
 0001:00027490       sf_create_numeric_array    0000000180028490 f   sfc_mex:sfc_mex.obj
 0001:00027530       sf_mex_assign_to_mx_array  0000000180028530 f   sfc_mex:sfc_mex.obj
 0001:00027880       assign_from_mx_array       0000000180028880 f   sfc_mex:sfc_mex.obj
 0001:000280b0       sf_mex_import_v            00000001800290b0 f   sfc_mex:sfc_mex.obj
 0001:000287b0       get_machine_and_chart_file_number 00000001800297b0 f   sfc_mex:sfc_sf.obj
 0001:000288a0       get_sfun_block_specialization 00000001800298a0 f   sfc_mex:sfc_sf.obj
 0001:00028950       call_sf_machine_global_method_dispatcher 0000000180029950 f   sfc_mex:sfc_sf.obj
 0001:00028ba0       mdl_zeroCrossings_processing 0000000180029ba0 f   sfc_mex:sfc_sf.obj
 0001:00028c70       mdl_derivatives_processing 0000000180029c70 f   sfc_mex:sfc_sf.obj
 0001:00028f30       mdl_outputs_continuous_legacy 0000000180029f30 f   sfc_mex:sfc_sf.obj
 0001:00028fb0       mdl_outputs_processing     0000000180029fb0 f   sfc_mex:sfc_sf.obj
 0001:00029220       mdl_enable_processing      000000018002a220 f   sfc_mex:sfc_sf.obj
 0001:000292f0       mdl_disable_processing     000000018002a2f0 f   sfc_mex:sfc_sf.obj
 0001:0002a060       sf_call_output_fcn_enable_disable 000000018002b060 f   sfc_mex:sfc_sf.obj
 0001:0002a2e0       set_dwork_information_from_mx_array 000000018002b2e0 f   sfc_mex:sfc_sf.obj
 0001:0002aba0       ptr2mxStruct               000000018002bba0 f   sfc_mex:sfc_sf.obj
 0001:0002aeb0       SNPRINTF_WRAPPER           000000018002beb0 f   sfc_debug:sfcdebug.obj
 0001:0002aed0       sf_debug_chart_instance_initialized_quick 000000018002bed0 f   sfc_debug:sfcdebug.obj
 0001:0002aee0       sf_debug_chart_instance_initialized 000000018002bee0 f   sfc_debug:sfcdebug.obj
 0001:0002b080       sfrtAddSize                000000018002c080 f   sfc_debug:sfcdebug.obj
 0001:0002b140       sfrtGenSizeString          000000018002c140 f   sfc_debug:sfcdebug.obj
 0001:0002b850       fill_single_message_info   000000018002c850 f   sfc_debug:sfcdebug.obj
 0001:0002ba10       sf_debug_sim_status_listener 000000018002ca10 f   sfc_debug:sfcdebug.obj
 0001:0002bf80       sf_debug_form_mask_bits    000000018002cf80 f   sfc_debug:sfcdebug.obj
 0001:0002bfc0       sf_debug_form_sf_data_type_offsets 000000018002cfc0 f   sfc_debug:sfcdebug.obj
 0001:0002c080       sf_debug_free_all          000000018002d080 f   sfc_debug:sfcdebug.obj
 0001:0002c230       sf_debug_append_debugger_context 000000018002d230 f   sfc_debug:sfcdebug.obj
 0001:0002c3d0       sf_debug_update_always_honor_breakpoints 000000018002d3d0 f   sfc_debug:sfcdebug.obj
 0001:0002c5a0       local_strdup               000000018002d5a0 f   sfc_debug:sfcdebug.obj
 0001:0002d480       sf_debug_em_terminate      000000018002e480 f   sfc_debug:sfcdebug.obj
 0001:0002d4c0       sf_debug_push_eml_function 000000018002e4c0 f   sfc_debug:sfcdebug.obj
 0001:0002d560       sf_debug_pop_eml_function  000000018002e560 f   sfc_debug:sfcdebug.obj
 0001:0002e260       sf_debug_get_machine_number_from_id_or_name 000000018002f260 f   sfc_debug:sfcdebug.obj
 0001:0002e3b0       sf_debug_get_chart_number_from_id 000000018002f3b0 f   sfc_debug:sfcdebug.obj
 0001:0002f150       sf_debug_transfer_control_to_debugger_GUI 0000000180030150 f   sfc_debug:sfcdebug.obj
 0001:000300e0       sf_debug_scripts_rehash    00000001800310e0 f   sfc_debug:sfcdebug.obj
 0001:00030320       sf_debug_get_script_line_count 0000000180031320 f   sfc_debug:sfcdebug.obj
 0001:00030c50       cv_eml_state_cvId          0000000180031c50 f   sfc_debug:sfcdebug.obj
 0001:00030cc0       cv_eml_trans_cvId          0000000180031cc0 f   sfc_debug:sfcdebug.obj
 0001:00032050       sf_debug_data_array_bounds_error 0000000180033050 f   sfc_debug:sfcdebug.obj
 0001:00032480       eml_debug_runtime_error_doclink 0000000180033480 f   sfc_debug:sfcdebug.obj
 0001:000325e0       sf_debug_runtime_error     00000001800335e0 f   sfc_debug:sfcdebug.obj
 0001:00032650       sf_debug_matlab_error      0000000180033650 f   sfc_debug:sfcdebug.obj
 0001:00032f90       sf_debug_data_value_error  0000000180033f90 f   sfc_debug:sfcdebug.obj
 0001:00033890       sf_debug_data_loss_error   0000000180034890 f   sfc_debug:sfcdebug.obj
 0001:00034820       call_cv_range_check        0000000180035820 f   sfc_debug:sfcdebug.obj
 0001:00034ff0       sf_debug_invoke_cycle_detection_code 0000000180035ff0 f   sfc_debug:sfcdebug.obj
 0001:00035e70       sf_reset_debug_info_struct 0000000180036e70 f   sfc_debug:sfcdebug.obj
 0001:000366d0       cv_script_cvId             00000001800376d0 f   sfc_debug:sfcdebug.obj
 0001:00037430       sfc_api_chart_visible      0000000180038430 f   sfc_debug:sfc_api.obj
 0001:000374b0       sfc_api_active_instance    00000001800384b0 f   sfc_debug:sfc_api.obj
 0001:00037530       sfc_api_machine_load       0000000180038530 f   sfc_debug:sfc_api.obj
 0001:00037600       sfc_api_debugger_alive     0000000180038600 f   sfc_debug:sfc_api.obj
 0001:00037610       sfc_api_go                 0000000180038610 f   sfc_debug:sfc_api.obj
 0001:00037620       sfc_api_step_over          0000000180038620 f   sfc_debug:sfc_api.obj
 0001:00037630       sfc_api_step_out           0000000180038630 f   sfc_debug:sfc_api.obj
 0001:00037640       sfc_api_resume             0000000180038640 f   sfc_debug:sfc_api.obj
 0001:00037650       sfc_api_break              0000000180038650 f   sfc_debug:sfc_api.obj
 0001:00037660       sfc_api_stop_debugging     0000000180038660 f   sfc_debug:sfc_api.obj
 0001:000376b0       sfc_api_is_cycle_detected  00000001800386b0 f   sfc_debug:sfc_api.obj
 0001:00037700       sfc_api_is_array_bounds_detected 0000000180038700 f   sfc_debug:sfc_api.obj
 0001:00037750       sfc_api_set_disable_all_breakpoints 0000000180038750 f   sfc_debug:sfc_api.obj
 0001:000377c0       sfc_api_disable_all_breakpoints_and_go 00000001800387c0 f   sfc_debug:sfc_api.obj
 0001:000377d0       sfc_api_close              00000001800387d0 f   sfc_debug:sfc_api.obj
 0001:000377e0       sfc_api_browse_data        00000001800387e0 f   sfc_debug:sfc_api.obj
 0001:00037850       sfc_api_watch_data         0000000180038850 f   sfc_debug:sfc_api.obj
 0001:00037950       sfc_api_extract_message_post_receive_info 0000000180038950 f   sfc_debug:sfc_api.obj
 0001:00037970       sfc_api_assign_data        0000000180038970 f   sfc_debug:sfc_api.obj
 0001:00037a10       sfc_api_whos               0000000180038a10 f   sfc_debug:sfc_api.obj
 0001:00037aa0       sfc_api_get_consistency_info 0000000180038aa0 f   sfc_debug:sfc_api.obj
 0001:00037ab0       sfc_api_browse_trace       0000000180038ab0 f   sfc_debug:sfc_api.obj
 0001:00037ac0       sfc_api_break_on_chart_entry 0000000180038ac0 f   sfc_debug:sfc_api.obj
 0001:00037ae0       sfc_api_break_on_event_broadcast 0000000180038ae0 f   sfc_debug:sfc_api.obj
 0001:00037b00       sfc_api_break_on_state_entry 0000000180038b00 f   sfc_debug:sfc_api.obj
 0001:00037b20       sfc_api_set_watch          0000000180038b20 f   sfc_debug:sfc_api.obj
 0001:00037bc0       sfc_api_set_breakpoints    0000000180038bc0 f   sfc_debug:sfc_api.obj
 0001:00037c60       sfc_api_set_eml_breakpoints 0000000180038c60 f   sfc_debug:sfc_api.obj
 0001:00037ce0       sfc_api_set_script_breakpoints 0000000180038ce0 f   sfc_debug:sfc_api.obj
 0001:00037d30       sfc_api_add_script_breakpoints 0000000180038d30 f   sfc_debug:sfc_api.obj
 0001:00037d80       sfc_api_clear_script_breakpoints 0000000180038d80 f   sfc_debug:sfc_api.obj
 0001:00037dd0       sfc_api_query_script_breakpoints 0000000180038dd0 f   sfc_debug:sfc_api.obj
 0001:00037e30       sfc_api_get_script_id      0000000180038e30 f   sfc_debug:sfc_api.obj
 0001:00037ef0       sfc_api_get_active_states  0000000180038ef0 f   sfc_debug:sfc_api.obj
 0001:00037f70       sfc_api_break_between_times 0000000180038f70 f   sfc_debug:sfc_api.obj
 0001:00037fd0       sfc_api_get_instance_handle 0000000180038fd0 f   sfc_debug:sfc_api.obj
 0001:00038080       sfc_api_set_animation      0000000180039080 f   sfc_debug:sfc_api.obj
 0001:000380d0       sfc_api_select_chart       00000001800390d0 f   sfc_debug:sfc_api.obj
 0001:00038130       sfc_api_select_charts      0000000180039130 f   sfc_debug:sfc_api.obj
 0001:00038160       sfc_api_cycle_detection_check 0000000180039160 f   sfc_debug:sfc_api.obj
 0001:000381b0       sfc_api_data_range_check   00000001800391b0 f   sfc_debug:sfc_api.obj
 0001:00038200       sfc_api_transition_conflict_check 0000000180039200 f   sfc_debug:sfc_api.obj
 0001:00038250       sfc_api_state_consistency_check 0000000180039250 f   sfc_debug:sfc_api.obj
 0001:000382a0       sfc_api_set_instance_cv_ids 00000001800392a0 f   sfc_debug:sfc_api.obj
 0001:000383b0       sfc_api_set_script_cv_ids  00000001800393b0 f   sfc_debug:sfc_api.obj
 0001:00038460       sfc_api_get_current_machine_id 0000000180039460 f   sfc_debug:sfc_api.obj
 0001:00038490       sfc_api_get_current_machine_number 0000000180039490 f   sfc_debug:sfc_api.obj
 0001:000384c0       sfc_api_get_current_chart_number 00000001800394c0 f   sfc_debug:sfc_api.obj
 0001:000384f0       sfc_api_get_current_instance_number 00000001800394f0 f   sfc_debug:sfc_api.obj
 0001:00038520       sfc_api_get_current_instance_handle 0000000180039520 f   sfc_debug:sfc_api.obj
 0001:00038540       sfc_api_get_current_is_minor_time_step 0000000180039540 f   sfc_debug:sfc_api.obj
 0001:00038570       sfc_api_get_current_machine_name 0000000180039570 f   sfc_debug:sfc_api.obj
 0001:00038590       sfc_api_get_current_chart_id 0000000180039590 f   sfc_debug:sfc_api.obj
 0001:000385c0       sfc_api_get_current_object_type 00000001800395c0 f   sfc_debug:sfc_api.obj
 0001:000385f0       sfc_api_get_current_event_type 00000001800395f0 f   sfc_debug:sfc_api.obj
 0001:00038620       sfc_api_get_current_object_id 0000000180039620 f   sfc_debug:sfc_api.obj
 0001:00038650       sfc_get_current_active_event_type 0000000180039650 f   sfc_debug:sfc_api.obj
 0001:00038680       sfc_api_get_current_active_event_id 0000000180039680 f   sfc_debug:sfc_api.obj
 0001:000386b0       sfc_api_get_current_simulation_time 00000001800396b0 f   sfc_debug:sfc_api.obj
 0001:000386d0       sfc_get_current_tag_type   00000001800396d0 f   sfc_debug:sfc_api.obj
 0001:00038700       sfc_get_current_coverage_percentage 0000000180039700 f   sfc_debug:sfc_api.obj
 0001:00038720       sfc_get_current_statement_context 0000000180039720 f   sfc_debug:sfc_api.obj
 0001:00038740       sfc_get_current_optional_integer 0000000180039740 f   sfc_debug:sfc_api.obj
 0001:00038770       sfc_get_current_statement_info 0000000180039770 f   sfc_debug:sfc_api.obj
 0001:00038810       sfc_api_get                0000000180039810 f   sfc_debug:sfc_api.obj
 0001:00039480       sf_debug_sm_fill_state_activity_data 000000018003a480 f   sfc_debug:sfdb_animation.obj
 0001:0003bd80       void_ptr_stack_vector_free_total 000000018003cd80 f   sfc_debug:sfdb_data_browse.obj
 0001:0003be10       sf_debug_st_terminate_machine 000000018003ce10 f   sfc_debug:sfdb_data_browse.obj
 0001:0003be50       sf_debug_st_terminate_instance 000000018003ce50 f   sfc_debug:sfdb_data_browse.obj
 0001:0003c200       push_on_to_void_ptr_stack  000000018003d200 f   sfc_debug:sfdb_data_browse.obj
 0001:0003c390       pop_from_void_ptr_stack    000000018003d390 f   sfc_debug:sfdb_data_browse.obj
 0001:0003c4c0       sf_debug_st_get_data_value 000000018003d4c0 f   sfc_debug:sfdb_data_browse.obj
 0001:0003ca50       mx_value                   000000018003da50 f   sfc_debug:sfdb_data_browse.obj
 0001:0003ca90       sf_debug_st_fill_data_struct 000000018003da90 f   sfc_debug:sfdb_data_browse.obj
 0001:0003cdd0       data_type_format_strings   000000018003ddd0 f   sfc_debug:sfdb_data_browse.obj
 0001:0003ce80       sf_debug_st_fill_data      000000018003de80 f   sfc_debug:sfdb_data_browse.obj
 0001:0003dbd0       sf_debug_hm_get_simulink_handle 000000018003ebd0 f   sfc_debug:sfdb_handle_management.obj
 0001:0003e6d0       sf_debug_hm_initialize_globals 000000018003f6d0 f   sfc_debug:sfdb_handle_management.obj
 0001:0003e7d0       sf_debug_hm_get_machine_debug_flag 000000018003f7d0 f   sfc_debug:sfdb_handle_management.obj
 0001:0003e940       sf_debug_hm_get_machine_id 000000018003f940 f   sfc_debug:sfdb_handle_management.obj
 0001:0003ea60       sf_debug_hm_get_chart_id   000000018003fa60 f   sfc_debug:sfdb_handle_management.obj
 0001:0003ec00       sf_debug_hm_register_executing_SFunction 000000018003fc00 f   sfc_debug:sfdb_handle_management.obj
 0001:0003ef90       sf_debug_hm_form_object_boolean_properties 000000018003ff90 f   sfc_debug:sfdb_handle_management.obj
 0001:0003f260       sf_debug_hm_form_object_properties 0000000180040260 f   sfc_debug:sfdb_handle_management.obj
 0001:0003f4a0       sf_debug_hm_terminate_charts 00000001800404a0 f   sfc_debug:sfdb_handle_management.obj
 0001:0003fc00       sf_debug_hm_terminate_machines 0000000180040c00 f   sfc_debug:sfdb_handle_management.obj
 0001:00041800       sf_debug_ss_copy_dimension 0000000180042800 f   sfc_debug:sfdb_symbol_scope.obj
 0001:000418c0       sf_debug_ss_get_number_elements 00000001800428c0 f   sfc_debug:sfdb_symbol_scope.obj
 0001:000418e0       sf_debug_ss_fill_data_struct 00000001800428e0 f   sfc_debug:sfdb_symbol_scope.obj
 0001:00041c30       sf_debug_ss_reset_data_info 0000000180042c30 f   sfc_debug:sfdb_symbol_scope.obj
 0001:00041c90       sf_debug_fill_data_info_by_symbol_scope_entry 0000000180042c90 f   sfc_debug:sfdb_symbol_scope.obj
 0001:00041d50       sf_debug_fill_data_info_by_data_vector 0000000180042d50 f   sfc_debug:sfdb_symbol_scope.obj
 0001:00041fa0       get_data_info_helper       0000000180042fa0 f   sfc_debug:sfdb_symbol_scope.obj
 0001:000420a0       sf_debug_ss_get_data_info  00000001800430a0 f   sfc_debug:sfdb_symbol_scope.obj
 0001:000422d0       sf_debug_select_mex_function 00000001800432d0 f   sfc_debug:sfdb_symbol_scope.obj
 0001:00042300       sf_debug_is_dyn_matrix_initialized 0000000180043300 f   sfc_debug:sfdb_symbol_scope.obj
 0001:00042320       sf_debug_ss_set_data_value_try 0000000180043320 f   sfc_debug:sfdb_symbol_scope.obj
 0001:000424f0       sf_debug_ss_get_data_value 00000001800434f0 f   sfc_debug:sfdb_symbol_scope.obj
 0001:00042c60       sf_debug_ss_data_bytes_string 0000000180043c60 f   sfc_debug:sfdb_symbol_scope.obj
 0001:00042d10       sf_debug_ss_data_class_string 0000000180043d10 f   sfc_debug:sfdb_symbol_scope.obj
 0001:000430a0       sf_debug_ss_data_size_string 00000001800440a0 f   sfc_debug:sfdb_symbol_scope.obj
 0001:00043180       sf_debug_ss_data_create_data_info_struct 0000000180044180 f   sfc_debug:sfdb_symbol_scope.obj
 0001:00043450       sf_debug_ss_data_create_name_value_pair 0000000180044450 f   sfc_debug:sfdb_symbol_scope.obj
 0001:000434f0       sf_debug_ss_data_get_whos_info 00000001800444f0 f   sfc_debug:sfdb_symbol_scope.obj
 0001:00043500       same_named_data_in_data_array 0000000180044500 f   sfc_debug:sfdb_symbol_scope.obj
 0001:00044d90       sf_debug_cc_terminate_chart 0000000180045d90 f   sfc_debug:sfdb_coverage.obj
 0001:00045130       sf_debug_cc_terminate_instance 0000000180046130 f   sfc_debug:sfdb_coverage.obj
 0001:00045d20       sf_debug_cc_mark_object_if_needed 0000000180046d20 f   sfc_debug:sfdb_coverage.obj
 0001:00046620       sf_debug_bm_initialize_eml 0000000180047620 f   sfc_debug:sfdb_breakpoints.obj
 0001:00047760       sf_debug_bm_map_debug_tag_to_breakpoint_tag 0000000180048760 f   sfc_debug:sfdb_breakpoints.obj
 0001:00047840       sf_debug_bm_is_a_eml_breakpoint_impl 0000000180048840 f   sfc_debug:sfdb_breakpoints.obj
 0001:00049380       sf_debug_sc_push_on_error_stack 000000018004a380 f   sfc_debug:sfdb_state_consistency.obj
 0001:000494b0       sf_debug_sc_reset_error_stack 000000018004a4b0 f   sfc_debug:sfdb_state_consistency.obj
 0001:00049640       sf_debug_sc_is_state_inconsistent 000000018004a640 f   sfc_debug:sfdb_state_consistency.obj
 0001:00049940       sf_debug_sc_fill_consistency_info 000000018004a940 f   sfc_debug:sfdb_state_consistency.obj
 0001:00049f20       void_assertion_fcn         000000018004af20 f   sfc_debug:sfdb_call_stack.obj
 0001:0004a4a0       sf_debug_tm_fill_local_trace 000000018004b4a0 f   sfc_debug:sfdb_call_stack.obj
 0001:0004aa70       sf_debug_cd_terminate_instance 000000018004ba70 f   sfc_debug:sfdb_cycle_detection.obj
 0001:0004aad0       sf_debug_cd_free_checksum_stack 000000018004bad0 f   sfc_debug:sfdb_cycle_detection.obj
 0001:0004ab20       sf_debug_cd_reset_pack_strings 000000018004bb20 f   sfc_debug:sfdb_cycle_detection.obj
 0001:0004b1e0       md5file_clear              000000018004c1e0 f   sfc_debug:ckmd5.obj
 0001:0004b210       Encode                     000000018004c210 f   sfc_debug:ckmd5.obj
 0001:0004b260       Decode                     000000018004c260 f   sfc_debug:ckmd5.obj
 0001:0004b300       MD5Transform               000000018004c300 f   sfc_debug:ckmd5.obj
 0001:0004bb50       md5file_addn               000000018004cb50 f   sfc_debug:ckmd5.obj
 0001:0004bc20       md5file_hash               000000018004cc20 f   sfc_debug:ckmd5.obj
 0001:0004c118       pre_c_init                 000000018004d118 f   MSVCRT:crtdll.obj
 0001:0004c3d4       __DllMainCRTStartup        000000018004d3d4 f   MSVCRT:crtdll.obj
 0001:0004cae0       __DllMainCRTStartup$filt$0 000000018004dae0 f   MSVCRT:crtdll.obj
 0001:0004cb10       __DllMainCRTStartup$fin$1  000000018004db10 f   MSVCRT:crtdll.obj
 0001:0004cb2a       _onexit$fin$0              000000018004db2a f   MSVCRT:atonexit.obj
 0001:0004cb50       _IsNonwritableInCurrentImage$filt$0 000000018004db50 f   MSVCRT:pesect.obj
