 collect_data_sfun

 Timestamp is 59fb4a6c (Thu Nov 02 11:40:12 2017)

 Preferred load address is 0000000180000000

 Start         Length     Name                   Class
 0001:00000000 0003fc44H .text                   CODE
 0001:0003fc50 00000092H .text$x                 CODE
 0002:00000000 000004a0H .idata$5                DATA
 0002:000004a0 00000008H .CRT$XCA                DATA
 0002:000004a8 00000008H .CRT$XCZ                DATA
 0002:000004b0 00000008H .CRT$XIA                DATA
 0002:000004b8 00000008H .CRT$XIAA               DATA
 0002:000004c0 00000008H .CRT$XIZ                DATA
 0002:000004d0 00004b8cH .rdata                  DATA
 0002:00005060 00000008H .rtc$IAA                DATA
 0002:00005068 00000008H .rtc$IZZ                DATA
 0002:00005070 00000008H .rtc$TAA                DATA
 0002:00005078 00000008H .rtc$TZZ                DATA
 0002:00005080 000041fcH .xdata                  DATA
 0002:0000927c 000000a0H .idata$2                DATA
 0002:0000931c 00000014H .idata$3                DATA
 0002:00009330 000004a0H .idata$4                DATA
 0002:000097d0 00000ac0H .idata$6                DATA
 0002:0000a290 00000057H .edata                  DATA
 0003:00000000 000043a8H .data                   DATA
 0003:000043c0 000026f8H .bss                    DATA
 0004:00000000 00003330H .pdata                  DATA

  Address         Publics by Value              Rva+Base               Lib:Object

 0000:00000000       ___safe_se_handler_count   0000000000000000     <absolute>
 0000:00000000       ___safe_se_handler_table   0000000000000000     <absolute>
 0000:00000000       __ImageBase                0000000180000000     <linker-defined>
 0001:00000000       sf_c1_collect_data_get_eml_resolved_functions_info 0000000180001000 f   c1_collect_data.obj
 0001:00000fc0       sf_c1_collect_data_get_check_sum 0000000180001fc0 f   c1_collect_data.obj
 0001:00001040       sf_c1_collect_data_get_autoinheritance_info 0000000180002040 f   c1_collect_data.obj
 0001:000012e0       sf_internal_get_sim_state_c1_collect_data 00000001800022e0 f   c1_collect_data.obj
 0001:000015a0       sf_internal_set_sim_state_c1_collect_data 00000001800025a0 f   c1_collect_data.obj
 0001:00001870       sf_c1_collect_data_get_testpoint_info 0000000180002870 f   c1_collect_data.obj
 0001:000018b0       c1_collect_data_method_dispatcher 00000001800028b0 f   c1_collect_data.obj
 0001:000064f0       sf_c2_collect_data_get_eml_resolved_functions_info 00000001800074f0 f   c2_collect_data.obj
 0001:00007940       sf_c2_collect_data_get_check_sum 0000000180008940 f   c2_collect_data.obj
 0001:000079c0       sf_c2_collect_data_get_autoinheritance_info 00000001800089c0 f   c2_collect_data.obj
 0001:00007f30       sf_internal_get_sim_state_c2_collect_data 0000000180008f30 f   c2_collect_data.obj
 0001:00008300       sf_internal_set_sim_state_c2_collect_data 0000000180009300 f   c2_collect_data.obj
 0001:00008800       sf_c2_collect_data_get_testpoint_info 0000000180009800 f   c2_collect_data.obj
 0001:00008840       c2_collect_data_method_dispatcher 0000000180009840 f   c2_collect_data.obj
 0001:0000d390       sf_process_check_sum_call  000000018000e390 f   collect_data_sfun_registry.obj
 0001:0000d3e0       sf_process_testpoint_info_call 000000018000e3e0 f   collect_data_sfun_registry.obj
 0001:0000d430       sf_process_autoinheritance_call 000000018000e430 f   collect_data_sfun_registry.obj
 0001:0000d5d0       sf_process_get_eml_resolved_functions_info_call 000000018000e5d0 f   collect_data_sfun_registry.obj
 0001:0000d750       sf_mex_unlock_call         000000018000e750 f   collect_data_sfun_registry.obj
 0001:0000d800       sf_machine_global_initializer_called 000000018000e800 f   collect_data_sfun_registry.obj
 0001:0000d830       sf_machine_global_method_dispatcher 000000018000e830 f   collect_data_sfun_registry.obj
 0001:0000d890       sf_machine_global_terminator 000000018000e890 f   collect_data_sfun_registry.obj
 0001:0000d8d0       sf_register_machine_exported_symbols 000000018000e8d0 f   collect_data_sfun_registry.obj
 0001:0000d8f0       callCustomFcn              000000018000e8f0 f   collect_data_sfun_registry.obj
 0001:0000d900       sf_machine_global_initializer 000000018000e900 f   collect_data_sfun_registry.obj
 0001:0000d970       _ssSetStateAbsTol          000000018000e970 f   collect_data_sfun_registry.obj
 0001:0000da50       _ssGetAbsTol               000000018000ea50 f   collect_data_sfun_registry.obj
 0001:0000dac0       _ssSetInputPortMatrixDimensions 000000018000eac0 f   collect_data_sfun_registry.obj
 0001:0000dbd0       _ssSetOutputPortMatrixDimensions 000000018000ebd0 f   collect_data_sfun_registry.obj
 0001:0000dce0       _ssSetInputPortVectorDimension 000000018000ece0 f   collect_data_sfun_registry.obj
 0001:0000ddb0       _ssSetOutputPortVectorDimension 000000018000edb0 f   collect_data_sfun_registry.obj
 0001:0000de80       ssIsRunTimeParamTunable    000000018000ee80 f   collect_data_sfun_registry.obj
 0001:0000def0       ssGetSFuncBlockHandle      000000018000eef0 f   collect_data_sfun_registry.obj
 0001:0000df60       _ssGetCurrentInputPortWidth 000000018000ef60 f   collect_data_sfun_registry.obj
 0001:0000e080       _ssGetCurrentOutputPortWidth 000000018000f080 f   collect_data_sfun_registry.obj
 0001:0000e1a0       _ssGetCallSystemNumFcnCallDestinations 000000018000f1a0 f   collect_data_sfun_registry.obj
 0001:0000e210       ssWarning                  000000018000f210 f   collect_data_sfun_registry.obj
 0001:0000e320       ssGetIsZeroCrossControlDisabled 000000018000f320 f   collect_data_sfun_registry.obj
 0001:0000e390       ssSetIsInputPortUsedForContZcSignal 000000018000f390 f   collect_data_sfun_registry.obj
 0001:0000e400       ssSetZcSignalIsZcElementDisc 000000018000f400 f   collect_data_sfun_registry.obj
 0001:0000e4b0       ssSetZcSignalName          000000018000f4b0 f   collect_data_sfun_registry.obj
 0001:0000e520       ssSetZcSignalWidth         000000018000f520 f   collect_data_sfun_registry.obj
 0001:0000e590       ssSetZcSignalZcEventType   000000018000f590 f   collect_data_sfun_registry.obj
 0001:0000e600       ssSetZcSignalType          000000018000f600 f   collect_data_sfun_registry.obj
 0001:0000e670       ssSetZcSignalZcTol         000000018000f670 f   collect_data_sfun_registry.obj
 0001:0000e6e0       ssSetZcSignalNeedsEventNotification 000000018000f6e0 f   collect_data_sfun_registry.obj
 0001:0000e750       ssCreateAndAddZcSignalInfo 000000018000f750 f   collect_data_sfun_registry.obj
 0001:0000e7c0       ssCloneAndAddZcSignalInfo  000000018000f7c0 f   collect_data_sfun_registry.obj
 0001:0000e830       ssGetNumZcSignals          000000018000f830 f   collect_data_sfun_registry.obj
 0001:0000e8a0       ssGetZcSignalVector        000000018000f8a0 f   collect_data_sfun_registry.obj
 0001:0000e910       ssGetZcSignalZcEvents      000000018000f910 f   collect_data_sfun_registry.obj
 0001:0000e980       ssGetZcSignalName          000000018000f980 f   collect_data_sfun_registry.obj
 0001:0000e9f0       ssGetZcSignalWidth         000000018000f9f0 f   collect_data_sfun_registry.obj
 0001:0000ea60       ssGetZcSignalZcEventType   000000018000fa60 f   collect_data_sfun_registry.obj
 0001:0000ead0       ssGetZcSignalType          000000018000fad0 f   collect_data_sfun_registry.obj
 0001:0000eb40       ssGetZcSignalZcTol         000000018000fb40 f   collect_data_sfun_registry.obj
 0001:0000ebc0       ssGetZcSignalNeedsEventNotification 000000018000fbc0 f   collect_data_sfun_registry.obj
 0001:0000ec30       ssGetZcSignalIsZcElementDisc 000000018000fc30 f   collect_data_sfun_registry.obj
 0001:0000ecd0       ssGetIsInputPortElementContinuous 000000018000fcd0 f   collect_data_sfun_registry.obj
 0001:0000ed70       _ssGetInputPortSignalPtrsFcn 000000018000fd70 f   collect_data_sfun_registry.obj
 0001:0000f030       _ssGetInputPortSignalFcn   0000000180010030 f   collect_data_sfun_registry.obj
 0001:0000f250       _ssSetInputPortDirectFeedThroughFcn 0000000180010250 f   collect_data_sfun_registry.obj
 0001:0000f3b0       _ssSetInputPortReusableFcn 00000001800103b0 f   collect_data_sfun_registry.obj
 0001:0000f4a0       _ssSetOutputPortReusableFcn 00000001800104a0 f   collect_data_sfun_registry.obj
 0001:0000f580       ssGetDTypeIdFromMxArray    0000000180010580 f   collect_data_sfun_registry.obj
 0001:0000f6a0       ssWriteRTWStr              00000001800106a0 f   collect_data_sfun_registry.obj
 0001:0000f700       ssWriteRTWMxVectParam      0000000180010700 f   collect_data_sfun_registry.obj
 0001:0000f760       ssWriteRTWMx2dMatParam     0000000180010760 f   collect_data_sfun_registry.obj
 0001:0000f7e0       ssWriteRTWNameValuePair    00000001800107e0 f   collect_data_sfun_registry.obj
 0001:0000fcd0       ssWriteRTWParameters       0000000180010cd0 f   collect_data_sfun_registry.obj
 0001:000102d0       ssWriteRTWParamSettings    00000001800112d0 f   collect_data_sfun_registry.obj
 0001:000109a0       ssWriteRTWWorkVect         00000001800119a0 f   collect_data_sfun_registry.obj
 0001:00010ea0       mexFunction                0000000180011ea0 f   collect_data_sfun_registry.obj
 0001:00012b80       ProcessMexSfunctionEveryCall 0000000180013b80 f   collect_data_sfun_registry.obj
 0001:00012cf0       collect_data_initializer   0000000180013cf0 f   collect_data_sfun.obj
 0001:00012d00       collect_data_terminator    0000000180013d00 f   collect_data_sfun.obj
 0001:00012d10       sf_collect_data_method_dispatcher 0000000180013d10 f   collect_data_sfun.obj
 0001:00012d80       sf_collect_data_process_testpoint_info_call 0000000180013d80 f   collect_data_sfun.obj
 0001:00012f20       sf_collect_data_process_check_sum_call 0000000180013f20 f   collect_data_sfun.obj
 0001:00013340       sf_collect_data_autoinheritance_info 0000000180014340 f   collect_data_sfun.obj
 0001:00013500       sf_collect_data_get_eml_resolved_functions_info 0000000180014500 f   collect_data_sfun.obj
 0001:00013670       collect_data_debug_initialize 0000000180014670 f   collect_data_sfun.obj
 0001:000136e0       collect_data_register_exported_symbols 00000001800146e0 f   collect_data_sfun.obj
 0001:000136f0       load_collect_data_optimization_info 00000001800146f0 f   collect_data_sfun.obj
 0001:00013740       unload_collect_data_optimization_info 0000000180014740 f   collect_data_sfun.obj
 0001:00013860       sf_mex_mx_is_numeric       0000000180014860 f   sfc_mex:sfc_mex.obj
 0001:000138a0       strcmp_ignore_ws           00000001800148a0 f   sfc_mex:sfc_mex.obj
 0001:000139e0       sf_mex_duplicatearraysafe  00000001800149e0 f   sfc_mex:sfc_mex.obj
 0001:00013b40       sf_set_error_debugger_context_message_fcn 0000000180014b40 f   sfc_mex:sfc_mex.obj
 0001:00013b50       sf_set_debugger_matlab_error_fcn 0000000180014b50 f   sfc_mex:sfc_mex.obj
 0001:00013b80       sf_set_error_prefix_string 0000000180014b80 f   sfc_mex:sfc_mex.obj
 0001:00013bb0       sf_get_error_prefix_string 0000000180014bb0 f   sfc_mex:sfc_mex.obj
 0001:00013bc0       sf_mex_enter_parallel_region 0000000180014bc0 f   sfc_mex:sfc_mex.obj
 0001:00013bd0       sf_mex_exit_parallel_region 0000000180014bd0 f   sfc_mex:sfc_mex.obj
 0001:00013be0       sf_get_current_jmp_buf_ptr 0000000180014be0 f   sfc_mex:sfc_mex.obj
 0001:00013bf0       sf_set_current_jmp_buf_ptr 0000000180014bf0 f   sfc_mex:sfc_mex.obj
 0001:00013c00       sf_mex_set_halt_simulation 0000000180014c00 f   sfc_mex:sfc_mex.obj
 0001:00013c10       sf_mex_get_halt_simulation 0000000180014c10 f   sfc_mex:sfc_mex.obj
 0001:00013c20       sf_mex_clear_error_message 0000000180014c20 f   sfc_mex:sfc_mex.obj
 0001:00013c40       sf_mex_get_error_message_for_read 0000000180014c40 f   sfc_mex:sfc_mex.obj
 0001:00013c50       sf_mex_get_error_message_buffer_length 0000000180014c50 f   sfc_mex:sfc_mex.obj
 0001:00013d30       sf_mex_warning_message     0000000180014d30 f   sfc_mex:sfc_mex.obj
 0001:00013da0       sf_mex_v_errbuf_createf    0000000180014da0 f   sfc_mex:sfc_mex.obj
 0001:00013db0       sf_mex_errbuf_createf      0000000180014db0 f   sfc_mex:sfc_mex.obj
 0001:00013de0       sf_mex_v_errbuf_catf       0000000180014de0 f   sfc_mex:sfc_mex.obj
 0001:00013e20       sf_mex_errbuf_catf         0000000180014e20 f   sfc_mex:sfc_mex.obj
 0001:00013e70       sf_mex_errbuf_copy         0000000180014e70 f   sfc_mex:sfc_mex.obj
 0001:00013e80       sf_mex_errbuf_clear        0000000180014e80 f   sfc_mex:sfc_mex.obj
 0001:00013e90       sf_mex_errbuf_isempty      0000000180014e90 f   sfc_mex:sfc_mex.obj
 0001:00013fa0       sf_mex_set_error_status    0000000180014fa0 f   sfc_mex:sfc_mex.obj
 0001:00013ff0       sf_mex_error_direct_call   0000000180014ff0 f   sfc_mex:sfc_mex.obj
 0001:00014010       sf_mex_error_message_no_long_jump 0000000180015010 f   sfc_mex:sfc_mex.obj
 0001:00014030       sf_mex_long_jump_on_error  0000000180015030 f   sfc_mex:sfc_mex.obj
 0001:00014060       sf_mex_call_matlab         0000000180015060 f   sfc_mex:sfc_mex.obj
 0001:00014180       sf_mex_check_builtin       0000000180015180 f   sfc_mex:sfc_mex.obj
 0001:00014220       sf_mex_check_builtin_vs    0000000180015220 f   sfc_mex:sfc_mex.obj
 0001:000142e0       sf_mex_check_enum          00000001800152e0 f   sfc_mex:sfc_mex.obj
 0001:00014360       sf_mex_create_enum         0000000180015360 f   sfc_mex:sfc_mex.obj
 0001:000143d0       sf_mex_get_enum_element    00000001800153d0 f   sfc_mex:sfc_mex.obj
 0001:000143e0       sf_mex_createcellarray     00000001800153e0 f   sfc_mex:sfc_mex.obj
 0001:000143f0       sf_mex_setcell             00000001800153f0 f   sfc_mex:sfc_mex.obj
 0001:00014400       sf_mex_getcell             0000000180015400 f   sfc_mex:sfc_mex.obj
 0001:00014410       sf_mex_dup                 0000000180015410 f   sfc_mex:sfc_mex.obj
 0001:00014430       sf_mex_assign              0000000180015430 f   sfc_mex:sfc_mex.obj
 0001:000144b0       sf_mex_destroy             00000001800154b0 f   sfc_mex:sfc_mex.obj
 0001:000144e0       mx_array_has_fi_type       00000001800154e0 f   sfc_mex:sfc_mex.obj
 0001:00014510       sf_mex_convert_from_fi     0000000180015510 f   sfc_mex:sfc_mex.obj
 0001:00014640       sf_mex_convert_to_double   0000000180015640 f   sfc_mex:sfc_mex.obj
 0001:00014760       sf_mex_import_fi_vs        0000000180015760 f   sfc_mex:sfc_mex.obj
 0001:00014920       sf_matrix_matrix_index_ok  0000000180015920 f   sfc_mex:sfc_mex.obj
 0001:000149b0       sf_vector_vector_index_ok  00000001800159b0 f   sfc_mex:sfc_mex.obj
 0001:000149e0       ssGetCurrentInputPortDimensions_wrapper 00000001800159e0 f   sfc_mex:sfc_mex.obj
 0001:00014a00       ssGetCurrentOutputPortDimensions_wrapper 0000000180015a00 f   sfc_mex:sfc_mex.obj
 0001:00014a20       sf_mex_emlrt_context_is_debug_mode 0000000180015a20 f   sfc_mex:sfc_mex.obj
 0001:00014a30       sf_mex_emlrt_context_set_debug_mode 0000000180015a30 f   sfc_mex:sfc_mex.obj
 0001:00014a40       sf_mex_emlrtNameCapturePostProcessR2012a 0000000180015a40 f   sfc_mex:sfc_mex.obj
 0001:00014ab0       sf_clear_error_manager_info 0000000180015ab0 f   sfc_mex:sfc_mex.obj
 0001:00014b10       sf_mex_stop_simulation_abruptly_wo_error 0000000180015b10 f   sfc_mex:sfc_mex.obj
 0001:00014b50       sf_mex_error_message       0000000180015b50 f   sfc_mex:sfc_mex.obj
 0001:00014bb0       sf_react_to_error_in_matlab_call 0000000180015bb0 f   sfc_mex:sfc_mex.obj
 0001:00014be0       sf_mex_addfield            0000000180015be0 f   sfc_mex:sfc_mex.obj
 0001:00014c80       sf_mex_getfield            0000000180015c80 f   sfc_mex:sfc_mex.obj
 0001:00014f80       sf_mex_check_class         0000000180015f80 f   sfc_mex:sfc_mex.obj
 0001:00015020       sf_mex_is_real             0000000180016020 f   sfc_mex:sfc_mex.obj
 0001:00015490       sf_mex_decode_encoded_mx_struct_array 0000000180016490 f   sfc_mex:sfc_mex.obj
 0001:00015770       sf_mex_lw_bounds_check     0000000180016770 f   sfc_mex:sfc_mex.obj
 0001:000157a0       sf_mex_lw_size_eq_check_1d 00000001800167a0 f   sfc_mex:sfc_mex.obj
 0001:000157c0       sf_mex_lw_size_eq_check_nd 00000001800167c0 f   sfc_mex:sfc_mex.obj
 0001:000159a0       sf_mex_lw_dim_size_eq_check 00000001800169a0 f   sfc_mex:sfc_mex.obj
 0001:000159d0       sf_mex_lw_dim_size_geq_check 00000001800169d0 f   sfc_mex:sfc_mex.obj
 0001:00015a00       sf_mex_lw_sub_assign_size_check_nd 0000000180016a00 f   sfc_mex:sfc_mex.obj
 0001:00015c30       sf_mex_lw_runtime_error_msgid 0000000180016c30 f   sfc_mex:sfc_mex.obj
 0001:00015d20       sf_mex_lw_matrix_matrix_index_check 0000000180016d20 f   sfc_mex:sfc_mex.obj
 0001:00015d40       sf_mex_lw_vector_vector_index_check 0000000180016d40 f   sfc_mex:sfc_mex.obj
 0001:00015d80       sf_mex_lw_for_loop_vector_check 0000000180016d80 f   sfc_mex:sfc_mex.obj
 0001:00015e10       sf_mex_lw_non_negative_check 0000000180016e10 f   sfc_mex:sfc_mex.obj
 0001:00015e50       sf_mex_overflow_error      0000000180016e50 f   sfc_mex:sfc_mex.obj
 0001:00015e60       sf_mex_dividebyzero_error  0000000180016e60 f   sfc_mex:sfc_mex.obj
 0001:00015e70       sf_mex_unsafe_enum_error   0000000180016e70 f   sfc_mex:sfc_mex.obj
 0001:00015e80       sf_emlrtErrHandler         0000000180016e80 f   sfc_mex:sfc_mex.obj
 0001:00015f60       sf_mex_size_one_check      0000000180016f60 f   sfc_mex:sfc_mex.obj
 0001:00015f80       sf_mex_printf              0000000180016f80 f   sfc_mex:sfc_mex.obj
 0001:00016150       sf_mex_check_size          0000000180017150 f   sfc_mex:sfc_mex.obj
 0001:00016420       sf_mex_check_struct        0000000180017420 f   sfc_mex:sfc_mex.obj
 0001:00016680       sf_mex_check_struct_vs     0000000180017680 f   sfc_mex:sfc_mex.obj
 0001:00016710       sf_mex_check_fi            0000000180017710 f   sfc_mex:sfc_mex.obj
 0001:00016810       sf_mex_check_fi_vs         0000000180017810 f   sfc_mex:sfc_mex.obj
 0001:000168b0       sf_echo_expression         00000001800178b0 f   sfc_mex:sfc_mex.obj
 0001:00016910       sf_assertion_failed        0000000180017910 f   sfc_mex:sfc_mex.obj
 0001:00016bf0       sf_mex_evalin              0000000180017bf0 f   sfc_mex:sfc_mex.obj
 0001:00016e60       sf_mex_export              0000000180017e60 f   sfc_mex:sfc_mex.obj
 0001:00016f20       sf_mex_get_ml_var_no_error 0000000180017f20 f   sfc_mex:sfc_mex.obj
 0001:000170c0       sf_mex_get_ml_var          00000001800180c0 f   sfc_mex:sfc_mex.obj
 0001:00017560       ml_set_element_value_in_array 0000000180018560 f   sfc_mex:sfc_mex.obj
 0001:00018c30       sf_mex_call_impl           0000000180019c30 f   sfc_mex:sfc_mex.obj
 0001:00019160       sf_mex_call_debug          000000018001a160 f   sfc_mex:sfc_mex.obj
 0001:00019190       sf_mex_call                000000018001a190 f   sfc_mex:sfc_mex.obj
 0001:000197e0       sf_mex_createstruct        000000018001a7e0 f   sfc_mex:sfc_mex.obj
 0001:000198d0       sf_mex_createstructarray   000000018001a8d0 f   sfc_mex:sfc_mex.obj
 0001:00019950       sf_mex_get_mx_datatype_from_sf_datatype 000000018001a950 f   sfc_mex:sfc_mex.obj
 0001:00019c60       sf_mex_ml_var_sub          000000018001ac60 f   sfc_mex:sfc_mex.obj
 0001:00019e30       sf_mex_ml_var_subsasgn     000000018001ae30 f   sfc_mex:sfc_mex.obj
 0001:0001a220       sf_mex_sub                 000000018001b220 f   sfc_mex:sfc_mex.obj
 0001:0001a420       sf_mex_subsasgn            000000018001b420 f   sfc_mex:sfc_mex.obj
 0001:0001a900       sf_mex_create              000000018001b900 f   sfc_mex:sfc_mex.obj
 0001:0001b350       sf_mex_import_named        000000018001c350 f   sfc_mex:sfc_mex.obj
 0001:0001b3b0       sf_mex_import              000000018001c3b0 f   sfc_mex:sfc_mex.obj
 0001:0001b400       sf_mex_import_vs           000000018001c400 f   sfc_mex:sfc_mex.obj
 0001:0001b510       sf_mex_lower_fixpt_mx_array 000000018001c510 f   sfc_mex:sfc_mex.obj
 0001:0001b800       sf_send_message_wrapper    000000018001c800 f   sfc_mex:sfc_sf.obj
 0001:0001b830       sf_receive_message_wrapper 000000018001c830 f   sfc_mex:sfc_sf.obj
 0001:0001b870       sf_check_out_message_wrapper 000000018001c870 f   sfc_mex:sfc_sf.obj
 0001:0001b8b0       sf_check_in_message_wrapper 000000018001c8b0 f   sfc_mex:sfc_sf.obj
 0001:0001b8f0       sf_no_message_wrapper      000000018001c8f0 f   sfc_mex:sfc_sf.obj
 0001:0001bc80       sim_mode_is_rtw_gen        000000018001cc80 f   sfc_mex:sfc_sf.obj
 0001:0001bcb0       sim_mode_is_external       000000018001ccb0 f   sfc_mex:sfc_sf.obj
 0001:0001bcc0       sim_mode_is_modelref_sim   000000018001ccc0 f   sfc_mex:sfc_sf.obj
 0001:0001bce0       mdlInitializeSizes         000000018001cce0 f   sfc_mex:sfc_sf.obj
 0001:0001bd00       mdlInitializeSampleTimes   000000018001cd00 f   sfc_mex:sfc_sf.obj
 0001:0001bd40       mdlZeroCrossings           000000018001cd40 f   sfc_mex:sfc_sf.obj
 0001:0001be20       mdlDerivatives             000000018001ce20 f   sfc_mex:sfc_sf.obj
 0001:0001bed0       mdl_initialize_conditions_processing 000000018001ced0 f   sfc_mex:sfc_sf.obj
 0001:0001bf00       mdlInitializeConditions    000000018001cf00 f   sfc_mex:sfc_sf.obj
 0001:0001bfc0       mdlGetSimState             000000018001cfc0 f   sfc_mex:sfc_sf.obj
 0001:0001bfd0       mdlSetSimState             000000018001cfd0 f   sfc_mex:sfc_sf.obj
 0001:0001bfe0       mdl_ext_mode_exec_processing 000000018001cfe0 f   sfc_mex:sfc_sf.obj
 0001:0001c000       mdlExtModeExec             000000018001d000 f   sfc_mex:sfc_sf.obj
 0001:0001c190       mdlTerminate               000000018001d190 f   sfc_mex:sfc_sf.obj
 0001:0001c200       mdlRTW                     000000018001d200 f   sfc_mex:sfc_sf.obj
 0001:0001c230       mdlSetWorkWidths           000000018001d230 f   sfc_mex:sfc_sf.obj
 0001:0001c240       mdlProcessParameters       000000018001d240 f   sfc_mex:sfc_sf.obj
 0001:0001c250       mdl_start_processing       000000018001d250 f   sfc_mex:sfc_sf.obj
 0001:0001c2b0       mdlStart                   000000018001d2b0 f   sfc_mex:sfc_sf.obj
 0001:0001c3c0       mdlEnable                  000000018001d3c0 f   sfc_mex:sfc_sf.obj
 0001:0001c490       mdlDisable                 000000018001d490 f   sfc_mex:sfc_sf.obj
 0001:0001c540       sf_get_chart_instance_ptr  000000018001d540 f   sfc_mex:sfc_sf.obj
 0001:0001c560       sf_load_rtw_optimization_info 000000018001d560 f   sfc_mex:sfc_sf.obj
 0001:0001c630       sf_rtw_info_uint_prop      000000018001d630 f   sfc_mex:sfc_sf.obj
 0001:0001c770       sf_is_chart_inlinable      000000018001d770 f   sfc_mex:sfc_sf.obj
 0001:0001c790       sf_mark_output_events_with_multiple_callers 000000018001d790 f   sfc_mex:sfc_sf.obj
 0001:0001c920       sf_mark_chart_reusable_outputs 000000018001d920 f   sfc_mex:sfc_sf.obj
 0001:0001cb80       sf_mark_chart_expressionable_inputs 000000018001db80 f   sfc_mex:sfc_sf.obj
 0001:0001cde0       sf_get_subchart_simstruct  000000018001dde0 f   sfc_mex:sfc_sf.obj
 0001:0001ce30       sf_get_fixpt_data_type_id  000000018001de30 f   sfc_mex:sfc_sf.obj
 0001:0001ce70       sf_get_enum_data_type_id   000000018001de70 f   sfc_mex:sfc_sf.obj
 0001:0001ceb0       sf_get_param_data_type_id  000000018001deb0 f   sfc_mex:sfc_sf.obj
 0001:0001cee0       sf_mex_listen_for_ctrl_c_force 000000018001dee0 f   sfc_mex:sfc_sf.obj
 0001:0001cff0       sf_mex_draw_now            000000018001dff0 f   sfc_mex:sfc_sf.obj
 0001:0001d030       sf_mex_set_debugger_sim_status_listener_fcn 000000018001e030 f   sfc_mex:sfc_sf.obj
 0001:0001d040       sf_mex_listen_for_ctrl_c   000000018001e040 f   sfc_mex:sfc_sf.obj
 0001:0001d0d0       sf_mex_get_sfun_param      000000018001e0d0 f   sfc_mex:sfc_sf.obj
 0001:0001d120       sf_get_runtime_param_data  000000018001e120 f   sfc_mex:sfc_sf.obj
 0001:0001d160       sf_call_output_fcn_call    000000018001e160 f   sfc_mex:sfc_sf.obj
 0001:0001d2a0       sf_call_output_fcn_enable  000000018001e2a0 f   sfc_mex:sfc_sf.obj
 0001:0001d330       sf_call_output_fcn_disable 000000018001e330 f   sfc_mex:sfc_sf.obj
 0001:0001d3c0       sf_clear_rtw_identifier    000000018001e3c0 f   sfc_mex:sfc_sf.obj
 0001:0001dbb0       sf_set_encoded_dwork_info  000000018001ebb0 f   sfc_mex:sfc_sf.obj
 0001:0001dc00       sf_get_dwork_info_from_mat_file 000000018001ec00 f   sfc_mex:sfc_sf.obj
 0001:0001ddc0       sf_set_rtw_dwork_info      000000018001edc0 f   sfc_mex:sfc_sf.obj
 0001:0001df30       mdlOutputs                 000000018001ef30 f   sfc_mex:sfc_sf.obj
 0001:0001e0d0       sf_debug_disp              000000018001f0d0 f   sfc_debug:sfcdebug.obj
 0001:0001e330       sf_debug_data_runtime_size_mismatch_error_check 000000018001f330 f   sfc_debug:sfcdebug.obj
 0001:0001e3d0       sf_debug_try_loading_machine 000000018001f3d0 f   sfc_debug:sfcdebug.obj
 0001:0001e4d0       sf_debug_reset_current_state_configuration 000000018001f4d0 f   sfc_debug:sfcdebug.obj
 0001:0001e560       sf_debug_store_current_state_configuration 000000018001f560 f   sfc_debug:sfcdebug.obj
 0001:0001e5f0       sf_debug_restore_previous_state_configuration 000000018001f5f0 f   sfc_debug:sfcdebug.obj
 0001:0001e680       sf_debug_restore_previous_state_configuration2 000000018001f680 f   sfc_debug:sfcdebug.obj
 0001:0001e710       sf_debug_get_event_scope   000000018001f710 f   sfc_debug:sfcdebug.obj
 0001:0001e880       use_debugger_step_animation 000000018001f880 f   sfc_debug:sfcdebug.obj
 0001:0001e8a0       sf_debug_get_script_id     000000018001f8a0 f   sfc_debug:sfcdebug.obj
 0001:0001e930       sf_debug_set_script_translation 000000018001f930 f   sfc_debug:sfcdebug.obj
 0001:0001eab0       sf_debug_extract_message_post_receive_info 000000018001fab0 f   sfc_debug:sfcdebug.obj
 0001:0001ebb0       sf_debug_get_current_machine_id 000000018001fbb0 f   sfc_debug:sfcdebug.obj
 0001:0001ebd0       sf_debug_get_current_optional_integer 000000018001fbd0 f   sfc_debug:sfcdebug.obj
 0001:0001ebe0       sf_debug_get_current_machine_number 000000018001fbe0 f   sfc_debug:sfcdebug.obj
 0001:0001ec00       sf_debug_get_current_machine_name 000000018001fc00 f   sfc_debug:sfcdebug.obj
 0001:0001ec20       sf_debug_get_current_chart_id 000000018001fc20 f   sfc_debug:sfcdebug.obj
 0001:0001ec70       sf_debug_get_current_chart_number 000000018001fc70 f   sfc_debug:sfcdebug.obj
 0001:0001ec80       sf_debug_get_current_instance_number 000000018001fc80 f   sfc_debug:sfcdebug.obj
 0001:0001ec90       sf_debug_get_current_is_minor_time_step 000000018001fc90 f   sfc_debug:sfcdebug.obj
 0001:0001ed10       sf_debug_get_current_object_type 000000018001fd10 f   sfc_debug:sfcdebug.obj
 0001:0001ed20       sf_debug_get_current_instance_handle 000000018001fd20 f   sfc_debug:sfcdebug.obj
 0001:0001ed80       sf_debug_get_current_event_type 000000018001fd80 f   sfc_debug:sfcdebug.obj
 0001:0001ed90       sf_debug_get_current_object_id 000000018001fd90 f   sfc_debug:sfcdebug.obj
 0001:0001edd0       sf_debug_get_current_active_event_type 000000018001fdd0 f   sfc_debug:sfcdebug.obj
 0001:0001ede0       sf_debug_get_current_active_event_id 000000018001fde0 f   sfc_debug:sfcdebug.obj
 0001:0001ee20       sf_debug_get_current_tag_type 000000018001fe20 f   sfc_debug:sfcdebug.obj
 0001:0001ee30       sf_debug_get_current_simulation_time 000000018001fe30 f   sfc_debug:sfcdebug.obj
 0001:0001ee40       sf_debug_get_current_coverage_percentage 000000018001fe40 f   sfc_debug:sfcdebug.obj
 0001:0001ee50       sf_debug_current_statement_context 000000018001fe50 f   sfc_debug:sfcdebug.obj
 0001:0001eee0       sf_debug_get_current_statement_info 000000018001fee0 f   sfc_debug:sfcdebug.obj
 0001:0001f060       sf_debug_terminate_instance 0000000180020060 f   sfc_debug:sfcdebug.obj
 0001:0001f3a0       sf_debug_assertion_failed  00000001800203a0 f   sfc_debug:sfcdebug.obj
 0001:0001f600       sf_debug_set_number_of_data_with_change_event_for_machine 0000000180020600 f   sfc_debug:sfcdebug.obj
 0001:0001f640       sf_debug_set_machine_event_thresholds 0000000180020640 f   sfc_debug:sfcdebug.obj
 0001:0001f660       sf_debug_set_machine_event_scope 0000000180020660 f   sfc_debug:sfcdebug.obj
 0001:0001f6a0       sf_debug_set_machine_data_thresholds 00000001800206a0 f   sfc_debug:sfcdebug.obj
 0001:0001f6e0       sf_debug_set_machine_data_scope 00000001800206e0 f   sfc_debug:sfcdebug.obj
 0001:0001f770       sf_debug_set_machine_data_name 0000000180020770 f   sfc_debug:sfcdebug.obj
 0001:0001f810       sf_debug_set_machine_data_size 0000000180020810 f   sfc_debug:sfcdebug.obj
 0001:0001f950       sf_debug_set_machine_data_type 0000000180020950 f   sfc_debug:sfcdebug.obj
 0001:0001fac0       sf_debug_get_chart_data_number 0000000180020ac0 f   sfc_debug:sfcdebug.obj
 0001:0001fae0       sf_debug_get_chart_event_number 0000000180020ae0 f   sfc_debug:sfcdebug.obj
 0001:0001fb00       sf_debug_set_chart_state_info 0000000180020b00 f   sfc_debug:sfcdebug.obj
 0001:0001fb80       sf_debug_set_chart_decomposition 0000000180020b80 f   sfc_debug:sfcdebug.obj
 0001:0001fbf0       sf_debug_set_chart_substate_count 0000000180020bf0 f   sfc_debug:sfcdebug.obj
 0001:0001fcd0       sf_debug_set_chart_substate_index 0000000180020cd0 f   sfc_debug:sfcdebug.obj
 0001:0001fd40       sf_debug_set_chart_state_substate_count 0000000180020d40 f   sfc_debug:sfcdebug.obj
 0001:0001fe50       sf_debug_set_chart_state_substate_index 0000000180020e50 f   sfc_debug:sfcdebug.obj
 0001:0001fed0       sf_debug_set_number_of_data_with_change_event_for_chart 0000000180020ed0 f   sfc_debug:sfcdebug.obj
 0001:0001ff50       sf_debug_set_number_of_states_with_entry_event_for_chart 0000000180020f50 f   sfc_debug:sfcdebug.obj
 0001:0001ffc0       sf_debug_set_number_of_states_with_exit_event_for_chart 0000000180020fc0 f   sfc_debug:sfcdebug.obj
 0001:00020030       sf_debug_set_chart_disable_implicit_casting 0000000180021030 f   sfc_debug:sfcdebug.obj
 0001:000200a0       sf_debug_set_chart_event_thresholds 00000001800210a0 f   sfc_debug:sfcdebug.obj
 0001:00020110       sf_debug_set_chart_data_compiled_props 0000000180021110 f   sfc_debug:sfcdebug.obj
 0001:00020460       sf_debug_set_chart_data_props 0000000180021460 f   sfc_debug:sfcdebug.obj
 0001:00020780       sf_debug_check_fi_license  0000000180021780 f   sfc_debug:sfcdebug.obj
 0001:00020970       sf_debug_symbol_scope_push 0000000180021970 f   sfc_debug:sfcdebug.obj
 0001:000209b0       sf_debug_symbol_scope_push_eml 00000001800219b0 f   sfc_debug:sfcdebug.obj
 0001:00020a00       sf_debug_symbol_scope_pop  0000000180021a00 f   sfc_debug:sfcdebug.obj
 0001:00020a40       sf_debug_symbol_scope_add_importable 0000000180021a40 f   sfc_debug:sfcdebug.obj
 0001:00020ac0       sf_debug_symbol_scope_add  0000000180021ac0 f   sfc_debug:sfcdebug.obj
 0001:00020b40       sf_debug_symbol_scope_add_dyn_importable 0000000180021b40 f   sfc_debug:sfcdebug.obj
 0001:00020c00       sf_debug_symbol_scope_add_dyn 0000000180021c00 f   sfc_debug:sfcdebug.obj
 0001:00020c30       sf_debug_symbol_scope_add_eml_importable 0000000180021c30 f   sfc_debug:sfcdebug.obj
 0001:00020c70       sf_debug_symbol_scope_add_eml 0000000180021c70 f   sfc_debug:sfcdebug.obj
 0001:00020cb0       sf_debug_symbol_scope_add_eml_dyn_importable 0000000180021cb0 f   sfc_debug:sfcdebug.obj
 0001:00020d20       sf_debug_symbol_scope_add_eml_dyn 0000000180021d20 f   sfc_debug:sfcdebug.obj
 0001:00020d80       sf_debug_symbol_switch     0000000180021d80 f   sfc_debug:sfcdebug.obj
 0001:00020da0       sf_debug_symbol_scope_add_verbose 0000000180021da0 f   sfc_debug:sfcdebug.obj
 0001:00020e70       sf_debug_set_machine_data_value_ptr 0000000180021e70 f   sfc_debug:sfcdebug.obj
 0001:00020eb0       sf_debug_set_instance_data_value_ptr 0000000180021eb0 f   sfc_debug:sfcdebug.obj
 0001:00020f70       sf_debug_unset_instance_data_value_ptr 0000000180021f70 f   sfc_debug:sfcdebug.obj
 0001:00021020       sf_debug_set_chart_event_scope 0000000180022020 f   sfc_debug:sfcdebug.obj
 0001:000210a0       sf_debug_set_chart_transition_coverage_maps 00000001800220a0 f   sfc_debug:sfcdebug.obj
 0001:000211b0       sf_debug_set_chart_state_coverage_maps 00000001800221b0 f   sfc_debug:sfcdebug.obj
 0001:00021290       sf_debug_set_instance_transition_coverage_weights 0000000180022290 f   sfc_debug:sfcdebug.obj
 0001:00021330       sf_debug_set_instance_state_coverage_weights 0000000180022330 f   sfc_debug:sfcdebug.obj
 0001:00021580       sf_debug_unload_machine    0000000180022580 f   sfc_debug:sfcdebug.obj
 0001:000215d0       sf_debug_load_machine      00000001800225d0 f   sfc_debug:sfcdebug.obj
 0001:000216d0       sf_debug_set_active_instance_in_data_dictionary 00000001800226d0 f   sfc_debug:sfcdebug.obj
 0001:000218b0       sf_debug_set_active_instance 00000001800228b0 f   sfc_debug:sfcdebug.obj
 0001:00021a10       sf_debug_chart_visiblity_change 0000000180022a10 f   sfc_debug:sfcdebug.obj
 0001:00021b10       sf_debug_select_chart      0000000180022b10 f   sfc_debug:sfcdebug.obj
 0001:00021c80       sf_debug_set_instance_cv_ids 0000000180022c80 f   sfc_debug:sfcdebug.obj
 0001:00021f90       sf_debug_select_charts     0000000180022f90 f   sfc_debug:sfcdebug.obj
 0001:00022120       sf_debug_initialized       0000000180023120 f   sfc_debug:sfcdebug.obj
 0001:00022130       sf_debug_is_uninterruptible 0000000180023130 f   sfc_debug:sfcdebug.obj
 0001:00022160       sf_debug_initialize_debugger_gui 0000000180023160 f   sfc_debug:sfcdebug.obj
 0001:00022550       sf_debug_resume            0000000180023550 f   sfc_debug:sfcdebug.obj
 0001:00022570       sf_debug_go                0000000180023570 f   sfc_debug:sfcdebug.obj
 0001:00022580       sf_debug_break             0000000180023580 f   sfc_debug:sfcdebug.obj
 0001:00022590       sf_debug_step_over         0000000180023590 f   sfc_debug:sfcdebug.obj
 0001:000225a0       sf_debug_step_out          00000001800235a0 f   sfc_debug:sfcdebug.obj
 0001:000225b0       sf_debug_set_disable_all_breakpoints 00000001800235b0 f   sfc_debug:sfcdebug.obj
 0001:000225c0       sf_debug_disable_all_breakpoints_and_go 00000001800235c0 f   sfc_debug:sfcdebug.obj
 0001:000225d0       sf_debug_break_on_chart_entry 00000001800235d0 f   sfc_debug:sfcdebug.obj
 0001:000225e0       sf_debug_break_on_event_broadcast 00000001800235e0 f   sfc_debug:sfcdebug.obj
 0001:000225f0       sf_debug_break_on_state_entry 00000001800235f0 f   sfc_debug:sfcdebug.obj
 0001:00022600       sf_debug_break_between_times 0000000180023600 f   sfc_debug:sfcdebug.obj
 0001:00022620       sf_debug_browse_data       0000000180023620 f   sfc_debug:sfcdebug.obj
 0001:00022640       sf_debug_watch_data        0000000180023640 f   sfc_debug:sfcdebug.obj
 0001:00022660       sf_debug_assign_data       0000000180023660 f   sfc_debug:sfcdebug.obj
 0001:00022680       sf_debug_whos              0000000180023680 f   sfc_debug:sfcdebug.obj
 0001:000226a0       sf_debug_get_consistency_info 00000001800236a0 f   sfc_debug:sfcdebug.obj
 0001:000226b0       sf_debug_browse_trace      00000001800236b0 f   sfc_debug:sfcdebug.obj
 0001:000226c0       sf_debug_set_breakpoints   00000001800236c0 f   sfc_debug:sfcdebug.obj
 0001:00022820       sf_debug_set_eml_breakpoints 0000000180023820 f   sfc_debug:sfcdebug.obj
 0001:00022980       sf_debug_set_script_breakpoints 0000000180023980 f   sfc_debug:sfcdebug.obj
 0001:00022a00       sf_debug_add_script_breakpoints 0000000180023a00 f   sfc_debug:sfcdebug.obj
 0001:00022a70       sf_debug_clear_script_breakpoints 0000000180023a70 f   sfc_debug:sfcdebug.obj
 0001:00022ae0       sf_debug_query_script_breakpoints 0000000180023ae0 f   sfc_debug:sfcdebug.obj
 0001:00022ba0       sf_debug_get_eml_script_id 0000000180023ba0 f   sfc_debug:sfcdebug.obj
 0001:00022bf0       sf_debug_set_watch         0000000180023bf0 f   sfc_debug:sfcdebug.obj
 0001:00022e20       sf_debug_get_instance_handle 0000000180023e20 f   sfc_debug:sfcdebug.obj
 0001:00022eb0       sf_debug_get_active_states 0000000180023eb0 f   sfc_debug:sfcdebug.obj
 0001:00022ec0       sf_debug_get_animation     0000000180023ec0 f   sfc_debug:sfcdebug.obj
 0001:00022ed0       sf_debug_set_animation     0000000180023ed0 f   sfc_debug:sfcdebug.obj
 0001:00022ee0       sf_debug_animate           0000000180023ee0 f   sfc_debug:sfcdebug.obj
 0001:00022f10       sf_debug_cycle_detection_check 0000000180023f10 f   sfc_debug:sfcdebug.obj
 0001:00022f20       sf_debug_data_range_check  0000000180023f20 f   sfc_debug:sfcdebug.obj
 0001:00022f30       sf_debug_transition_conflict_check 0000000180023f30 f   sfc_debug:sfcdebug.obj
 0001:00022f40       sf_debug_state_consistency_check 0000000180023f40 f   sfc_debug:sfcdebug.obj
 0001:00022f50       sf_debug_data_range_check_enabled 0000000180023f50 f   sfc_debug:sfcdebug.obj
 0001:00022f70       sf_debug_transition_conflict_check_enabled 0000000180023f70 f   sfc_debug:sfcdebug.obj
 0001:00022f90       sf_debug_transition_conflict_check_begin 0000000180023f90 f   sfc_debug:sfcdebug.obj
 0001:00022fb0       sf_debug_transition_conflict_check_end 0000000180023fb0 f   sfc_debug:sfcdebug.obj
 0001:00022fd0       sf_debug_stop_debugging    0000000180023fd0 f   sfc_debug:sfcdebug.obj
 0001:00023000       sf_debug_is_cycle_detected 0000000180024000 f   sfc_debug:sfcdebug.obj
 0001:00023010       sf_debug_is_array_bounds_detected 0000000180024010 f   sfc_debug:sfcdebug.obj
 0001:00023020       sf_debug_get_state_vectors_data_size 0000000180024020 f   sfc_debug:sfcdebug.obj
 0001:00023060       sf_debug_get_state_vectors_data 0000000180024060 f   sfc_debug:sfcdebug.obj
 0001:00023160       sf_debug_set_state_vectors_data 0000000180024160 f   sfc_debug:sfcdebug.obj
 0001:00023420       sf_debug_get_script_index  0000000180024420 f   sfc_debug:sfcdebug.obj
 0001:000235b0       sf_debug_add_script        00000001800245b0 f   sfc_debug:sfcdebug.obj
 0001:00023740       cv_eval_point              0000000180024740 f   sfc_debug:sfcdebug.obj
 0001:000238b0       cv_eval_testobjective      00000001800248b0 f   sfc_debug:sfcdebug.obj
 0001:000239d0       sf_debug_cv_init_state     00000001800249d0 f   sfc_debug:sfcdebug.obj
 0001:00023af0       sf_debug_cv_init_chart     0000000180024af0 f   sfc_debug:sfcdebug.obj
 0001:00023bd0       sf_debug_cv_init_trans     0000000180024bd0 f   sfc_debug:sfcdebug.obj
 0001:00023cd0       sf_debug_cv_init_testobjectives 0000000180024cd0 f   sfc_debug:sfcdebug.obj
 0001:00023eb0       cv_eml_init_script         0000000180024eb0 f   sfc_debug:sfcdebug.obj
 0001:00023fc0       cv_eml_init_fcn            0000000180024fc0 f   sfc_debug:sfcdebug.obj
 0001:00024070       cv_eml_init_testobjective  0000000180025070 f   sfc_debug:sfcdebug.obj
 0001:00024140       cv_eml_init_saturation     0000000180025140 f   sfc_debug:sfcdebug.obj
 0001:00024200       cv_eml_init_if             0000000180025200 f   sfc_debug:sfcdebug.obj
 0001:000242d0       cv_eml_init_for            00000001800252d0 f   sfc_debug:sfcdebug.obj
 0001:00024390       cv_eml_init_while          0000000180025390 f   sfc_debug:sfcdebug.obj
 0001:00024450       cv_eml_init_mcdc           0000000180025450 f   sfc_debug:sfcdebug.obj
 0001:00024560       cv_eml_init_switch         0000000180025560 f   sfc_debug:sfcdebug.obj
 0001:00024650       cv_eml_eval                0000000180025650 f   sfc_debug:sfcdebug.obj
 0001:00024730       sf_debug_bm_is_a_eml_breakpoint 0000000180025730 f   sfc_debug:sfcdebug.obj
 0001:00024880       sf_debug_temporal_threshold 0000000180025880 f   sfc_debug:sfcdebug.obj
 0001:00024be0       sf_debug_transition_conflict_error 0000000180025be0 f   sfc_debug:sfcdebug.obj
 0001:00024f60       sf_debug_state_inconsistency_error 0000000180025f60 f   sfc_debug:sfcdebug.obj
 0001:00025080       sf_debug_check_for_state_inconsistency 0000000180026080 f   sfc_debug:sfcdebug.obj
 0001:000250b0       sf_debug_cycle_detecton_error 00000001800260b0 f   sfc_debug:sfcdebug.obj
 0001:00025880       sf_debug_size_eq_check_1d  0000000180026880 f   sfc_debug:sfcdebug.obj
 0001:000258a0       sf_debug_size_eq_check_nd  00000001800268a0 f   sfc_debug:sfcdebug.obj
 0001:00025a80       sf_debug_dim_size_eq_check 0000000180026a80 f   sfc_debug:sfcdebug.obj
 0001:00025ab0       sf_debug_dim_size_geq_check 0000000180026ab0 f   sfc_debug:sfcdebug.obj
 0001:00025ae0       sf_debug_sub_assign_size_check_nd 0000000180026ae0 f   sfc_debug:sfcdebug.obj
 0001:00025d20       sf_debug_matrix_matrix_index_check 0000000180026d20 f   sfc_debug:sfcdebug.obj
 0001:00025d50       sf_debug_vector_vector_index_check 0000000180026d50 f   sfc_debug:sfcdebug.obj
 0001:00025d80       sf_debug_for_loop_vector_check 0000000180026d80 f   sfc_debug:sfcdebug.obj
 0001:00025e10       sf_debug_runtime_error_msgid 0000000180026e10 f   sfc_debug:sfcdebug.obj
 0001:00025ea0       sf_debug_data_array_bounds_error_check 0000000180026ea0 f   sfc_debug:sfcdebug.obj
 0001:00025fb0       sf_debug_eml_data_array_bounds_error_check 0000000180026fb0 f   sfc_debug:sfcdebug.obj
 0001:00026490       sf_debug_integer_check     0000000180027490 f   sfc_debug:sfcdebug.obj
 0001:00026570       sf_debug_not_nan_check     0000000180027570 f   sfc_debug:sfcdebug.obj
 0001:00026630       sf_debug_non_negative_check 0000000180027630 f   sfc_debug:sfcdebug.obj
 0001:000266f0       sf_debug_overflow_detection 00000001800276f0 f   sfc_debug:sfcdebug.obj
 0001:00026de0       sf_debug_cast_to_real32_T  0000000180027de0 f   sfc_debug:sfcdebug.obj
 0001:00026ea0       sf_debug_cast_to_int8_T    0000000180027ea0 f   sfc_debug:sfcdebug.obj
 0001:00026f60       sf_debug_cast_to_uint8_T   0000000180027f60 f   sfc_debug:sfcdebug.obj
 0001:00027020       sf_debug_cast_to_int16_T   0000000180028020 f   sfc_debug:sfcdebug.obj
 0001:000270e0       sf_debug_cast_to_uint16_T  00000001800280e0 f   sfc_debug:sfcdebug.obj
 0001:000271a0       sf_debug_cast_to_int32_T   00000001800281a0 f   sfc_debug:sfcdebug.obj
 0001:00027260       sf_debug_cast_to_uint32_T  0000000180028260 f   sfc_debug:sfcdebug.obj
 0001:00027320       sf_debug_data_range_error  0000000180028320 f   sfc_debug:sfcdebug.obj
 0001:00027670       sf_debug_read_before_write_check 0000000180028670 f   sfc_debug:sfcdebug.obj
 0001:00027ad0       sf_debug_data_range_error_wrapper_min_max 0000000180028ad0 f   sfc_debug:sfcdebug.obj
 0001:00027bc0       sf_debug_data_range_error_wrapper_min 0000000180028bc0 f   sfc_debug:sfcdebug.obj
 0001:00027ca0       sf_debug_data_range_error_wrapper_max 0000000180028ca0 f   sfc_debug:sfcdebug.obj
 0001:00027d80       sf_debug_data_range_wrapper 0000000180028d80 f   sfc_debug:sfcdebug.obj
 0001:00027e30       sf_debug_set_current_status_info 0000000180028e30 f   sfc_debug:sfcdebug.obj
 0001:000281e0       sf_debug_register_message_post_receive_info 00000001800291e0 f   sfc_debug:sfcdebug.obj
 0001:00028450       sf_debug_call              0000000180029450 f   sfc_debug:sfcdebug.obj
 0001:000290b0       sf_debug_initialize_machine 000000018002a0b0 f   sfc_debug:sfcdebug.obj
 0001:000293c0       sf_debug_initialize_chart  000000018002a3c0 f   sfc_debug:sfcdebug.obj
 0001:00029810       sf_debug_ensure_script     000000018002a810 f   sfc_debug:sfcdebug.obj
 0001:000298d0       cv_script_init_script      000000018002a8d0 f   sfc_debug:sfcdebug.obj
 0001:000299c0       cv_script_init_fcn         000000018002a9c0 f   sfc_debug:sfcdebug.obj
 0001:00029a70       cv_script_init_testobjective 000000018002aa70 f   sfc_debug:sfcdebug.obj
 0001:00029b20       cv_script_init_if          000000018002ab20 f   sfc_debug:sfcdebug.obj
 0001:00029bd0       cv_script_init_for         000000018002abd0 f   sfc_debug:sfcdebug.obj
 0001:00029c80       cv_script_init_while       000000018002ac80 f   sfc_debug:sfcdebug.obj
 0001:00029d30       cv_script_init_mcdc        000000018002ad30 f   sfc_debug:sfcdebug.obj
 0001:00029e30       cv_script_init_switch      000000018002ae30 f   sfc_debug:sfcdebug.obj
 0001:00029f10       cv_script_eval             000000018002af10 f   sfc_debug:sfcdebug.obj
 0001:00029ff0       eml_debug_line_call        000000018002aff0 f   sfc_debug:sfcdebug.obj
 0001:0002a1a0       sf_debug_terminate         000000018002b1a0 f   sfc_debug:sfcdebug.obj
 0001:0002a310       sf_debug_set_script_cv_ids 000000018002b310 f   sfc_debug:sfcdebug.obj
 0001:0002a440       sf_debug_api               000000018002b440 f   sfc_debug:sfc_api.obj
 0001:0002baf0       sf_debug_sm_terminate      000000018002caf0 f   sfc_debug:sfdb_animation.obj
 0001:0002bcb0       sf_debug_reset_path_objects 000000018002ccb0 f   sfc_debug:sfdb_animation.obj
 0001:0002bd30       sf_debug_sm_reset_object_selection_status 000000018002cd30 f   sfc_debug:sfdb_animation.obj
 0001:0002bdd0       sf_debug_sm_reset_state_buffer 000000018002cdd0 f   sfc_debug:sfdb_animation.obj
 0001:0002bea0       sf_debug_sm_store_state_buffer 000000018002cea0 f   sfc_debug:sfdb_animation.obj
 0001:0002bf20       sf_debug_sm_restore_state_buffer1 000000018002cf20 f   sfc_debug:sfdb_animation.obj
 0001:0002bf90       sf_debug_sm_restore_state_buffer2 000000018002cf90 f   sfc_debug:sfdb_animation.obj
 0001:0002c000       sf_debug_sm_chart_active   000000018002d000 f   sfc_debug:sfdb_animation.obj
 0001:0002c050       sf_debug_sm_select_active_objects 000000018002d050 f   sfc_debug:sfdb_animation.obj
 0001:0002c540       sf_debug_sm_is_chart_active 000000018002d540 f   sfc_debug:sfdb_animation.obj
 0001:0002c580       sf_debug_sm_is_state_active 000000018002d580 f   sfc_debug:sfdb_animation.obj
 0001:0002c7c0       sf_debug_sm_get_active_states 000000018002d7c0 f   sfc_debug:sfdb_animation.obj
 0001:0002cd80       sf_debug_sm_initialize_instance 000000018002dd80 f   sfc_debug:sfdb_animation.obj
 0001:0002cfa0       sf_debug_sm_change_object_selection_status 000000018002dfa0 f   sfc_debug:sfdb_animation.obj
 0001:0002d2b0       cv_create_interface        000000018002e2b0 f   sfc_debug:cv_sfinterface.obj
 0001:0002d610       cv_init_trans              000000018002e610 f   sfc_debug:cv_sfinterface.obj
 0001:0002d660       cv_init_testobjective      000000018002e660 f   sfc_debug:cv_sfinterface.obj
 0001:0002d6a0       cv_init_state              000000018002e6a0 f   sfc_debug:cv_sfinterface.obj
 0001:0002d710       cv_init_chart              000000018002e710 f   sfc_debug:cv_sfinterface.obj
 0001:0002d760       cv_dec_update_call         000000018002e760 f   sfc_debug:cv_sfinterface.obj
 0001:0002d7a0       cv_cond_update_call        000000018002e7a0 f   sfc_debug:cv_sfinterface.obj
 0001:0002d7e0       cv_testobjective_update_call 000000018002e7e0 f   sfc_debug:cv_sfinterface.obj
 0001:0002d820       cv_sigrange_update         000000018002e820 f   sfc_debug:cv_sfinterface.obj
 0001:0002d860       cvsf_eml_eval              000000018002e860 f   sfc_debug:cv_sfinterface.obj
 0001:0002d950       cvsf_eml_init_script       000000018002e950 f   sfc_debug:cv_sfinterface.obj
 0001:0002d9e0       cvsf_eml_init_fcn          000000018002e9e0 f   sfc_debug:cv_sfinterface.obj
 0001:0002da40       cvsf_eml_init_testobjective 000000018002ea40 f   sfc_debug:cv_sfinterface.obj
 0001:0002daa0       cvsf_eml_init_saturation   000000018002eaa0 f   sfc_debug:cv_sfinterface.obj
 0001:0002daf0       cvsf_eml_init_if           000000018002eaf0 f   sfc_debug:cv_sfinterface.obj
 0001:0002db50       cvsf_eml_init_for          000000018002eb50 f   sfc_debug:cv_sfinterface.obj
 0001:0002dba0       cvsf_eml_init_while        000000018002eba0 f   sfc_debug:cv_sfinterface.obj
 0001:0002dbf0       cvsf_eml_init_mcdc         000000018002ebf0 f   sfc_debug:cv_sfinterface.obj
 0001:0002dc80       cvsf_eml_init_switch       000000018002ec80 f   sfc_debug:cv_sfinterface.obj
 0001:0002dcf0       cvsf_script_eval           000000018002ecf0 f   sfc_debug:cv_sfinterface.obj
 0001:0002dde0       cvsf_script_init_script    000000018002ede0 f   sfc_debug:cv_sfinterface.obj
 0001:0002de70       cvsf_script_init_fcn       000000018002ee70 f   sfc_debug:cv_sfinterface.obj
 0001:0002ded0       cvsf_script_init_testobjective 000000018002eed0 f   sfc_debug:cv_sfinterface.obj
 0001:0002df30       cvsf_script_init_saturation 000000018002ef30 f   sfc_debug:cv_sfinterface.obj
 0001:0002df80       cvsf_script_init_if        000000018002ef80 f   sfc_debug:cv_sfinterface.obj
 0001:0002dfe0       cvsf_script_init_for       000000018002efe0 f   sfc_debug:cv_sfinterface.obj
 0001:0002e030       cvsf_script_init_while     000000018002f030 f   sfc_debug:cv_sfinterface.obj
 0001:0002e080       cvsf_script_init_mcdc      000000018002f080 f   sfc_debug:cv_sfinterface.obj
 0001:0002e110       cvsf_script_init_switch    000000018002f110 f   sfc_debug:cv_sfinterface.obj
 0001:0002e180       cv_destroy_interface       000000018002f180 f   sfc_debug:cv_sfinterface.obj
 0001:0002e1a0       cv_create_instance_objects 000000018002f1a0 f   sfc_debug:cv_sfinterface.obj
 0001:0002e650       cv_is_enabled              000000018002f650 f   sfc_debug:cv_sfinterface.obj
 0001:0002e660       sf_debug_cv_initialize_script 000000018002f660 f   sfc_debug:cv_sfinterface.obj
 0001:0002e810       sf_debug_cv_initialize_instance 000000018002f810 f   sfc_debug:cv_sfinterface.obj
 0001:0002ebb0       sf_debug_cv_terminate_chart 000000018002fbb0 f   sfc_debug:cv_sfinterface.obj
 0001:0002ecf0       cv_call_trans_test         000000018002fcf0 f   sfc_debug:cv_sfinterface.obj
 0001:0002ed00       cv_call_sub_cond_test      000000018002fd00 f   sfc_debug:cv_sfinterface.obj
 0001:0002ed40       sf_debug_st_initialize_machine 000000018002fd40 f   sfc_debug:sfdb_data_browse.obj
 0001:0002ee00       sf_debug_st_initialize_instance 000000018002fe00 f   sfc_debug:sfdb_data_browse.obj
 0001:0002f030       sf_debug_st_terminate      0000000180030030 f   sfc_debug:sfdb_data_browse.obj
 0001:0002f3d0       sf_debug_st_set_data_value_ptr_in_machine 00000001800303d0 f   sfc_debug:sfdb_data_browse.obj
 0001:0002f460       sf_debug_st_set_data_value_ptr_in_instance 0000000180030460 f   sfc_debug:sfdb_data_browse.obj
 0001:0002f540       sf_debug_st_unset_data_value_ptr_in_machine 0000000180030540 f   sfc_debug:sfdb_data_browse.obj
 0001:0002f5b0       sf_debug_st_unset_data_value_ptr_in_instance 00000001800305b0 f   sfc_debug:sfdb_data_browse.obj
 0001:0002f8c0       sf_debug_mx_value          00000001800308c0 f   sfc_debug:sfdb_data_browse.obj
 0001:0002f920       sf_debug_mx_packed_vector  0000000180030920 f   sfc_debug:sfdb_data_browse.obj
 0001:0002fa00       sf_debug_mx_uint_vector    0000000180030a00 f   sfc_debug:sfdb_data_browse.obj
 0001:0002fac0       sf_debug_st_get_double_value_from_void_ptr_vector 0000000180030ac0 f   sfc_debug:sfdb_data_browse.obj
 0001:000305b0       sf_debug_st_browse_data    00000001800315b0 f   sfc_debug:sfdb_data_browse.obj
 0001:00030e40       sf_debug_hm_initialize_instance 0000000180031e40 f   sfc_debug:sfdb_handle_management.obj
 0001:00031370       sf_debug_hm_get_object_id  0000000180032370 f   sfc_debug:sfdb_handle_management.obj
 0001:00031f20       sf_debug_hm_update_chart_visibility 0000000180032f20 f   sfc_debug:sfdb_handle_management.obj
 0001:00033200       sf_debug_object_is_eml_function 0000000180034200 f   sfc_debug:sfdb_handle_management.obj
 0001:00033270       sf_debug_hm_initialize_ids_in_machine 0000000180034270 f   sfc_debug:sfdb_handle_management.obj
 0001:000333e0       sf_debug_hm_initialize_ids_in_chart 00000001800343e0 f   sfc_debug:sfdb_handle_management.obj
 0001:000334e0       sf_debug_hm_initialize_chart 00000001800344e0 f   sfc_debug:sfdb_handle_management.obj
 0001:00033c80       sf_debug_hm_terminate      0000000180034c80 f   sfc_debug:sfdb_handle_management.obj
 0001:00033ce0       sf_debug_hm_initialize_machine 0000000180034ce0 f   sfc_debug:sfdb_handle_management.obj
 0001:00034490       sf_debug_ss_initialize     0000000180035490 f   sfc_debug:sfdb_symbol_scope.obj
 0001:000344b0       sf_debug_ss_terminate      00000001800354b0 f   sfc_debug:sfdb_symbol_scope.obj
 0001:00034540       sf_debug_ss_push_symbol_scope 0000000180035540 f   sfc_debug:sfdb_symbol_scope.obj
 0001:00034640       sf_debug_ss_push_symbol_scope_eml 0000000180035640 f   sfc_debug:sfdb_symbol_scope.obj
 0001:000346a0       sf_debug_ss_pop_symbol_scope 00000001800356a0 f   sfc_debug:sfdb_symbol_scope.obj
 0001:00034750       sf_debug_ss_add_symbol     0000000180035750 f   sfc_debug:sfdb_symbol_scope.obj
 0001:000348b0       sf_debug_ss_add_symbol_eml 00000001800358b0 f   sfc_debug:sfdb_symbol_scope.obj
 0001:000355d0       sf_debug_ss_set_data_value 00000001800365d0 f   sfc_debug:sfdb_symbol_scope.obj
 0001:00035aa0       getInstanceNumber          0000000180036aa0 f   sfc_debug:sfdb_symbol_scope.obj
 0001:00035b70       sf_debug_ss_watch_data     0000000180036b70 f   sfc_debug:sfdb_symbol_scope.obj
 0001:00035d10       sf_debug_ss_assign_data    0000000180036d10 f   sfc_debug:sfdb_symbol_scope.obj
 0001:00036730       get_data_entry_name        0000000180037730 f   sfc_debug:sfdb_symbol_scope.obj
 0001:00036780       sf_debug_ss_whos           0000000180037780 f   sfc_debug:sfdb_symbol_scope.obj
 0001:00036ea0       sf_debug_cc_initialize_chart 0000000180037ea0 f   sfc_debug:sfdb_coverage.obj
 0001:00037890       sf_debug_cc_initialize_instance 0000000180038890 f   sfc_debug:sfdb_coverage.obj
 0001:000386a0       sf_debug_cc_terminate      00000001800396a0 f   sfc_debug:sfdb_coverage.obj
 0001:00038790       sf_debug_cc_set_transition_maps 0000000180039790 f   sfc_debug:sfdb_coverage.obj
 0001:000388c0       sf_debug_cc_set_state_maps 00000001800398c0 f   sfc_debug:sfdb_coverage.obj
 0001:000389a0       sf_debug_cc_set_transition_weights 00000001800399a0 f   sfc_debug:sfdb_coverage.obj
 0001:00038c70       sf_debug_cc_set_state_weights 0000000180039c70 f   sfc_debug:sfdb_coverage.obj
 0001:00038f40       sf_debug_cc_mark_transition_guard 0000000180039f40 f   sfc_debug:sfdb_coverage.obj
 0001:00038fd0       sf_debug_cc_mark_transition_trigger 0000000180039fd0 f   sfc_debug:sfdb_coverage.obj
 0001:00039060       sf_debug_cc_mark_transition_decision 000000018003a060 f   sfc_debug:sfdb_coverage.obj
 0001:000390d0       sf_debug_cc_mark_transition_condition_action 000000018003a0d0 f   sfc_debug:sfdb_coverage.obj
 0001:00039120       sf_debug_cc_mark_transition_transition_action 000000018003a120 f   sfc_debug:sfdb_coverage.obj
 0001:00039170       sf_debug_cc_mark_state_entry 000000018003a170 f   sfc_debug:sfdb_coverage.obj
 0001:000391c0       sf_debug_cc_mark_state_during 000000018003a1c0 f   sfc_debug:sfdb_coverage.obj
 0001:00039210       sf_debug_cc_mark_state_exit 000000018003a210 f   sfc_debug:sfdb_coverage.obj
 0001:00039260       sf_debug_bm_clear_script_breakpoints 000000018003a260 f   sfc_debug:sfdb_breakpoints.obj
 0001:00039290       sf_debug_bm_set_script_breakpoint 000000018003a290 f   sfc_debug:sfdb_breakpoints.obj
 0001:00039310       sf_debug_bm_clear_single_script_breakpoint 000000018003a310 f   sfc_debug:sfdb_breakpoints.obj
 0001:00039390       sf_debug_bm_query_script_breakpoint 000000018003a390 f   sfc_debug:sfdb_breakpoints.obj
 0001:000393e0       sf_debug_bm_initialize_scripts 000000018003a3e0 f   sfc_debug:sfdb_breakpoints.obj
 0001:00039b00       sf_debug_bm_terminate      000000018003ab00 f   sfc_debug:sfdb_breakpoints.obj
 0001:00039df0       sf_debug_bm_remove_all_breakpoints_in_machine 000000018003adf0 f   sfc_debug:sfdb_breakpoints.obj
 0001:00039e60       sf_debug_bm_remove_all_breakpoints_in_chart 000000018003ae60 f   sfc_debug:sfdb_breakpoints.obj
 0001:00039fb0       sf_debug_bm_initialize_global_breakpoints 000000018003afb0 f   sfc_debug:sfdb_breakpoints.obj
 0001:0003a130       sf_debug_bm_set_breakpoint 000000018003b130 f   sfc_debug:sfdb_breakpoints.obj
 0001:0003a730       sf_debug_bm_set_eml_breakpoint 000000018003b730 f   sfc_debug:sfdb_breakpoints.obj
 0001:0003a7d0       sf_debug_bm_initialize_machine_breakpoint_map 000000018003b7d0 f   sfc_debug:sfdb_breakpoints.obj
 0001:0003abf0       sf_debug_bm_is_a_breakpoint 000000018003bbf0 f   sfc_debug:sfdb_breakpoints.obj
 0001:0003b1d0       sf_debug_bm_get_all_breakpoints_in_machine 000000018003c1d0 f   sfc_debug:sfdb_breakpoints.obj
 0001:0003b4d0       sf_debug_bm_get_all_breakpoints_in_chart 000000018003c4d0 f   sfc_debug:sfdb_breakpoints.obj
 0001:0003c190       sf_debug_bm_initialize_machine 000000018003d190 f   sfc_debug:sfdb_breakpoints.obj
 0001:0003c260       sf_debug_bm_initialize_chart 000000018003d260 f   sfc_debug:sfdb_breakpoints.obj
 0001:0003c680       sf_debug_sc_terminate      000000018003d680 f   sfc_debug:sfdb_state_consistency.obj
 0001:0003c9b0       sf_debug_sc_is_chart_consistent 000000018003d9b0 f   sfc_debug:sfdb_state_consistency.obj
 0001:0003cc60       sf_debug_sc_get_consistency_error_info 000000018003dc60 f   sfc_debug:sfdb_state_consistency.obj
 0001:0003d0b0       sf_debug_tm_terminate      000000018003e0b0 f   sfc_debug:sfdb_call_stack.obj
 0001:0003d170       sf_debug_tm_push_chart_instance 000000018003e170 f   sfc_debug:sfdb_call_stack.obj
 0001:0003d2c0       sf_debug_tm_pop_chart_instance 000000018003e2c0 f   sfc_debug:sfdb_call_stack.obj
 0001:0003d320       sf_debug_tm_push_trace_node 000000018003e320 f   sfc_debug:sfdb_call_stack.obj
 0001:0003d4b0       sf_debug_tm_pop_trace_node 000000018003e4b0 f   sfc_debug:sfdb_call_stack.obj
 0001:0003d530       sf_debug_tm_get_current_global_trace_index 000000018003e530 f   sfc_debug:sfdb_call_stack.obj
 0001:0003d540       sf_debug_tm_get_current_local_trace_index 000000018003e540 f   sfc_debug:sfdb_call_stack.obj
 0001:0003d570       sf_debug_tm_set_cycle_detected_flag 000000018003e570 f   sfc_debug:sfdb_call_stack.obj
 0001:0003d5b0       sf_debug_tm_set_cycle_started_flag 000000018003e5b0 f   sfc_debug:sfdb_call_stack.obj
 0001:0003d5f0       sf_debug_tm_get_chart_number_from_stack 000000018003e5f0 f   sfc_debug:sfdb_call_stack.obj
 0001:0003d7f0       sf_debug_tm_browse_trace   000000018003e7f0 f   sfc_debug:sfdb_call_stack.obj
 0001:0003db30       sf_debug_cd_initialize_instance 000000018003eb30 f   sfc_debug:sfdb_cycle_detection.obj
 0001:0003dde0       sf_debug_cd_mark_processed_transition_in_instance 000000018003ede0 f   sfc_debug:sfdb_cycle_detection.obj
 0001:0003de80       sf_debug_cd_checksum_push  000000018003ee80 f   sfc_debug:sfdb_cycle_detection.obj
 0001:0003e140       sf_debug_cd_checksum_pop   000000018003f140 f   sfc_debug:sfdb_cycle_detection.obj
 0001:0003e1b0       sf_debug_cd_turn_off_cycle_detection 000000018003f1b0 f   sfc_debug:sfdb_cycle_detection.obj
 0001:0003e200       sf_debug_cd_terminate      000000018003f200 f   sfc_debug:sfdb_cycle_detection.obj
 0001:0003e440       md5_initialize_state       000000018003f440 f   sfc_debug:ckmd5.obj
 0001:0003eeb0       md5_update_state           000000018003feb0 f   sfc_debug:ckmd5.obj
 0001:0003eed0       md5_get_hash               000000018003fed0 f   sfc_debug:ckmd5.obj
 0001:0003ef00       md5_get_hash_for_a_single_string 000000018003ff00 f   sfc_debug:ckmd5.obj
 0001:0003ef64       mxGetPr                    000000018003ff64 f   libmx:libmx.dll
 0001:0003ef6a       mxCreateDoubleScalar       000000018003ff6a f   libmx:libmx.dll
 0001:0003ef70       mxCreateDoubleMatrix_730   000000018003ff70 f   libmx:libmx.dll
 0001:0003ef76       mxSetField_730             000000018003ff76 f   libmx:libmx.dll
 0001:0003ef7c       mxCreateString             000000018003ff7c f   libmx:libmx.dll
 0001:0003ef82       mxCreateStructMatrix_730   000000018003ff82 f   libmx:libmx.dll
 0001:0003ef88       mxDestroyArray             000000018003ff88 f   libmx:libmx.dll
 0001:0003ef8e       mxDuplicateArray           000000018003ff8e f   libmx:libmx.dll
 0001:0003ef94       mxGetString_730            000000018003ff94 f   libmx:libmx.dll
 0001:0003ef9a       mxIsChar                   000000018003ff9a f   libmx:libmx.dll
 0001:0003efa0       mxGetClassID               000000018003ffa0 f   libmx:libmx.dll
 0001:0003efa6       mxIsNumeric                000000018003ffa6 f   libmx:libmx.dll
 0001:0003efac       mxIsComplex                000000018003ffac f   libmx:libmx.dll
 0001:0003efb2       mxGetN                     000000018003ffb2 f   libmx:libmx.dll
 0001:0003efb8       mxGetM                     000000018003ffb8 f   libmx:libmx.dll
 0001:0003efbe       mxCalloc                   000000018003ffbe f   libmx:libmx.dll
 0001:0003efc4       mxGetScalar                000000018003ffc4 f   libmx:libmx.dll
 0001:0003efca       mxIsLogical                000000018003ffca f   libmx:libmx.dll
 0001:0003efd0       mxCreateDoubleMatrix_700   000000018003ffd0 f   libmx:libmx.dll
 0001:0003efd6       mxFree                     000000018003ffd6 f   libmx:libmx.dll
 0001:0003efdc       mxArrayToString            000000018003ffdc f   libmx:libmx.dll
 0001:0003efe2       mxCreateCellMatrix_700     000000018003ffe2 f   libmx:libmx.dll
 0001:0003efe8       mxSetCell_700              000000018003ffe8 f   libmx:libmx.dll
 0001:0003efee       mxGetCell_700              000000018003ffee f   libmx:libmx.dll
 0001:0003eff4       mxGetClassName             000000018003fff4 f   libmx:libmx.dll
 0001:0003effa       mxSetField_700             000000018003fffa f   libmx:libmx.dll
 0001:0003f000       mxAddField                 0000000180040000 f   libmx:libmx.dll
 0001:0003f006       mxGetField_700             0000000180040006 f   libmx:libmx.dll
 0001:0003f00c       mxGetNumberOfElements      000000018004000c f   libmx:libmx.dll
 0001:0003f012       mxIsStruct                 0000000180040012 f   libmx:libmx.dll
 0001:0003f018       mxIsA                      0000000180040018 f   libmx:libmx.dll
 0001:0003f01e       mxIsClass                  000000018004001e f   libmx:libmx.dll
 0001:0003f024       mxGetLogicals              0000000180040024 f   libmx:libmx.dll
 0001:0003f02a       mxIsSparse                 000000018004002a f   libmx:libmx.dll
 0001:0003f030       mxSetFieldByNumber_700     0000000180040030 f   libmx:libmx.dll
 0001:0003f036       mxGetFieldByNumber_700     0000000180040036 f   libmx:libmx.dll
 0001:0003f03c       mxGetFieldNameByNumber     000000018004003c f   libmx:libmx.dll
 0001:0003f042       mxGetNumberOfFields        0000000180040042 f   libmx:libmx.dll
 0001:0003f048       mxCreateStructMatrix_700   0000000180040048 f   libmx:libmx.dll
 0001:0003f04e       mxGetFieldNumber           000000018004004e f   libmx:libmx.dll
 0001:0003f054       mxIsNaN                    0000000180040054 f   libmx:libmx.dll
 0001:0003f05a       mxIsEmpty                  000000018004005a f   libmx:libmx.dll
 0001:0003f060       mxGetData                  0000000180040060 f   libmx:libmx.dll
 0001:0003f066       mxGetImagData              0000000180040066 f   libmx:libmx.dll
 0001:0003f06c       mxArrayClassIDName         000000018004006c f   libmx:libmx.dll
 0001:0003f072       mxCreateNumericMatrix_700  0000000180040072 f   libmx:libmx.dll
 0001:0003f078       mxCreateStructArray_700    0000000180040078 f   libmx:libmx.dll
 0001:0003f07e       mxCalcSingleSubscript_700  000000018004007e f   libmx:libmx.dll
 0001:0003f084       mxGetDimensions_700        0000000180040084 f   libmx:libmx.dll
 0001:0003f08a       mxGetNumberOfDimensions_700 000000018004008a f   libmx:libmx.dll
 0001:0003f090       mxCreateNumericArray_700   0000000180040090 f   libmx:libmx.dll
 0001:0003f096       mxGetElementSize           0000000180040096 f   libmx:libmx.dll
 0001:0003f09c       mxCreateStringFromNChars_700 000000018004009c f   libmx:libmx.dll
 0001:0003f0a2       mxGetString_700            00000001800400a2 f   libmx:libmx.dll
 0001:0003f0a8       mxIsLogicalScalarTrue      00000001800400a8 f   libmx:libmx.dll
 0001:0003f0ae       mxCreateLogicalScalar      00000001800400ae f   libmx:libmx.dll
 0001:0003f0b4       mexUnlock                  00000001800400b4 f   libmex:libmex.dll
 0001:0003f0ba       mexIsLocked                00000001800400ba f   libmex:libmex.dll
 0001:0003f0c0       mexWarnMsgTxt              00000001800400c0 f   libmex:libmex.dll
 0001:0003f0c6       mexCallMATLAB              00000001800400c6 f   libmex:libmex.dll
 0001:0003f0cc       mexErrMsgTxt               00000001800400cc f   libmex:libmex.dll
 0001:0003f0d2       mexMakeArrayPersistent     00000001800400d2 f   libmex:libmex.dll
 0001:0003f0d8       mexSetTrapFlag             00000001800400d8 f   libmex:libmex.dll
 0001:0003f0de       mexPutVariable             00000001800400de f   libmex:libmex.dll
 0001:0003f0e4       mexGetVariable             00000001800400e4 f   libmex:libmex.dll
 0001:0003f0ea       mexLock                    00000001800400ea f   libmex:libmex.dll
 0001:0003f0f0       mexMakeMemoryPersistent    00000001800400f0 f   libmex:libmex.dll
 0001:0003f0f6       mexFunctionName            00000001800400f6 f   libmex:libmex.dll
 0001:0003f0fc       ssRegisterDataTypeFxpFSlopeFixExpBias 00000001800400fc f   libfixedpoint:libfixedpoint.dll
 0001:0003f102       utVSNprintf                0000000180040102 f   libut:libut.dll
 0001:0003f108       utCPUtime                  0000000180040108 f   libut:libut.dll
 0001:0003f10e       utFree                     000000018004010e f   libut:libut.dll
 0001:0003f114       utMalloc                   0000000180040114 f   libut:libut.dll
 0001:0003f11a       muDoubleScalarSin          000000018004011a f   libmwmathutil:libmwmathutil.dll
 0001:0003f120       muDoubleScalarCos          0000000180040120 f   libmwmathutil:libmwmathutil.dll
 0001:0003f126       muDoubleScalarAbs          0000000180040126 f   libmwmathutil:libmwmathutil.dll
 0001:0003f12c       muDoubleScalarPower        000000018004012c f   libmwmathutil:libmwmathutil.dll
 0001:0003f132       emlrtCreateRootTLS         0000000180040132 f   libemlrt:libemlrt.dll
 0001:0003f138       emlrtDestroyRootTLS        0000000180040138 f   libemlrt:libemlrt.dll
 0001:0003f13e       emlrtCheckBuiltInR2012b    000000018004013e f   libemlrt:libemlrt.dll
 0001:0003f144       emlrtCheckVsBuiltInR2012b  0000000180040144 f   libemlrt:libemlrt.dll
 0001:0003f14a       emlrtCheckEnumR2012b       000000018004014a f   libemlrt:libemlrt.dll
 0001:0003f150       emlrtCreateEnumR2012b      0000000180040150 f   libemlrt:libemlrt.dll
 0001:0003f156       emlrtGetEnumElementR2009a  0000000180040156 f   libemlrt:libemlrt.dll
 0001:0003f15c       emlrtCreateReference       000000018004015c f   libemlrt:libemlrt.dll
 0001:0003f162       emlrtImportVsFiArrayR2009b 0000000180040162 f   libemlrt:libemlrt.dll
 0001:0003f168       emlrtNameCapturePostProcessR2012a 0000000180040168 f   libemlrt:libemlrt.dll
 0001:0003f16e       emlrtExtractMessageId      000000018004016e f   libemlrt:libemlrt.dll
 0001:0003f174       emlrtTranslateMessageIDtoLCPstring 0000000180040174 f   libemlrt:libemlrt.dll
 0001:0003f17a       emlrtForLoopVectorIsValidR2011b 000000018004017a f   libemlrt:libemlrt.dll
 0001:0003f180       emlrtTranslateUTF16MessagetoLCPstring 0000000180040180 f   libemlrt:libemlrt.dll
 0001:0003f186       emlrtGetEnumUnderlyingArrayR2009a 0000000180040186 f   libemlrt:libemlrt.dll
 0001:0003f18c       emlrtIsEnumR2009a          000000018004018c f   libemlrt:libemlrt.dll
 0001:0003f194       __GSHandlerCheckCommon     0000000180040194 f   MSVCRT:gshandler.obj
 0001:0003f1f8       __GSHandlerCheck           00000001800401f8 f   MSVCRT:gshandler.obj
 0001:0003f216       strlen                     0000000180040216 f   MSVCRT:MSVCR100.dll
 0001:0003f230       __security_check_cookie    0000000180040230 f   MSVCRT:amdsecgs.obj
 0001:0003f250       memset                     0000000180040250 f   MSVCRT:MSVCR100.dll
 0001:0003f256       malloc                     0000000180040256 f   MSVCRT:MSVCR100.dll
 0001:0003f25c       free                       000000018004025c f   MSVCRT:MSVCR100.dll
 0001:0003f262       strcmp                     0000000180040262 f   MSVCRT:MSVCR100.dll
 0001:0003f268       sprintf                    0000000180040268 f   MSVCRT:MSVCR100.dll
 0001:0003f26e       strcat                     000000018004026e f   MSVCRT:MSVCR100.dll
 0001:0003f274       memcpy                     0000000180040274 f   MSVCRT:MSVCR100.dll
 0001:0003f27c       NtCurrentTeb               000000018004027c f i MSVCRT:crtdll.obj
 0001:0003f2e8       _CRT_INIT                  00000001800402e8 f   MSVCRT:crtdll.obj
 0001:0003f680       _DllMainCRTStartup         0000000180040680 f   MSVCRT:crtdll.obj
 0001:0003f6be       strncpy                    00000001800406be f   MSVCRT:MSVCR100.dll
 0001:0003f6e0       _alloca_probe              00000001800406e0     MSVCRT:chkstk.obj
 0001:0003f6e0       __chkstk                   00000001800406e0 f   MSVCRT:chkstk.obj
 0001:0003f72e       longjmp                    000000018004072e f   MSVCRT:MSVCR100.dll
 0001:0003f734       strncmp                    0000000180040734 f   MSVCRT:MSVCR100.dll
 0001:0003f73a       ceil                       000000018004073a f   MSVCRT:MSVCR100.dll
 0001:0003f740       strrchr                    0000000180040740 f   MSVCRT:MSVCR100.dll
 0001:0003f746       _setjmp                    0000000180040746 f   MSVCRT:MSVCR100.dll
 0001:0003f74c       calloc                     000000018004074c f   MSVCRT:MSVCR100.dll
 0001:0003f752       realloc                    0000000180040752 f   MSVCRT:MSVCR100.dll
 0001:0003f758       ldexp                      0000000180040758 f   MSVCRT:MSVCR100.dll
 0001:0003f760       __report_gsfailure         0000000180040760 f   MSVCRT:gs_report.obj
 0001:0003f8ac       __clean_type_info_names    00000001800408ac f   MSVCRT:tncleanup.obj
 0001:0003f8b8       _onexit                    00000001800408b8 f   MSVCRT:atonexit.obj
 0001:0003f968       atexit                     0000000180040968 f   MSVCRT:atonexit.obj
 0001:0003f980       _RTC_Initialize            0000000180040980 f   MSVCRT:_initsect_.obj
 0001:0003f9b8       _RTC_Terminate             00000001800409b8 f   MSVCRT:_initsect_.obj
 0001:0003f9f0       _malloc_crt                00000001800409f0 f   MSVCRT:MSVCR100.dll
 0001:0003fa00       _ValidateImageBase         0000000180040a00 f   MSVCRT:pesect.obj
 0001:0003fa30       _FindPESection             0000000180040a30 f   MSVCRT:pesect.obj
 0001:0003fa80       _IsNonwritableInCurrentImage 0000000180040a80 f   MSVCRT:pesect.obj
 0001:0003fac2       _initterm                  0000000180040ac2 f   MSVCRT:MSVCR100.dll
 0001:0003fac8       _initterm_e                0000000180040ac8 f   MSVCRT:MSVCR100.dll
 0001:0003face       _encoded_null              0000000180040ace f   MSVCRT:MSVCR100.dll
 0001:0003fad4       _amsg_exit                 0000000180040ad4 f   MSVCRT:MSVCR100.dll
 0001:0003fada       __C_specific_handler       0000000180040ada f   MSVCRT:MSVCR100.dll
 0001:0003fae0       __CppXcptFilter            0000000180040ae0 f   MSVCRT:MSVCR100.dll
 0001:0003fae8       DllMain                    0000000180040ae8 f   MSVCRT:dllmain.obj
 0001:0003fb0c       __security_init_cookie     0000000180040b0c f   MSVCRT:gs_support.obj
 0001:0003fbc0       __crt_debugger_hook        0000000180040bc0 f   MSVCRT:MSVCR100.dll
 0001:0003fbc6       __clean_type_info_names_internal 0000000180040bc6 f   MSVCRT:MSVCR100.dll
 0001:0003fbcc       _unlock                    0000000180040bcc f   MSVCRT:MSVCR100.dll
 0001:0003fbd2       __dllonexit                0000000180040bd2 f   MSVCRT:MSVCR100.dll
 0001:0003fbd8       _lock                      0000000180040bd8 f   MSVCRT:MSVCR100.dll
 0001:0003fbde       EncodePointer              0000000180040bde f   kernel32:KERNEL32.dll
 0001:0003fbe4       DecodePointer              0000000180040be4 f   kernel32:KERNEL32.dll
 0001:0003fbea       Sleep                      0000000180040bea f   kernel32:KERNEL32.dll
 0001:0003fbf0       TerminateProcess           0000000180040bf0 f   kernel32:KERNEL32.dll
 0001:0003fbf6       GetCurrentProcess          0000000180040bf6 f   kernel32:KERNEL32.dll
 0001:0003fbfc       UnhandledExceptionFilter   0000000180040bfc f   kernel32:KERNEL32.dll
 0001:0003fc02       SetUnhandledExceptionFilter 0000000180040c02 f   kernel32:KERNEL32.dll
 0001:0003fc08       IsDebuggerPresent          0000000180040c08 f   kernel32:KERNEL32.dll
 0001:0003fc0e       RtlVirtualUnwind           0000000180040c0e f   kernel32:KERNEL32.dll
 0001:0003fc14       RtlLookupFunctionEntry     0000000180040c14 f   kernel32:KERNEL32.dll
 0001:0003fc1a       RtlCaptureContext          0000000180040c1a f   kernel32:KERNEL32.dll
 0001:0003fc20       DisableThreadLibraryCalls  0000000180040c20 f   kernel32:KERNEL32.dll
 0001:0003fc26       QueryPerformanceCounter    0000000180040c26 f   kernel32:KERNEL32.dll
 0001:0003fc2c       GetTickCount               0000000180040c2c f   kernel32:KERNEL32.dll
 0001:0003fc32       GetCurrentThreadId         0000000180040c32 f   kernel32:KERNEL32.dll
 0001:0003fc38       GetCurrentProcessId        0000000180040c38 f   kernel32:KERNEL32.dll
 0001:0003fc3e       GetSystemTimeAsFileTime    0000000180040c3e f   kernel32:KERNEL32.dll
 0002:00000000       __imp_DisableThreadLibraryCalls 0000000180041000     kernel32:KERNEL32.dll
 0002:00000008       __imp_RtlCaptureContext    0000000180041008     kernel32:KERNEL32.dll
 0002:00000010       __imp_RtlLookupFunctionEntry 0000000180041010     kernel32:KERNEL32.dll
 0002:00000018       __imp_RtlVirtualUnwind     0000000180041018     kernel32:KERNEL32.dll
 0002:00000020       __imp_IsDebuggerPresent    0000000180041020     kernel32:KERNEL32.dll
 0002:00000028       __imp_SetUnhandledExceptionFilter 0000000180041028     kernel32:KERNEL32.dll
 0002:00000030       __imp_UnhandledExceptionFilter 0000000180041030     kernel32:KERNEL32.dll
 0002:00000038       __imp_GetCurrentProcess    0000000180041038     kernel32:KERNEL32.dll
 0002:00000040       __imp_TerminateProcess     0000000180041040     kernel32:KERNEL32.dll
 0002:00000048       __imp_Sleep                0000000180041048     kernel32:KERNEL32.dll
 0002:00000050       __imp_DecodePointer        0000000180041050     kernel32:KERNEL32.dll
 0002:00000058       __imp_EncodePointer        0000000180041058     kernel32:KERNEL32.dll
 0002:00000060       __imp_GetTickCount         0000000180041060     kernel32:KERNEL32.dll
 0002:00000068       __imp_GetCurrentThreadId   0000000180041068     kernel32:KERNEL32.dll
 0002:00000070       __imp_GetCurrentProcessId  0000000180041070     kernel32:KERNEL32.dll
 0002:00000078       __imp_GetSystemTimeAsFileTime 0000000180041078     kernel32:KERNEL32.dll
 0002:00000080       __imp_QueryPerformanceCounter 0000000180041080     kernel32:KERNEL32.dll
 0002:00000088       \177KERNEL32_NULL_THUNK_DATA 0000000180041088     kernel32:KERNEL32.dll
 0002:00000090       __imp_realloc              0000000180041090     MSVCRT:MSVCR100.dll
 0002:00000098       __imp__onexit              0000000180041098     MSVCRT:MSVCR100.dll
 0002:000000a0       __imp__lock                00000001800410a0     MSVCRT:MSVCR100.dll
 0002:000000a8       __imp___dllonexit          00000001800410a8     MSVCRT:MSVCR100.dll
 0002:000000b0       __imp__unlock              00000001800410b0     MSVCRT:MSVCR100.dll
 0002:000000b8       __imp___clean_type_info_names_internal 00000001800410b8     MSVCRT:MSVCR100.dll
 0002:000000c0       __imp___crt_debugger_hook  00000001800410c0     MSVCRT:MSVCR100.dll
 0002:000000c8       __imp___CppXcptFilter      00000001800410c8     MSVCRT:MSVCR100.dll
 0002:000000d0       __imp___C_specific_handler 00000001800410d0     MSVCRT:MSVCR100.dll
 0002:000000d8       __imp__amsg_exit           00000001800410d8     MSVCRT:MSVCR100.dll
 0002:000000e0       __imp__encoded_null        00000001800410e0     MSVCRT:MSVCR100.dll
 0002:000000e8       __imp__initterm_e          00000001800410e8     MSVCRT:MSVCR100.dll
 0002:000000f0       __imp__initterm            00000001800410f0     MSVCRT:MSVCR100.dll
 0002:000000f8       __imp__malloc_crt          00000001800410f8     MSVCRT:MSVCR100.dll
 0002:00000100       __imp_ldexp                0000000180041100     MSVCRT:MSVCR100.dll
 0002:00000108       __imp_strlen               0000000180041108     MSVCRT:MSVCR100.dll
 0002:00000110       __imp_calloc               0000000180041110     MSVCRT:MSVCR100.dll
 0002:00000118       __imp__setjmp              0000000180041118     MSVCRT:MSVCR100.dll
 0002:00000120       __imp_strrchr              0000000180041120     MSVCRT:MSVCR100.dll
 0002:00000128       __imp_ceil                 0000000180041128     MSVCRT:MSVCR100.dll
 0002:00000130       __imp_strncmp              0000000180041130     MSVCRT:MSVCR100.dll
 0002:00000138       __imp_longjmp              0000000180041138     MSVCRT:MSVCR100.dll
 0002:00000140       __imp_strncpy              0000000180041140     MSVCRT:MSVCR100.dll
 0002:00000148       __imp_memcpy               0000000180041148     MSVCRT:MSVCR100.dll
 0002:00000150       __imp_strcat               0000000180041150     MSVCRT:MSVCR100.dll
 0002:00000158       __imp_sprintf              0000000180041158     MSVCRT:MSVCR100.dll
 0002:00000160       __imp_strcmp               0000000180041160     MSVCRT:MSVCR100.dll
 0002:00000168       __imp_free                 0000000180041168     MSVCRT:MSVCR100.dll
 0002:00000170       __imp_malloc               0000000180041170     MSVCRT:MSVCR100.dll
 0002:00000178       __imp_memset               0000000180041178     MSVCRT:MSVCR100.dll
 0002:00000180       \177MSVCR100_NULL_THUNK_DATA 0000000180041180     MSVCRT:MSVCR100.dll
 0002:00000188       __imp_emlrtGetEnumUnderlyingArrayR2009a 0000000180041188     libemlrt:libemlrt.dll
 0002:00000190       __imp_emlrtIsEnumR2009a    0000000180041190     libemlrt:libemlrt.dll
 0002:00000198       __imp_emlrtCheckVsBuiltInR2012b 0000000180041198     libemlrt:libemlrt.dll
 0002:000001a0       __imp_emlrtTranslateUTF16MessagetoLCPstring 00000001800411a0     libemlrt:libemlrt.dll
 0002:000001a8       __imp_emlrtForLoopVectorIsValidR2011b 00000001800411a8     libemlrt:libemlrt.dll
 0002:000001b0       __imp_emlrtTranslateMessageIDtoLCPstring 00000001800411b0     libemlrt:libemlrt.dll
 0002:000001b8       __imp_emlrtExtractMessageId 00000001800411b8     libemlrt:libemlrt.dll
 0002:000001c0       __imp_emlrtCheckBuiltInR2012b 00000001800411c0     libemlrt:libemlrt.dll
 0002:000001c8       __imp_emlrtDestroyRootTLS  00000001800411c8     libemlrt:libemlrt.dll
 0002:000001d0       __imp_emlrtCreateRootTLS   00000001800411d0     libemlrt:libemlrt.dll
 0002:000001d8       __imp_emlrtCheckEnumR2012b 00000001800411d8     libemlrt:libemlrt.dll
 0002:000001e0       __imp_emlrtCreateEnumR2012b 00000001800411e0     libemlrt:libemlrt.dll
 0002:000001e8       __imp_emlrtGetEnumElementR2009a 00000001800411e8     libemlrt:libemlrt.dll
 0002:000001f0       __imp_emlrtCreateReference 00000001800411f0     libemlrt:libemlrt.dll
 0002:000001f8       __imp_emlrtImportVsFiArrayR2009b 00000001800411f8     libemlrt:libemlrt.dll
 0002:00000200       __imp_emlrtNameCapturePostProcessR2012a 0000000180041200     libemlrt:libemlrt.dll
 0002:00000208       \177libemlrt_NULL_THUNK_DATA 0000000180041208     libemlrt:libemlrt.dll
 0002:00000210       __imp_ssRegisterDataTypeFxpFSlopeFixExpBias 0000000180041210     libfixedpoint:libfixedpoint.dll
[...]
 0001:00016950       check_array_dimensions     0000000180017950 f   sfc_mex:sfc_mex.obj
 0001:000169c0       check_input_mxarray        00000001800179c0 f   sfc_mex:sfc_mex.obj
 0001:00017100       sf_numeric_value_to_double 0000000180018100 f   sfc_mex:sfc_mex.obj
 0001:00017150       ml_generic_out_of_bounds_check 0000000180018150 f   sfc_mex:sfc_mex.obj
 0001:00017320       ml_get_element_value_from_array 0000000180018320 f   sfc_mex:sfc_mex.obj
 0001:000176c0       _ml_generic_castability_check 00000001800186c0 f   sfc_mex:sfc_mex.obj
 0001:00018420       ml_generic_castability_check 0000000180019420 f   sfc_mex:sfc_mex.obj
 0001:000184c0       ml_check_mx_array_for_single_castability 00000001800194c0 f   sfc_mex:sfc_mex.obj
 0001:00018560       ml_check_mx_array_for_logical_castability 0000000180019560 f   sfc_mex:sfc_mex.obj
 0001:00018600       ml_check_mx_array_for_int8_castability 0000000180019600 f   sfc_mex:sfc_mex.obj
 0001:000186b0       ml_check_mx_array_for_uint8_castability 00000001800196b0 f   sfc_mex:sfc_mex.obj
 0001:00018710       ml_check_mx_array_for_int16_castability 0000000180019710 f   sfc_mex:sfc_mex.obj
 0001:00018770       ml_check_mx_array_for_uint16_castability 0000000180019770 f   sfc_mex:sfc_mex.obj
 0001:000187d0       ml_check_mx_array_for_int32_castability 00000001800197d0 f   sfc_mex:sfc_mex.obj
 0001:00018830       ml_check_mx_array_for_uint32_castability 0000000180019830 f   sfc_mex:sfc_mex.obj
 0001:00018890       ml_check_mx_array_for_castability 0000000180019890 f   sfc_mex:sfc_mex.obj
 0001:000191c0       set_data_value             000000018001a1c0 f   sfc_mex:sfc_mex.obj
 0001:00019530       get_data_value             000000018001a530 f   sfc_mex:sfc_mex.obj
 0001:00019640       get_next_element_address   000000018001a640 f   sfc_mex:sfc_mex.obj
 0001:00019710       sf_normalize_index         000000018001a710 f   sfc_mex:sfc_mex.obj
 0001:00019aa0       ml_array_index_bound_check 000000018001aaa0 f   sfc_mex:sfc_mex.obj
 0001:0001a5c0       mx_value                   000000018001b5c0 f   sfc_mex:sfc_mex.obj
 0001:0001a610       sf_create_numeric_array    000000018001b610 f   sfc_mex:sfc_mex.obj
 0001:0001a6b0       sf_mex_assign_to_mx_array  000000018001b6b0 f   sfc_mex:sfc_mex.obj
 0001:0001aa00       assign_from_mx_array       000000018001ba00 f   sfc_mex:sfc_mex.obj
 0001:0001b230       sf_mex_import_v            000000018001c230 f   sfc_mex:sfc_mex.obj
 0001:0001b930       get_machine_and_chart_file_number 000000018001c930 f   sfc_mex:sfc_sf.obj
 0001:0001ba20       get_sfun_block_specialization 000000018001ca20 f   sfc_mex:sfc_sf.obj
 0001:0001bad0       call_sf_machine_global_method_dispatcher 000000018001cad0 f   sfc_mex:sfc_sf.obj
 0001:0001bd20       mdl_zeroCrossings_processing 000000018001cd20 f   sfc_mex:sfc_sf.obj
 0001:0001bdf0       mdl_derivatives_processing 000000018001cdf0 f   sfc_mex:sfc_sf.obj
 0001:0001c0b0       mdl_outputs_continuous_legacy 000000018001d0b0 f   sfc_mex:sfc_sf.obj
 0001:0001c130       mdl_outputs_processing     000000018001d130 f   sfc_mex:sfc_sf.obj
 0001:0001c3a0       mdl_enable_processing      000000018001d3a0 f   sfc_mex:sfc_sf.obj
 0001:0001c470       mdl_disable_processing     000000018001d470 f   sfc_mex:sfc_sf.obj
 0001:0001d1e0       sf_call_output_fcn_enable_disable 000000018001e1e0 f   sfc_mex:sfc_sf.obj
 0001:0001d460       set_dwork_information_from_mx_array 000000018001e460 f   sfc_mex:sfc_sf.obj
 0001:0001dd20       ptr2mxStruct               000000018001ed20 f   sfc_mex:sfc_sf.obj
 0001:0001e030       SNPRINTF_WRAPPER           000000018001f030 f   sfc_debug:sfcdebug.obj
 0001:0001e050       sf_debug_chart_instance_initialized_quick 000000018001f050 f   sfc_debug:sfcdebug.obj
 0001:0001e060       sf_debug_chart_instance_initialized 000000018001f060 f   sfc_debug:sfcdebug.obj
 0001:0001e200       sfrtAddSize                000000018001f200 f   sfc_debug:sfcdebug.obj
 0001:0001e2c0       sfrtGenSizeString          000000018001f2c0 f   sfc_debug:sfcdebug.obj
 0001:0001e9d0       fill_single_message_info   000000018001f9d0 f   sfc_debug:sfcdebug.obj
 0001:0001eb90       sf_debug_sim_status_listener 000000018001fb90 f   sfc_debug:sfcdebug.obj
 0001:0001f100       sf_debug_form_mask_bits    0000000180020100 f   sfc_debug:sfcdebug.obj
 0001:0001f140       sf_debug_form_sf_data_type_offsets 0000000180020140 f   sfc_debug:sfcdebug.obj
 0001:0001f200       sf_debug_free_all          0000000180020200 f   sfc_debug:sfcdebug.obj
 0001:0001f3b0       sf_debug_append_debugger_context 00000001800203b0 f   sfc_debug:sfcdebug.obj
 0001:0001f550       sf_debug_update_always_honor_breakpoints 0000000180020550 f   sfc_debug:sfcdebug.obj
 0001:0001f720       local_strdup               0000000180020720 f   sfc_debug:sfcdebug.obj
 0001:00020600       sf_debug_em_terminate      0000000180021600 f   sfc_debug:sfcdebug.obj
 0001:00020640       sf_debug_push_eml_function 0000000180021640 f   sfc_debug:sfcdebug.obj
 0001:000206e0       sf_debug_pop_eml_function  00000001800216e0 f   sfc_debug:sfcdebug.obj
 0001:000213e0       sf_debug_get_machine_number_from_id_or_name 00000001800223e0 f   sfc_debug:sfcdebug.obj
 0001:00021530       sf_debug_get_chart_number_from_id 0000000180022530 f   sfc_debug:sfcdebug.obj
 0001:000222d0       sf_debug_transfer_control_to_debugger_GUI 00000001800232d0 f   sfc_debug:sfcdebug.obj
 0001:00023260       sf_debug_scripts_rehash    0000000180024260 f   sfc_debug:sfcdebug.obj
 0001:000234a0       sf_debug_get_script_line_count 00000001800244a0 f   sfc_debug:sfcdebug.obj
 0001:00023dd0       cv_eml_state_cvId          0000000180024dd0 f   sfc_debug:sfcdebug.obj
 0001:00023e40       cv_eml_trans_cvId          0000000180024e40 f   sfc_debug:sfcdebug.obj
 0001:000251d0       sf_debug_data_array_bounds_error 00000001800261d0 f   sfc_debug:sfcdebug.obj
 0001:00025600       eml_debug_runtime_error_doclink 0000000180026600 f   sfc_debug:sfcdebug.obj
 0001:00025760       sf_debug_runtime_error     0000000180026760 f   sfc_debug:sfcdebug.obj
 0001:000257d0       sf_debug_matlab_error      00000001800267d0 f   sfc_debug:sfcdebug.obj
 0001:00026110       sf_debug_data_value_error  0000000180027110 f   sfc_debug:sfcdebug.obj
 0001:00026a10       sf_debug_data_loss_error   0000000180027a10 f   sfc_debug:sfcdebug.obj
 0001:000279a0       call_cv_range_check        00000001800289a0 f   sfc_debug:sfcdebug.obj
 0001:00028170       sf_debug_invoke_cycle_detection_code 0000000180029170 f   sfc_debug:sfcdebug.obj
 0001:00028ff0       sf_reset_debug_info_struct 0000000180029ff0 f   sfc_debug:sfcdebug.obj
 0001:00029850       cv_script_cvId             000000018002a850 f   sfc_debug:sfcdebug.obj
 0001:0002a5b0       sfc_api_chart_visible      000000018002b5b0 f   sfc_debug:sfc_api.obj
 0001:0002a630       sfc_api_active_instance    000000018002b630 f   sfc_debug:sfc_api.obj
 0001:0002a6b0       sfc_api_machine_load       000000018002b6b0 f   sfc_debug:sfc_api.obj
 0001:0002a780       sfc_api_debugger_alive     000000018002b780 f   sfc_debug:sfc_api.obj
 0001:0002a790       sfc_api_go                 000000018002b790 f   sfc_debug:sfc_api.obj
 0001:0002a7a0       sfc_api_step_over          000000018002b7a0 f   sfc_debug:sfc_api.obj
 0001:0002a7b0       sfc_api_step_out           000000018002b7b0 f   sfc_debug:sfc_api.obj
 0001:0002a7c0       sfc_api_resume             000000018002b7c0 f   sfc_debug:sfc_api.obj
 0001:0002a7d0       sfc_api_break              000000018002b7d0 f   sfc_debug:sfc_api.obj
 0001:0002a7e0       sfc_api_stop_debugging     000000018002b7e0 f   sfc_debug:sfc_api.obj
 0001:0002a830       sfc_api_is_cycle_detected  000000018002b830 f   sfc_debug:sfc_api.obj
 0001:0002a880       sfc_api_is_array_bounds_detected 000000018002b880 f   sfc_debug:sfc_api.obj
 0001:0002a8d0       sfc_api_set_disable_all_breakpoints 000000018002b8d0 f   sfc_debug:sfc_api.obj
 0001:0002a940       sfc_api_disable_all_breakpoints_and_go 000000018002b940 f   sfc_debug:sfc_api.obj
 0001:0002a950       sfc_api_close              000000018002b950 f   sfc_debug:sfc_api.obj
 0001:0002a960       sfc_api_browse_data        000000018002b960 f   sfc_debug:sfc_api.obj
 0001:0002a9d0       sfc_api_watch_data         000000018002b9d0 f   sfc_debug:sfc_api.obj
 0001:0002aad0       sfc_api_extract_message_post_receive_info 000000018002bad0 f   sfc_debug:sfc_api.obj
 0001:0002aaf0       sfc_api_assign_data        000000018002baf0 f   sfc_debug:sfc_api.obj
 0001:0002ab90       sfc_api_whos               000000018002bb90 f   sfc_debug:sfc_api.obj
 0001:0002ac20       sfc_api_get_consistency_info 000000018002bc20 f   sfc_debug:sfc_api.obj
 0001:0002ac30       sfc_api_browse_trace       000000018002bc30 f   sfc_debug:sfc_api.obj
 0001:0002ac40       sfc_api_break_on_chart_entry 000000018002bc40 f   sfc_debug:sfc_api.obj
 0001:0002ac60       sfc_api_break_on_event_broadcast 000000018002bc60 f   sfc_debug:sfc_api.obj
 0001:0002ac80       sfc_api_break_on_state_entry 000000018002bc80 f   sfc_debug:sfc_api.obj
 0001:0002aca0       sfc_api_set_watch          000000018002bca0 f   sfc_debug:sfc_api.obj
 0001:0002ad40       sfc_api_set_breakpoints    000000018002bd40 f   sfc_debug:sfc_api.obj
 0001:0002ade0       sfc_api_set_eml_breakpoints 000000018002bde0 f   sfc_debug:sfc_api.obj
 0001:0002ae60       sfc_api_set_script_breakpoints 000000018002be60 f   sfc_debug:sfc_api.obj
 0001:0002aeb0       sfc_api_add_script_breakpoints 000000018002beb0 f   sfc_debug:sfc_api.obj
 0001:0002af00       sfc_api_clear_script_breakpoints 000000018002bf00 f   sfc_debug:sfc_api.obj
 0001:0002af50       sfc_api_query_script_breakpoints 000000018002bf50 f   sfc_debug:sfc_api.obj
 0001:0002afb0       sfc_api_get_script_id      000000018002bfb0 f   sfc_debug:sfc_api.obj
 0001:0002b070       sfc_api_get_active_states  000000018002c070 f   sfc_debug:sfc_api.obj
 0001:0002b0f0       sfc_api_break_between_times 000000018002c0f0 f   sfc_debug:sfc_api.obj
 0001:0002b150       sfc_api_get_instance_handle 000000018002c150 f   sfc_debug:sfc_api.obj
 0001:0002b200       sfc_api_set_animation      000000018002c200 f   sfc_debug:sfc_api.obj
 0001:0002b250       sfc_api_select_chart       000000018002c250 f   sfc_debug:sfc_api.obj
 0001:0002b2b0       sfc_api_select_charts      000000018002c2b0 f   sfc_debug:sfc_api.obj
 0001:0002b2e0       sfc_api_cycle_detection_check 000000018002c2e0 f   sfc_debug:sfc_api.obj
 0001:0002b330       sfc_api_data_range_check   000000018002c330 f   sfc_debug:sfc_api.obj
 0001:0002b380       sfc_api_transition_conflict_check 000000018002c380 f   sfc_debug:sfc_api.obj
 0001:0002b3d0       sfc_api_state_consistency_check 000000018002c3d0 f   sfc_debug:sfc_api.obj
 0001:0002b420       sfc_api_set_instance_cv_ids 000000018002c420 f   sfc_debug:sfc_api.obj
 0001:0002b530       sfc_api_set_script_cv_ids  000000018002c530 f   sfc_debug:sfc_api.obj
 0001:0002b5e0       sfc_api_get_current_machine_id 000000018002c5e0 f   sfc_debug:sfc_api.obj
 0001:0002b610       sfc_api_get_current_machine_number 000000018002c610 f   sfc_debug:sfc_api.obj
 0001:0002b640       sfc_api_get_current_chart_number 000000018002c640 f   sfc_debug:sfc_api.obj
 0001:0002b670       sfc_api_get_current_instance_number 000000018002c670 f   sfc_debug:sfc_api.obj
 0001:0002b6a0       sfc_api_get_current_instance_handle 000000018002c6a0 f   sfc_debug:sfc_api.obj
 0001:0002b6c0       sfc_api_get_current_is_minor_time_step 000000018002c6c0 f   sfc_debug:sfc_api.obj
 0001:0002b6f0       sfc_api_get_current_machine_name 000000018002c6f0 f   sfc_debug:sfc_api.obj
 0001:0002b710       sfc_api_get_current_chart_id 000000018002c710 f   sfc_debug:sfc_api.obj
 0001:0002b740       sfc_api_get_current_object_type 000000018002c740 f   sfc_debug:sfc_api.obj
 0001:0002b770       sfc_api_get_current_event_type 000000018002c770 f   sfc_debug:sfc_api.obj
 0001:0002b7a0       sfc_api_get_current_object_id 000000018002c7a0 f   sfc_debug:sfc_api.obj
 0001:0002b7d0       sfc_get_current_active_event_type 000000018002c7d0 f   sfc_debug:sfc_api.obj
 0001:0002b800       sfc_api_get_current_active_event_id 000000018002c800 f   sfc_debug:sfc_api.obj
 0001:0002b830       sfc_api_get_current_simulation_time 000000018002c830 f   sfc_debug:sfc_api.obj
 0001:0002b850       sfc_get_current_tag_type   000000018002c850 f   sfc_debug:sfc_api.obj
 0001:0002b880       sfc_get_current_coverage_percentage 000000018002c880 f   sfc_debug:sfc_api.obj
 0001:0002b8a0       sfc_get_current_statement_context 000000018002c8a0 f   sfc_debug:sfc_api.obj
 0001:0002b8c0       sfc_get_current_optional_integer 000000018002c8c0 f   sfc_debug:sfc_api.obj
 0001:0002b8f0       sfc_get_current_statement_info 000000018002c8f0 f   sfc_debug:sfc_api.obj
 0001:0002b990       sfc_api_get                000000018002c990 f   sfc_debug:sfc_api.obj
 0001:0002c600       sf_debug_sm_fill_state_activity_data 000000018002d600 f   sfc_debug:sfdb_animation.obj
 0001:0002ef00       void_ptr_stack_vector_free_total 000000018002ff00 f   sfc_debug:sfdb_data_browse.obj
 0001:0002ef90       sf_debug_st_terminate_machine 000000018002ff90 f   sfc_debug:sfdb_data_browse.obj
 0001:0002efd0       sf_debug_st_terminate_instance 000000018002ffd0 f   sfc_debug:sfdb_data_browse.obj
 0001:0002f380       push_on_to_void_ptr_stack  0000000180030380 f   sfc_debug:sfdb_data_browse.obj
 0001:0002f510       pop_from_void_ptr_stack    0000000180030510 f   sfc_debug:sfdb_data_browse.obj
 0001:0002f640       sf_debug_st_get_data_value 0000000180030640 f   sfc_debug:sfdb_data_browse.obj
 0001:0002fbd0       mx_value                   0000000180030bd0 f   sfc_debug:sfdb_data_browse.obj
 0001:0002fc10       sf_debug_st_fill_data_struct 0000000180030c10 f   sfc_debug:sfdb_data_browse.obj
 0001:0002ff50       data_type_format_strings   0000000180030f50 f   sfc_debug:sfdb_data_browse.obj
 0001:00030000       sf_debug_st_fill_data      0000000180031000 f   sfc_debug:sfdb_data_browse.obj
 0001:00030d50       sf_debug_hm_get_simulink_handle 0000000180031d50 f   sfc_debug:sfdb_handle_management.obj
 0001:00031850       sf_debug_hm_initialize_globals 0000000180032850 f   sfc_debug:sfdb_handle_management.obj
 0001:00031950       sf_debug_hm_get_machine_debug_flag 0000000180032950 f   sfc_debug:sfdb_handle_management.obj
 0001:00031ac0       sf_debug_hm_get_machine_id 0000000180032ac0 f   sfc_debug:sfdb_handle_management.obj
 0001:00031be0       sf_debug_hm_get_chart_id   0000000180032be0 f   sfc_debug:sfdb_handle_management.obj
 0001:00031d80       sf_debug_hm_register_executing_SFunction 0000000180032d80 f   sfc_debug:sfdb_handle_management.obj
 0001:00032110       sf_debug_hm_form_object_boolean_properties 0000000180033110 f   sfc_debug:sfdb_handle_management.obj
 0001:000323e0       sf_debug_hm_form_object_properties 00000001800333e0 f   sfc_debug:sfdb_handle_management.obj
 0001:00032620       sf_debug_hm_terminate_charts 0000000180033620 f   sfc_debug:sfdb_handle_management.obj
 0001:00032d80       sf_debug_hm_terminate_machines 0000000180033d80 f   sfc_debug:sfdb_handle_management.obj
 0001:00034980       sf_debug_ss_copy_dimension 0000000180035980 f   sfc_debug:sfdb_symbol_scope.obj
 0001:00034a40       sf_debug_ss_get_number_elements 0000000180035a40 f   sfc_debug:sfdb_symbol_scope.obj
 0001:00034a60       sf_debug_ss_fill_data_struct 0000000180035a60 f   sfc_debug:sfdb_symbol_scope.obj
 0001:00034db0       sf_debug_ss_reset_data_info 0000000180035db0 f   sfc_debug:sfdb_symbol_scope.obj
 0001:00034e10       sf_debug_fill_data_info_by_symbol_scope_entry 0000000180035e10 f   sfc_debug:sfdb_symbol_scope.obj
 0001:00034ed0       sf_debug_fill_data_info_by_data_vector 0000000180035ed0 f   sfc_debug:sfdb_symbol_scope.obj
 0001:00035120       get_data_info_helper       0000000180036120 f   sfc_debug:sfdb_symbol_scope.obj
 0001:00035220       sf_debug_ss_get_data_info  0000000180036220 f   sfc_debug:sfdb_symbol_scope.obj
 0001:00035450       sf_debug_select_mex_function 0000000180036450 f   sfc_debug:sfdb_symbol_scope.obj
 0001:00035480       sf_debug_is_dyn_matrix_initialized 0000000180036480 f   sfc_debug:sfdb_symbol_scope.obj
 0001:000354a0       sf_debug_ss_set_data_value_try 00000001800364a0 f   sfc_debug:sfdb_symbol_scope.obj
 0001:00035670       sf_debug_ss_get_data_value 0000000180036670 f   sfc_debug:sfdb_symbol_scope.obj
 0001:00035de0       sf_debug_ss_data_bytes_string 0000000180036de0 f   sfc_debug:sfdb_symbol_scope.obj
 0001:00035e90       sf_debug_ss_data_class_string 0000000180036e90 f   sfc_debug:sfdb_symbol_scope.obj
 0001:00036220       sf_debug_ss_data_size_string 0000000180037220 f   sfc_debug:sfdb_symbol_scope.obj
 0001:00036300       sf_debug_ss_data_create_data_info_struct 0000000180037300 f   sfc_debug:sfdb_symbol_scope.obj
 0001:000365d0       sf_debug_ss_data_create_name_value_pair 00000001800375d0 f   sfc_debug:sfdb_symbol_scope.obj
 0001:00036670       sf_debug_ss_data_get_whos_info 0000000180037670 f   sfc_debug:sfdb_symbol_scope.obj
 0001:00036680       same_named_data_in_data_array 0000000180037680 f   sfc_debug:sfdb_symbol_scope.obj
 0001:00037f10       sf_debug_cc_terminate_chart 0000000180038f10 f   sfc_debug:sfdb_coverage.obj
 0001:000382b0       sf_debug_cc_terminate_instance 00000001800392b0 f   sfc_debug:sfdb_coverage.obj
 0001:00038ea0       sf_debug_cc_mark_object_if_needed 0000000180039ea0 f   sfc_debug:sfdb_coverage.obj
 0001:000397a0       sf_debug_bm_initialize_eml 000000018003a7a0 f   sfc_debug:sfdb_breakpoints.obj
 0001:0003a8e0       sf_debug_bm_map_debug_tag_to_breakpoint_tag 000000018003b8e0 f   sfc_debug:sfdb_breakpoints.obj
 0001:0003a9c0       sf_debug_bm_is_a_eml_breakpoint_impl 000000018003b9c0 f   sfc_debug:sfdb_breakpoints.obj
 0001:0003c500       sf_debug_sc_push_on_error_stack 000000018003d500 f   sfc_debug:sfdb_state_consistency.obj
 0001:0003c630       sf_debug_sc_reset_error_stack 000000018003d630 f   sfc_debug:sfdb_state_consistency.obj
 0001:0003c7c0       sf_debug_sc_is_state_inconsistent 000000018003d7c0 f   sfc_debug:sfdb_state_consistency.obj
 0001:0003cac0       sf_debug_sc_fill_consistency_info 000000018003dac0 f   sfc_debug:sfdb_state_consistency.obj
 0001:0003d0a0       void_assertion_fcn         000000018003e0a0 f   sfc_debug:sfdb_call_stack.obj
 0001:0003d620       sf_debug_tm_fill_local_trace 000000018003e620 f   sfc_debug:sfdb_call_stack.obj
 0001:0003dbf0       sf_debug_cd_terminate_instance 000000018003ebf0 f   sfc_debug:sfdb_cycle_detection.obj
 0001:0003dc50       sf_debug_cd_free_checksum_stack 000000018003ec50 f   sfc_debug:sfdb_cycle_detection.obj
 0001:0003dca0       sf_debug_cd_reset_pack_strings 000000018003eca0 f   sfc_debug:sfdb_cycle_detection.obj
 0001:0003e360       md5file_clear              000000018003f360 f   sfc_debug:ckmd5.obj
 0001:0003e390       Encode                     000000018003f390 f   sfc_debug:ckmd5.obj
 0001:0003e3e0       Decode                     000000018003f3e0 f   sfc_debug:ckmd5.obj
 0001:0003e480       MD5Transform               000000018003f480 f   sfc_debug:ckmd5.obj
 0001:0003ecd0       md5file_addn               000000018003fcd0 f   sfc_debug:ckmd5.obj
 0001:0003eda0       md5file_hash               000000018003fda0 f   sfc_debug:ckmd5.obj
 0001:0003f288       pre_c_init                 0000000180040288 f   MSVCRT:crtdll.obj
 0001:0003f544       __DllMainCRTStartup        0000000180040544 f   MSVCRT:crtdll.obj
 0001:0003fc50       __DllMainCRTStartup$filt$0 0000000180040c50 f   MSVCRT:crtdll.obj
 0001:0003fc80       __DllMainCRTStartup$fin$1  0000000180040c80 f   MSVCRT:crtdll.obj
 0001:0003fc9a       _onexit$fin$0              0000000180040c9a f   MSVCRT:atonexit.obj
 0001:0003fcc0       _IsNonwritableInCurrentImage$filt$0 0000000180040cc0 f   MSVCRT:pesect.obj
