 Lab4_sfun

 Timestamp is 59fe42ae (Sat Nov 04 17:43:58 2017)

 Preferred load address is 0000000180000000

 Start         Length     Name                   Class
 0001:00000000 0003fc04H .text                   CODE
 0001:0003fc10 00000092H .text$x                 CODE
 0002:00000000 000004a0H .idata$5                DATA
 0002:000004a0 00000008H .CRT$XCA                DATA
 0002:000004a8 00000008H .CRT$XCZ                DATA
 0002:000004b0 00000008H .CRT$XIA                DATA
 0002:000004b8 00000008H .CRT$XIAA               DATA
 0002:000004c0 00000008H .CRT$XIZ                DATA
 0002:000004d0 00004b8cH .rdata                  DATA
 0002:00005060 00000008H .rtc$IAA                DATA
 0002:00005068 00000008H .rtc$IZZ                DATA
 0002:00005070 00000008H .rtc$TAA                DATA
 0002:00005078 00000008H .rtc$TZZ                DATA
 0002:00005080 000041fcH .xdata                  DATA
 0002:0000927c 000000a0H .idata$2                DATA
 0002:0000931c 00000014H .idata$3                DATA
 0002:00009330 000004a0H .idata$4                DATA
 0002:000097d0 00000ac0H .idata$6                DATA
 0002:0000a290 0000004fH .edata                  DATA
 0003:00000000 000042d8H .data                   DATA
 0003:000042e0 000026f8H .bss                    DATA
 0004:00000000 00003330H .pdata                  DATA

  Address         Publics by Value              Rva+Base               Lib:Object

 0000:00000000       ___safe_se_handler_count   0000000000000000     <absolute>
 0000:00000000       ___safe_se_handler_table   0000000000000000     <absolute>
 0000:00000000       __ImageBase                0000000180000000     <linker-defined>
 0001:00000000       sf_c1_Lab4_get_eml_resolved_functions_info 0000000180001000 f   c1_Lab4.obj
 0001:00000fc0       sf_c1_Lab4_get_check_sum   0000000180001fc0 f   c1_Lab4.obj
 0001:00001040       sf_c1_Lab4_get_autoinheritance_info 0000000180002040 f   c1_Lab4.obj
 0001:000012e0       sf_internal_get_sim_state_c1_Lab4 00000001800022e0 f   c1_Lab4.obj
 0001:000015a0       sf_internal_set_sim_state_c1_Lab4 00000001800025a0 f   c1_Lab4.obj
 0001:00001870       sf_c1_Lab4_get_testpoint_info 0000000180002870 f   c1_Lab4.obj
 0001:000018b0       c1_Lab4_method_dispatcher  00000001800028b0 f   c1_Lab4.obj
 0001:000064f0       sf_c2_Lab4_get_eml_resolved_functions_info 00000001800074f0 f   c2_Lab4.obj
 0001:00007940       sf_c2_Lab4_get_check_sum   0000000180008940 f   c2_Lab4.obj
 0001:000079c0       sf_c2_Lab4_get_autoinheritance_info 00000001800089c0 f   c2_Lab4.obj
 0001:00007f30       sf_internal_get_sim_state_c2_Lab4 0000000180008f30 f   c2_Lab4.obj
 0001:00008300       sf_internal_set_sim_state_c2_Lab4 0000000180009300 f   c2_Lab4.obj
 0001:00008800       sf_c2_Lab4_get_testpoint_info 0000000180009800 f   c2_Lab4.obj
 0001:00008840       c2_Lab4_method_dispatcher  0000000180009840 f   c2_Lab4.obj
 0001:0000d350       sf_process_check_sum_call  000000018000e350 f   Lab4_sfun_registry.obj
 0001:0000d3a0       sf_process_testpoint_info_call 000000018000e3a0 f   Lab4_sfun_registry.obj
 0001:0000d3f0       sf_process_autoinheritance_call 000000018000e3f0 f   Lab4_sfun_registry.obj
 0001:0000d590       sf_process_get_eml_resolved_functions_info_call 000000018000e590 f   Lab4_sfun_registry.obj
 0001:0000d710       sf_mex_unlock_call         000000018000e710 f   Lab4_sfun_registry.obj
 0001:0000d7c0       sf_machine_global_initializer_called 000000018000e7c0 f   Lab4_sfun_registry.obj
 0001:0000d7f0       sf_machine_global_method_dispatcher 000000018000e7f0 f   Lab4_sfun_registry.obj
 0001:0000d850       sf_machine_global_terminator 000000018000e850 f   Lab4_sfun_registry.obj
 0001:0000d890       sf_register_machine_exported_symbols 000000018000e890 f   Lab4_sfun_registry.obj
 0001:0000d8b0       callCustomFcn              000000018000e8b0 f   Lab4_sfun_registry.obj
 0001:0000d8c0       sf_machine_global_initializer 000000018000e8c0 f   Lab4_sfun_registry.obj
 0001:0000d930       _ssSetStateAbsTol          000000018000e930 f   Lab4_sfun_registry.obj
 0001:0000da10       _ssGetAbsTol               000000018000ea10 f   Lab4_sfun_registry.obj
 0001:0000da80       _ssSetInputPortMatrixDimensions 000000018000ea80 f   Lab4_sfun_registry.obj
 0001:0000db90       _ssSetOutputPortMatrixDimensions 000000018000eb90 f   Lab4_sfun_registry.obj
 0001:0000dca0       _ssSetInputPortVectorDimension 000000018000eca0 f   Lab4_sfun_registry.obj
 0001:0000dd70       _ssSetOutputPortVectorDimension 000000018000ed70 f   Lab4_sfun_registry.obj
 0001:0000de40       ssIsRunTimeParamTunable    000000018000ee40 f   Lab4_sfun_registry.obj
 0001:0000deb0       ssGetSFuncBlockHandle      000000018000eeb0 f   Lab4_sfun_registry.obj
 0001:0000df20       _ssGetCurrentInputPortWidth 000000018000ef20 f   Lab4_sfun_registry.obj
 0001:0000e040       _ssGetCurrentOutputPortWidth 000000018000f040 f   Lab4_sfun_registry.obj
 0001:0000e160       _ssGetCallSystemNumFcnCallDestinations 000000018000f160 f   Lab4_sfun_registry.obj
 0001:0000e1d0       ssWarning                  000000018000f1d0 f   Lab4_sfun_registry.obj
 0001:0000e2e0       ssGetIsZeroCrossControlDisabled 000000018000f2e0 f   Lab4_sfun_registry.obj
 0001:0000e350       ssSetIsInputPortUsedForContZcSignal 000000018000f350 f   Lab4_sfun_registry.obj
 0001:0000e3c0       ssSetZcSignalIsZcElementDisc 000000018000f3c0 f   Lab4_sfun_registry.obj
 0001:0000e470       ssSetZcSignalName          000000018000f470 f   Lab4_sfun_registry.obj
 0001:0000e4e0       ssSetZcSignalWidth         000000018000f4e0 f   Lab4_sfun_registry.obj
 0001:0000e550       ssSetZcSignalZcEventType   000000018000f550 f   Lab4_sfun_registry.obj
 0001:0000e5c0       ssSetZcSignalType          000000018000f5c0 f   Lab4_sfun_registry.obj
 0001:0000e630       ssSetZcSignalZcTol         000000018000f630 f   Lab4_sfun_registry.obj
 0001:0000e6a0       ssSetZcSignalNeedsEventNotification 000000018000f6a0 f   Lab4_sfun_registry.obj
 0001:0000e710       ssCreateAndAddZcSignalInfo 000000018000f710 f   Lab4_sfun_registry.obj
 0001:0000e780       ssCloneAndAddZcSignalInfo  000000018000f780 f   Lab4_sfun_registry.obj
 0001:0000e7f0       ssGetNumZcSignals          000000018000f7f0 f   Lab4_sfun_registry.obj
 0001:0000e860       ssGetZcSignalVector        000000018000f860 f   Lab4_sfun_registry.obj
 0001:0000e8d0       ssGetZcSignalZcEvents      000000018000f8d0 f   Lab4_sfun_registry.obj
 0001:0000e940       ssGetZcSignalName          000000018000f940 f   Lab4_sfun_registry.obj
 0001:0000e9b0       ssGetZcSignalWidth         000000018000f9b0 f   Lab4_sfun_registry.obj
 0001:0000ea20       ssGetZcSignalZcEventType   000000018000fa20 f   Lab4_sfun_registry.obj
 0001:0000ea90       ssGetZcSignalType          000000018000fa90 f   Lab4_sfun_registry.obj
 0001:0000eb00       ssGetZcSignalZcTol         000000018000fb00 f   Lab4_sfun_registry.obj
 0001:0000eb80       ssGetZcSignalNeedsEventNotification 000000018000fb80 f   Lab4_sfun_registry.obj
 0001:0000ebf0       ssGetZcSignalIsZcElementDisc 000000018000fbf0 f   Lab4_sfun_registry.obj
 0001:0000ec90       ssGetIsInputPortElementContinuous 000000018000fc90 f   Lab4_sfun_registry.obj
 0001:0000ed30       _ssGetInputPortSignalPtrsFcn 000000018000fd30 f   Lab4_sfun_registry.obj
 0001:0000eff0       _ssGetInputPortSignalFcn   000000018000fff0 f   Lab4_sfun_registry.obj
 0001:0000f210       _ssSetInputPortDirectFeedThroughFcn 0000000180010210 f   Lab4_sfun_registry.obj
 0001:0000f370       _ssSetInputPortReusableFcn 0000000180010370 f   Lab4_sfun_registry.obj
 0001:0000f460       _ssSetOutputPortReusableFcn 0000000180010460 f   Lab4_sfun_registry.obj
 0001:0000f540       ssGetDTypeIdFromMxArray    0000000180010540 f   Lab4_sfun_registry.obj
 0001:0000f660       ssWriteRTWStr              0000000180010660 f   Lab4_sfun_registry.obj
 0001:0000f6c0       ssWriteRTWMxVectParam      00000001800106c0 f   Lab4_sfun_registry.obj
 0001:0000f720       ssWriteRTWMx2dMatParam     0000000180010720 f   Lab4_sfun_registry.obj
 0001:0000f7a0       ssWriteRTWNameValuePair    00000001800107a0 f   Lab4_sfun_registry.obj
 0001:0000fc90       ssWriteRTWParameters       0000000180010c90 f   Lab4_sfun_registry.obj
 0001:00010290       ssWriteRTWParamSettings    0000000180011290 f   Lab4_sfun_registry.obj
 0001:00010960       ssWriteRTWWorkVect         0000000180011960 f   Lab4_sfun_registry.obj
 0001:00010e60       mexFunction                0000000180011e60 f   Lab4_sfun_registry.obj
 0001:00012b40       ProcessMexSfunctionEveryCall 0000000180013b40 f   Lab4_sfun_registry.obj
 0001:00012cb0       Lab4_initializer           0000000180013cb0 f   Lab4_sfun.obj
 0001:00012cc0       Lab4_terminator            0000000180013cc0 f   Lab4_sfun.obj
 0001:00012cd0       sf_Lab4_method_dispatcher  0000000180013cd0 f   Lab4_sfun.obj
 0001:00012d40       sf_Lab4_process_testpoint_info_call 0000000180013d40 f   Lab4_sfun.obj
 0001:00012ee0       sf_Lab4_process_check_sum_call 0000000180013ee0 f   Lab4_sfun.obj
 0001:00013300       sf_Lab4_autoinheritance_info 0000000180014300 f   Lab4_sfun.obj
 0001:000134c0       sf_Lab4_get_eml_resolved_functions_info 00000001800144c0 f   Lab4_sfun.obj
 0001:00013630       Lab4_debug_initialize      0000000180014630 f   Lab4_sfun.obj
 0001:000136a0       Lab4_register_exported_symbols 00000001800146a0 f   Lab4_sfun.obj
 0001:000136b0       load_Lab4_optimization_info 00000001800146b0 f   Lab4_sfun.obj
 0001:00013700       unload_Lab4_optimization_info 0000000180014700 f   Lab4_sfun.obj
 0001:00013820       sf_mex_mx_is_numeric       0000000180014820 f   sfc_mex:sfc_mex.obj
 0001:00013860       strcmp_ignore_ws           0000000180014860 f   sfc_mex:sfc_mex.obj
 0001:000139a0       sf_mex_duplicatearraysafe  00000001800149a0 f   sfc_mex:sfc_mex.obj
 0001:00013b00       sf_set_error_debugger_context_message_fcn 0000000180014b00 f   sfc_mex:sfc_mex.obj
 0001:00013b10       sf_set_debugger_matlab_error_fcn 0000000180014b10 f   sfc_mex:sfc_mex.obj
 0001:00013b40       sf_set_error_prefix_string 0000000180014b40 f   sfc_mex:sfc_mex.obj
 0001:00013b70       sf_get_error_prefix_string 0000000180014b70 f   sfc_mex:sfc_mex.obj
 0001:00013b80       sf_mex_enter_parallel_region 0000000180014b80 f   sfc_mex:sfc_mex.obj
 0001:00013b90       sf_mex_exit_parallel_region 0000000180014b90 f   sfc_mex:sfc_mex.obj
 0001:00013ba0       sf_get_current_jmp_buf_ptr 0000000180014ba0 f   sfc_mex:sfc_mex.obj
 0001:00013bb0       sf_set_current_jmp_buf_ptr 0000000180014bb0 f   sfc_mex:sfc_mex.obj
 0001:00013bc0       sf_mex_set_halt_simulation 0000000180014bc0 f   sfc_mex:sfc_mex.obj
 0001:00013bd0       sf_mex_get_halt_simulation 0000000180014bd0 f   sfc_mex:sfc_mex.obj
 0001:00013be0       sf_mex_clear_error_message 0000000180014be0 f   sfc_mex:sfc_mex.obj
 0001:00013c00       sf_mex_get_error_message_for_read 0000000180014c00 f   sfc_mex:sfc_mex.obj
 0001:00013c10       sf_mex_get_error_message_buffer_length 0000000180014c10 f   sfc_mex:sfc_mex.obj
 0001:00013cf0       sf_mex_warning_message     0000000180014cf0 f   sfc_mex:sfc_mex.obj
 0001:00013d60       sf_mex_v_errbuf_createf    0000000180014d60 f   sfc_mex:sfc_mex.obj
 0001:00013d70       sf_mex_errbuf_createf      0000000180014d70 f   sfc_mex:sfc_mex.obj
 0001:00013da0       sf_mex_v_errbuf_catf       0000000180014da0 f   sfc_mex:sfc_mex.obj
 0001:00013de0       sf_mex_errbuf_catf         0000000180014de0 f   sfc_mex:sfc_mex.obj
 0001:00013e30       sf_mex_errbuf_copy         0000000180014e30 f   sfc_mex:sfc_mex.obj
 0001:00013e40       sf_mex_errbuf_clear        0000000180014e40 f   sfc_mex:sfc_mex.obj
 0001:00013e50       sf_mex_errbuf_isempty      0000000180014e50 f   sfc_mex:sfc_mex.obj
 0001:00013f60       sf_mex_set_error_status    0000000180014f60 f   sfc_mex:sfc_mex.obj
 0001:00013fb0       sf_mex_error_direct_call   0000000180014fb0 f   sfc_mex:sfc_mex.obj
 0001:00013fd0       sf_mex_error_message_no_long_jump 0000000180014fd0 f   sfc_mex:sfc_mex.obj
 0001:00013ff0       sf_mex_long_jump_on_error  0000000180014ff0 f   sfc_mex:sfc_mex.obj
 0001:00014020       sf_mex_call_matlab         0000000180015020 f   sfc_mex:sfc_mex.obj
 0001:00014140       sf_mex_check_builtin       0000000180015140 f   sfc_mex:sfc_mex.obj
 0001:000141e0       sf_mex_check_builtin_vs    00000001800151e0 f   sfc_mex:sfc_mex.obj
 0001:000142a0       sf_mex_check_enum          00000001800152a0 f   sfc_mex:sfc_mex.obj
 0001:00014320       sf_mex_create_enum         0000000180015320 f   sfc_mex:sfc_mex.obj
 0001:00014390       sf_mex_get_enum_element    0000000180015390 f   sfc_mex:sfc_mex.obj
 0001:000143a0       sf_mex_createcellarray     00000001800153a0 f   sfc_mex:sfc_mex.obj
 0001:000143b0       sf_mex_setcell             00000001800153b0 f   sfc_mex:sfc_mex.obj
 0001:000143c0       sf_mex_getcell             00000001800153c0 f   sfc_mex:sfc_mex.obj
 0001:000143d0       sf_mex_dup                 00000001800153d0 f   sfc_mex:sfc_mex.obj
 0001:000143f0       sf_mex_assign              00000001800153f0 f   sfc_mex:sfc_mex.obj
 0001:00014470       sf_mex_destroy             0000000180015470 f   sfc_mex:sfc_mex.obj
 0001:000144a0       mx_array_has_fi_type       00000001800154a0 f   sfc_mex:sfc_mex.obj
 0001:000144d0       sf_mex_convert_from_fi     00000001800154d0 f   sfc_mex:sfc_mex.obj
 0001:00014600       sf_mex_convert_to_double   0000000180015600 f   sfc_mex:sfc_mex.obj
 0001:00014720       sf_mex_import_fi_vs        0000000180015720 f   sfc_mex:sfc_mex.obj
 0001:000148e0       sf_matrix_matrix_index_ok  00000001800158e0 f   sfc_mex:sfc_mex.obj
 0001:00014970       sf_vector_vector_index_ok  0000000180015970 f   sfc_mex:sfc_mex.obj
 0001:000149a0       ssGetCurrentInputPortDimensions_wrapper 00000001800159a0 f   sfc_mex:sfc_mex.obj
 0001:000149c0       ssGetCurrentOutputPortDimensions_wrapper 00000001800159c0 f   sfc_mex:sfc_mex.obj
 0001:000149e0       sf_mex_emlrt_context_is_debug_mode 00000001800159e0 f   sfc_mex:sfc_mex.obj
 0001:000149f0       sf_mex_emlrt_context_set_debug_mode 00000001800159f0 f   sfc_mex:sfc_mex.obj
 0001:00014a00       sf_mex_emlrtNameCapturePostProcessR2012a 0000000180015a00 f   sfc_mex:sfc_mex.obj
 0001:00014a70       sf_clear_error_manager_info 0000000180015a70 f   sfc_mex:sfc_mex.obj
 0001:00014ad0       sf_mex_stop_simulation_abruptly_wo_error 0000000180015ad0 f   sfc_mex:sfc_mex.obj
 0001:00014b10       sf_mex_error_message       0000000180015b10 f   sfc_mex:sfc_mex.obj
 0001:00014b70       sf_react_to_error_in_matlab_call 0000000180015b70 f   sfc_mex:sfc_mex.obj
 0001:00014ba0       sf_mex_addfield            0000000180015ba0 f   sfc_mex:sfc_mex.obj
 0001:00014c40       sf_mex_getfield            0000000180015c40 f   sfc_mex:sfc_mex.obj
 0001:00014f40       sf_mex_check_class         0000000180015f40 f   sfc_mex:sfc_mex.obj
 0001:00014fe0       sf_mex_is_real             0000000180015fe0 f   sfc_mex:sfc_mex.obj
 0001:00015450       sf_mex_decode_encoded_mx_struct_array 0000000180016450 f   sfc_mex:sfc_mex.obj
 0001:00015730       sf_mex_lw_bounds_check     0000000180016730 f   sfc_mex:sfc_mex.obj
 0001:00015760       sf_mex_lw_size_eq_check_1d 0000000180016760 f   sfc_mex:sfc_mex.obj
 0001:00015780       sf_mex_lw_size_eq_check_nd 0000000180016780 f   sfc_mex:sfc_mex.obj
 0001:00015960       sf_mex_lw_dim_size_eq_check 0000000180016960 f   sfc_mex:sfc_mex.obj
 0001:00015990       sf_mex_lw_dim_size_geq_check 0000000180016990 f   sfc_mex:sfc_mex.obj
 0001:000159c0       sf_mex_lw_sub_assign_size_check_nd 00000001800169c0 f   sfc_mex:sfc_mex.obj
 0001:00015bf0       sf_mex_lw_runtime_error_msgid 0000000180016bf0 f   sfc_mex:sfc_mex.obj
 0001:00015ce0       sf_mex_lw_matrix_matrix_index_check 0000000180016ce0 f   sfc_mex:sfc_mex.obj
 0001:00015d00       sf_mex_lw_vector_vector_index_check 0000000180016d00 f   sfc_mex:sfc_mex.obj
 0001:00015d40       sf_mex_lw_for_loop_vector_check 0000000180016d40 f   sfc_mex:sfc_mex.obj
 0001:00015dd0       sf_mex_lw_non_negative_check 0000000180016dd0 f   sfc_mex:sfc_mex.obj
 0001:00015e10       sf_mex_overflow_error      0000000180016e10 f   sfc_mex:sfc_mex.obj
 0001:00015e20       sf_mex_dividebyzero_error  0000000180016e20 f   sfc_mex:sfc_mex.obj
 0001:00015e30       sf_mex_unsafe_enum_error   0000000180016e30 f   sfc_mex:sfc_mex.obj
 0001:00015e40       sf_emlrtErrHandler         0000000180016e40 f   sfc_mex:sfc_mex.obj
 0001:00015f20       sf_mex_size_one_check      0000000180016f20 f   sfc_mex:sfc_mex.obj
 0001:00015f40       sf_mex_printf              0000000180016f40 f   sfc_mex:sfc_mex.obj
 0001:00016110       sf_mex_check_size          0000000180017110 f   sfc_mex:sfc_mex.obj
 0001:000163e0       sf_mex_check_struct        00000001800173e0 f   sfc_mex:sfc_mex.obj
 0001:00016640       sf_mex_check_struct_vs     0000000180017640 f   sfc_mex:sfc_mex.obj
 0001:000166d0       sf_mex_check_fi            00000001800176d0 f   sfc_mex:sfc_mex.obj
 0001:000167d0       sf_mex_check_fi_vs         00000001800177d0 f   sfc_mex:sfc_mex.obj
 0001:00016870       sf_echo_expression         0000000180017870 f   sfc_mex:sfc_mex.obj
 0001:000168d0       sf_assertion_failed        00000001800178d0 f   sfc_mex:sfc_mex.obj
 0001:00016bb0       sf_mex_evalin              0000000180017bb0 f   sfc_mex:sfc_mex.obj
 0001:00016e20       sf_mex_export              0000000180017e20 f   sfc_mex:sfc_mex.obj
 0001:00016ee0       sf_mex_get_ml_var_no_error 0000000180017ee0 f   sfc_mex:sfc_mex.obj
 0001:00017080       sf_mex_get_ml_var          0000000180018080 f   sfc_mex:sfc_mex.obj
 0001:00017520       ml_set_element_value_in_array 0000000180018520 f   sfc_mex:sfc_mex.obj
 0001:00018bf0       sf_mex_call_impl           0000000180019bf0 f   sfc_mex:sfc_mex.obj
 0001:00019120       sf_mex_call_debug          000000018001a120 f   sfc_mex:sfc_mex.obj
 0001:00019150       sf_mex_call                000000018001a150 f   sfc_mex:sfc_mex.obj
 0001:000197a0       sf_mex_createstruct        000000018001a7a0 f   sfc_mex:sfc_mex.obj
 0001:00019890       sf_mex_createstructarray   000000018001a890 f   sfc_mex:sfc_mex.obj
 0001:00019910       sf_mex_get_mx_datatype_from_sf_datatype 000000018001a910 f   sfc_mex:sfc_mex.obj
 0001:00019c20       sf_mex_ml_var_sub          000000018001ac20 f   sfc_mex:sfc_mex.obj
 0001:00019df0       sf_mex_ml_var_subsasgn     000000018001adf0 f   sfc_mex:sfc_mex.obj
 0001:0001a1e0       sf_mex_sub                 000000018001b1e0 f   sfc_mex:sfc_mex.obj
 0001:0001a3e0       sf_mex_subsasgn            000000018001b3e0 f   sfc_mex:sfc_mex.obj
 0001:0001a8c0       sf_mex_create              000000018001b8c0 f   sfc_mex:sfc_mex.obj
 0001:0001b310       sf_mex_import_named        000000018001c310 f   sfc_mex:sfc_mex.obj
 0001:0001b370       sf_mex_import              000000018001c370 f   sfc_mex:sfc_mex.obj
 0001:0001b3c0       sf_mex_import_vs           000000018001c3c0 f   sfc_mex:sfc_mex.obj
 0001:0001b4d0       sf_mex_lower_fixpt_mx_array 000000018001c4d0 f   sfc_mex:sfc_mex.obj
 0001:0001b7c0       sf_send_message_wrapper    000000018001c7c0 f   sfc_mex:sfc_sf.obj
 0001:0001b7f0       sf_receive_message_wrapper 000000018001c7f0 f   sfc_mex:sfc_sf.obj
 0001:0001b830       sf_check_out_message_wrapper 000000018001c830 f   sfc_mex:sfc_sf.obj
 0001:0001b870       sf_check_in_message_wrapper 000000018001c870 f   sfc_mex:sfc_sf.obj
 0001:0001b8b0       sf_no_message_wrapper      000000018001c8b0 f   sfc_mex:sfc_sf.obj
 0001:0001bc40       sim_mode_is_rtw_gen        000000018001cc40 f   sfc_mex:sfc_sf.obj
 0001:0001bc70       sim_mode_is_external       000000018001cc70 f   sfc_mex:sfc_sf.obj
 0001:0001bc80       sim_mode_is_modelref_sim   000000018001cc80 f   sfc_mex:sfc_sf.obj
 0001:0001bca0       mdlInitializeSizes         000000018001cca0 f   sfc_mex:sfc_sf.obj
 0001:0001bcc0       mdlInitializeSampleTimes   000000018001ccc0 f   sfc_mex:sfc_sf.obj
 0001:0001bd00       mdlZeroCrossings           000000018001cd00 f   sfc_mex:sfc_sf.obj
 0001:0001bde0       mdlDerivatives             000000018001cde0 f   sfc_mex:sfc_sf.obj
 0001:0001be90       mdl_initialize_conditions_processing 000000018001ce90 f   sfc_mex:sfc_sf.obj
 0001:0001bec0       mdlInitializeConditions    000000018001cec0 f   sfc_mex:sfc_sf.obj
 0001:0001bf80       mdlGetSimState             000000018001cf80 f   sfc_mex:sfc_sf.obj
 0001:0001bf90       mdlSetSimState             000000018001cf90 f   sfc_mex:sfc_sf.obj
 0001:0001bfa0       mdl_ext_mode_exec_processing 000000018001cfa0 f   sfc_mex:sfc_sf.obj
 0001:0001bfc0       mdlExtModeExec             000000018001cfc0 f   sfc_mex:sfc_sf.obj
 0001:0001c150       mdlTerminate               000000018001d150 f   sfc_mex:sfc_sf.obj
 0001:0001c1c0       mdlRTW                     000000018001d1c0 f   sfc_mex:sfc_sf.obj
 0001:0001c1f0       mdlSetWorkWidths           000000018001d1f0 f   sfc_mex:sfc_sf.obj
 0001:0001c200       mdlProcessParameters       000000018001d200 f   sfc_mex:sfc_sf.obj
 0001:0001c210       mdl_start_processing       000000018001d210 f   sfc_mex:sfc_sf.obj
 0001:0001c270       mdlStart                   000000018001d270 f   sfc_mex:sfc_sf.obj
 0001:0001c380       mdlEnable                  000000018001d380 f   sfc_mex:sfc_sf.obj
 0001:0001c450       mdlDisable                 000000018001d450 f   sfc_mex:sfc_sf.obj
 0001:0001c500       sf_get_chart_instance_ptr  000000018001d500 f   sfc_mex:sfc_sf.obj
 0001:0001c520       sf_load_rtw_optimization_info 000000018001d520 f   sfc_mex:sfc_sf.obj
 0001:0001c5f0       sf_rtw_info_uint_prop      000000018001d5f0 f   sfc_mex:sfc_sf.obj
 0001:0001c730       sf_is_chart_inlinable      000000018001d730 f   sfc_mex:sfc_sf.obj
 0001:0001c750       sf_mark_output_events_with_multiple_callers 000000018001d750 f   sfc_mex:sfc_sf.obj
 0001:0001c8e0       sf_mark_chart_reusable_outputs 000000018001d8e0 f   sfc_mex:sfc_sf.obj
 0001:0001cb40       sf_mark_chart_expressionable_inputs 000000018001db40 f   sfc_mex:sfc_sf.obj
 0001:0001cda0       sf_get_subchart_simstruct  000000018001dda0 f   sfc_mex:sfc_sf.obj
 0001:0001cdf0       sf_get_fixpt_data_type_id  000000018001ddf0 f   sfc_mex:sfc_sf.obj
 0001:0001ce30       sf_get_enum_data_type_id   000000018001de30 f   sfc_mex:sfc_sf.obj
 0001:0001ce70       sf_get_param_data_type_id  000000018001de70 f   sfc_mex:sfc_sf.obj
 0001:0001cea0       sf_mex_listen_for_ctrl_c_force 000000018001dea0 f   sfc_mex:sfc_sf.obj
 0001:0001cfb0       sf_mex_draw_now            000000018001dfb0 f   sfc_mex:sfc_sf.obj
 0001:0001cff0       sf_mex_set_debugger_sim_status_listener_fcn 000000018001dff0 f   sfc_mex:sfc_sf.obj
 0001:0001d000       sf_mex_listen_for_ctrl_c   000000018001e000 f   sfc_mex:sfc_sf.obj
 0001:0001d090       sf_mex_get_sfun_param      000000018001e090 f   sfc_mex:sfc_sf.obj
 0001:0001d0e0       sf_get_runtime_param_data  000000018001e0e0 f   sfc_mex:sfc_sf.obj
 0001:0001d120       sf_call_output_fcn_call    000000018001e120 f   sfc_mex:sfc_sf.obj
 0001:0001d260       sf_call_output_fcn_enable  000000018001e260 f   sfc_mex:sfc_sf.obj
 0001:0001d2f0       sf_call_output_fcn_disable 000000018001e2f0 f   sfc_mex:sfc_sf.obj
 0001:0001d380       sf_clear_rtw_identifier    000000018001e380 f   sfc_mex:sfc_sf.obj
 0001:0001db70       sf_set_encoded_dwork_info  000000018001eb70 f   sfc_mex:sfc_sf.obj
 0001:0001dbc0       sf_get_dwork_info_from_mat_file 000000018001ebc0 f   sfc_mex:sfc_sf.obj
 0001:0001dd80       sf_set_rtw_dwork_info      000000018001ed80 f   sfc_mex:sfc_sf.obj
 0001:0001def0       mdlOutputs                 000000018001eef0 f   sfc_mex:sfc_sf.obj
 0001:0001e090       sf_debug_disp              000000018001f090 f   sfc_debug:sfcdebug.obj
 0001:0001e2f0       sf_debug_data_runtime_size_mismatch_error_check 000000018001f2f0 f   sfc_debug:sfcdebug.obj
 0001:0001e390       sf_debug_try_loading_machine 000000018001f390 f   sfc_debug:sfcdebug.obj
 0001:0001e490       sf_debug_reset_current_state_configuration 000000018001f490 f   sfc_debug:sfcdebug.obj
 0001:0001e520       sf_debug_store_current_state_configuration 000000018001f520 f   sfc_debug:sfcdebug.obj
 0001:0001e5b0       sf_debug_restore_previous_state_configuration 000000018001f5b0 f   sfc_debug:sfcdebug.obj
 0001:0001e640       sf_debug_restore_previous_state_configuration2 000000018001f640 f   sfc_debug:sfcdebug.obj
 0001:0001e6d0       sf_debug_get_event_scope   000000018001f6d0 f   sfc_debug:sfcdebug.obj
 0001:0001e840       use_debugger_step_animation 000000018001f840 f   sfc_debug:sfcdebug.obj
 0001:0001e860       sf_debug_get_script_id     000000018001f860 f   sfc_debug:sfcdebug.obj
 0001:0001e8f0       sf_debug_set_script_translation 000000018001f8f0 f   sfc_debug:sfcdebug.obj
 0001:0001ea70       sf_debug_extract_message_post_receive_info 000000018001fa70 f   sfc_debug:sfcdebug.obj
 0001:0001eb70       sf_debug_get_current_machine_id 000000018001fb70 f   sfc_debug:sfcdebug.obj
 0001:0001eb90       sf_debug_get_current_optional_integer 000000018001fb90 f   sfc_debug:sfcdebug.obj
 0001:0001eba0       sf_debug_get_current_machine_number 000000018001fba0 f   sfc_debug:sfcdebug.obj
 0001:0001ebc0       sf_debug_get_current_machine_name 000000018001fbc0 f   sfc_debug:sfcdebug.obj
 0001:0001ebe0       sf_debug_get_current_chart_id 000000018001fbe0 f   sfc_debug:sfcdebug.obj
 0001:0001ec30       sf_debug_get_current_chart_number 000000018001fc30 f   sfc_debug:sfcdebug.obj
 0001:0001ec40       sf_debug_get_current_instance_number 000000018001fc40 f   sfc_debug:sfcdebug.obj
 0001:0001ec50       sf_debug_get_current_is_minor_time_step 000000018001fc50 f   sfc_debug:sfcdebug.obj
 0001:0001ecd0       sf_debug_get_current_object_type 000000018001fcd0 f   sfc_debug:sfcdebug.obj
 0001:0001ece0       sf_debug_get_current_instance_handle 000000018001fce0 f   sfc_debug:sfcdebug.obj
 0001:0001ed40       sf_debug_get_current_event_type 000000018001fd40 f   sfc_debug:sfcdebug.obj
 0001:0001ed50       sf_debug_get_current_object_id 000000018001fd50 f   sfc_debug:sfcdebug.obj
 0001:0001ed90       sf_debug_get_current_active_event_type 000000018001fd90 f   sfc_debug:sfcdebug.obj
 0001:0001eda0       sf_debug_get_current_active_event_id 000000018001fda0 f   sfc_debug:sfcdebug.obj
 0001:0001ede0       sf_debug_get_current_tag_type 000000018001fde0 f   sfc_debug:sfcdebug.obj
 0001:0001edf0       sf_debug_get_current_simulation_time 000000018001fdf0 f   sfc_debug:sfcdebug.obj
 0001:0001ee00       sf_debug_get_current_coverage_percentage 000000018001fe00 f   sfc_debug:sfcdebug.obj
 0001:0001ee10       sf_debug_current_statement_context 000000018001fe10 f   sfc_debug:sfcdebug.obj
 0001:0001eea0       sf_debug_get_current_statement_info 000000018001fea0 f   sfc_debug:sfcdebug.obj
 0001:0001f020       sf_debug_terminate_instance 0000000180020020 f   sfc_debug:sfcdebug.obj
 0001:0001f360       sf_debug_assertion_failed  0000000180020360 f   sfc_debug:sfcdebug.obj
 0001:0001f5c0       sf_debug_set_number_of_data_with_change_event_for_machine 00000001800205c0 f   sfc_debug:sfcdebug.obj
 0001:0001f600       sf_debug_set_machine_event_thresholds 0000000180020600 f   sfc_debug:sfcdebug.obj
 0001:0001f620       sf_debug_set_machine_event_scope 0000000180020620 f   sfc_debug:sfcdebug.obj
 0001:0001f660       sf_debug_set_machine_data_thresholds 0000000180020660 f   sfc_debug:sfcdebug.obj
 0001:0001f6a0       sf_debug_set_machine_data_scope 00000001800206a0 f   sfc_debug:sfcdebug.obj
 0001:0001f730       sf_debug_set_machine_data_name 0000000180020730 f   sfc_debug:sfcdebug.obj
 0001:0001f7d0       sf_debug_set_machine_data_size 00000001800207d0 f   sfc_debug:sfcdebug.obj
 0001:0001f910       sf_debug_set_machine_data_type 0000000180020910 f   sfc_debug:sfcdebug.obj
 0001:0001fa80       sf_debug_get_chart_data_number 0000000180020a80 f   sfc_debug:sfcdebug.obj
 0001:0001faa0       sf_debug_get_chart_event_number 0000000180020aa0 f   sfc_debug:sfcdebug.obj
 0001:0001fac0       sf_debug_set_chart_state_info 0000000180020ac0 f   sfc_debug:sfcdebug.obj
 0001:0001fb40       sf_debug_set_chart_decomposition 0000000180020b40 f   sfc_debug:sfcdebug.obj
 0001:0001fbb0       sf_debug_set_chart_substate_count 0000000180020bb0 f   sfc_debug:sfcdebug.obj
 0001:0001fc90       sf_debug_set_chart_substate_index 0000000180020c90 f   sfc_debug:sfcdebug.obj
 0001:0001fd00       sf_debug_set_chart_state_substate_count 0000000180020d00 f   sfc_debug:sfcdebug.obj
 0001:0001fe10       sf_debug_set_chart_state_substate_index 0000000180020e10 f   sfc_debug:sfcdebug.obj
 0001:0001fe90       sf_debug_set_number_of_data_with_change_event_for_chart 0000000180020e90 f   sfc_debug:sfcdebug.obj
 0001:0001ff10       sf_debug_set_number_of_states_with_entry_event_for_chart 0000000180020f10 f   sfc_debug:sfcdebug.obj
 0001:0001ff80       sf_debug_set_number_of_states_with_exit_event_for_chart 0000000180020f80 f   sfc_debug:sfcdebug.obj
 0001:0001fff0       sf_debug_set_chart_disable_implicit_casting 0000000180020ff0 f   sfc_debug:sfcdebug.obj
 0001:00020060       sf_debug_set_chart_event_thresholds 0000000180021060 f   sfc_debug:sfcdebug.obj
 0001:000200d0       sf_debug_set_chart_data_compiled_props 00000001800210d0 f   sfc_debug:sfcdebug.obj
 0001:00020420       sf_debug_set_chart_data_props 0000000180021420 f   sfc_debug:sfcdebug.obj
 0001:00020740       sf_debug_check_fi_license  0000000180021740 f   sfc_debug:sfcdebug.obj
 0001:00020930       sf_debug_symbol_scope_push 0000000180021930 f   sfc_debug:sfcdebug.obj
 0001:00020970       sf_debug_symbol_scope_push_eml 0000000180021970 f   sfc_debug:sfcdebug.obj
 0001:000209c0       sf_debug_symbol_scope_pop  00000001800219c0 f   sfc_debug:sfcdebug.obj
 0001:00020a00       sf_debug_symbol_scope_add_importable 0000000180021a00 f   sfc_debug:sfcdebug.obj
 0001:00020a80       sf_debug_symbol_scope_add  0000000180021a80 f   sfc_debug:sfcdebug.obj
 0001:00020b00       sf_debug_symbol_scope_add_dyn_importable 0000000180021b00 f   sfc_debug:sfcdebug.obj
 0001:00020bc0       sf_debug_symbol_scope_add_dyn 0000000180021bc0 f   sfc_debug:sfcdebug.obj
 0001:00020bf0       sf_debug_symbol_scope_add_eml_importable 0000000180021bf0 f   sfc_debug:sfcdebug.obj
 0001:00020c30       sf_debug_symbol_scope_add_eml 0000000180021c30 f   sfc_debug:sfcdebug.obj
 0001:00020c70       sf_debug_symbol_scope_add_eml_dyn_importable 0000000180021c70 f   sfc_debug:sfcdebug.obj
 0001:00020ce0       sf_debug_symbol_scope_add_eml_dyn 0000000180021ce0 f   sfc_debug:sfcdebug.obj
 0001:00020d40       sf_debug_symbol_switch     0000000180021d40 f   sfc_debug:sfcdebug.obj
 0001:00020d60       sf_debug_symbol_scope_add_verbose 0000000180021d60 f   sfc_debug:sfcdebug.obj
 0001:00020e30       sf_debug_set_machine_data_value_ptr 0000000180021e30 f   sfc_debug:sfcdebug.obj
 0001:00020e70       sf_debug_set_instance_data_value_ptr 0000000180021e70 f   sfc_debug:sfcdebug.obj
 0001:00020f30       sf_debug_unset_instance_data_value_ptr 0000000180021f30 f   sfc_debug:sfcdebug.obj
 0001:00020fe0       sf_debug_set_chart_event_scope 0000000180021fe0 f   sfc_debug:sfcdebug.obj
 0001:00021060       sf_debug_set_chart_transition_coverage_maps 0000000180022060 f   sfc_debug:sfcdebug.obj
 0001:00021170       sf_debug_set_chart_state_coverage_maps 0000000180022170 f   sfc_debug:sfcdebug.obj
 0001:00021250       sf_debug_set_instance_transition_coverage_weights 0000000180022250 f   sfc_debug:sfcdebug.obj
 0001:000212f0       sf_debug_set_instance_state_coverage_weights 00000001800222f0 f   sfc_debug:sfcdebug.obj
 0001:00021540       sf_debug_unload_machine    0000000180022540 f   sfc_debug:sfcdebug.obj
 0001:00021590       sf_debug_load_machine      0000000180022590 f   sfc_debug:sfcdebug.obj
 0001:00021690       sf_debug_set_active_instance_in_data_dictionary 0000000180022690 f   sfc_debug:sfcdebug.obj
 0001:00021870       sf_debug_set_active_instance 0000000180022870 f   sfc_debug:sfcdebug.obj
 0001:000219d0       sf_debug_chart_visiblity_change 00000001800229d0 f   sfc_debug:sfcdebug.obj
 0001:00021ad0       sf_debug_select_chart      0000000180022ad0 f   sfc_debug:sfcdebug.obj
 0001:00021c40       sf_debug_set_instance_cv_ids 0000000180022c40 f   sfc_debug:sfcdebug.obj
 0001:00021f50       sf_debug_select_charts     0000000180022f50 f   sfc_debug:sfcdebug.obj
 0001:000220e0       sf_debug_initialized       00000001800230e0 f   sfc_debug:sfcdebug.obj
 0001:000220f0       sf_debug_is_uninterruptible 00000001800230f0 f   sfc_debug:sfcdebug.obj
 0001:00022120       sf_debug_initialize_debugger_gui 0000000180023120 f   sfc_debug:sfcdebug.obj
 0001:00022510       sf_debug_resume            0000000180023510 f   sfc_debug:sfcdebug.obj
 0001:00022530       sf_debug_go                0000000180023530 f   sfc_debug:sfcdebug.obj
 0001:00022540       sf_debug_break             0000000180023540 f   sfc_debug:sfcdebug.obj
 0001:00022550       sf_debug_step_over         0000000180023550 f   sfc_debug:sfcdebug.obj
 0001:00022560       sf_debug_step_out          0000000180023560 f   sfc_debug:sfcdebug.obj
 0001:00022570       sf_debug_set_disable_all_breakpoints 0000000180023570 f   sfc_debug:sfcdebug.obj
 0001:00022580       sf_debug_disable_all_breakpoints_and_go 0000000180023580 f   sfc_debug:sfcdebug.obj
 0001:00022590       sf_debug_break_on_chart_entry 0000000180023590 f   sfc_debug:sfcdebug.obj
 0001:000225a0       sf_debug_break_on_event_broadcast 00000001800235a0 f   sfc_debug:sfcdebug.obj
 0001:000225b0       sf_debug_break_on_state_entry 00000001800235b0 f   sfc_debug:sfcdebug.obj
 0001:000225c0       sf_debug_break_between_times 00000001800235c0 f   sfc_debug:sfcdebug.obj
 0001:000225e0       sf_debug_browse_data       00000001800235e0 f   sfc_debug:sfcdebug.obj
 0001:00022600       sf_debug_watch_data        0000000180023600 f   sfc_debug:sfcdebug.obj
 0001:00022620       sf_debug_assign_data       0000000180023620 f   sfc_debug:sfcdebug.obj
 0001:00022640       sf_debug_whos              0000000180023640 f   sfc_debug:sfcdebug.obj
 0001:00022660       sf_debug_get_consistency_info 0000000180023660 f   sfc_debug:sfcdebug.obj
 0001:00022670       sf_debug_browse_trace      0000000180023670 f   sfc_debug:sfcdebug.obj
 0001:00022680       sf_debug_set_breakpoints   0000000180023680 f   sfc_debug:sfcdebug.obj
 0001:000227e0       sf_debug_set_eml_breakpoints 00000001800237e0 f   sfc_debug:sfcdebug.obj
 0001:00022940       sf_debug_set_script_breakpoints 0000000180023940 f   sfc_debug:sfcdebug.obj
 0001:000229c0       sf_debug_add_script_breakpoints 00000001800239c0 f   sfc_debug:sfcdebug.obj
 0001:00022a30       sf_debug_clear_script_breakpoints 0000000180023a30 f   sfc_debug:sfcdebug.obj
 0001:00022aa0       sf_debug_query_script_breakpoints 0000000180023aa0 f   sfc_debug:sfcdebug.obj
 0001:00022b60       sf_debug_get_eml_script_id 0000000180023b60 f   sfc_debug:sfcdebug.obj
 0001:00022bb0       sf_debug_set_watch         0000000180023bb0 f   sfc_debug:sfcdebug.obj
 0001:00022de0       sf_debug_get_instance_handle 0000000180023de0 f   sfc_debug:sfcdebug.obj
 0001:00022e70       sf_debug_get_active_states 0000000180023e70 f   sfc_debug:sfcdebug.obj
 0001:00022e80       sf_debug_get_animation     0000000180023e80 f   sfc_debug:sfcdebug.obj
 0001:00022e90       sf_debug_set_animation     0000000180023e90 f   sfc_debug:sfcdebug.obj
 0001:00022ea0       sf_debug_animate           0000000180023ea0 f   sfc_debug:sfcdebug.obj
 0001:00022ed0       sf_debug_cycle_detection_check 0000000180023ed0 f   sfc_debug:sfcdebug.obj
 0001:00022ee0       sf_debug_data_range_check  0000000180023ee0 f   sfc_debug:sfcdebug.obj
 0001:00022ef0       sf_debug_transition_conflict_check 0000000180023ef0 f   sfc_debug:sfcdebug.obj
 0001:00022f00       sf_debug_state_consistency_check 0000000180023f00 f   sfc_debug:sfcdebug.obj
 0001:00022f10       sf_debug_data_range_check_enabled 0000000180023f10 f   sfc_debug:sfcdebug.obj
 0001:00022f30       sf_debug_transition_conflict_check_enabled 0000000180023f30 f   sfc_debug:sfcdebug.obj
 0001:00022f50       sf_debug_transition_conflict_check_begin 0000000180023f50 f   sfc_debug:sfcdebug.obj
 0001:00022f70       sf_debug_transition_conflict_check_end 0000000180023f70 f   sfc_debug:sfcdebug.obj
 0001:00022f90       sf_debug_stop_debugging    0000000180023f90 f   sfc_debug:sfcdebug.obj
 0001:00022fc0       sf_debug_is_cycle_detected 0000000180023fc0 f   sfc_debug:sfcdebug.obj
 0001:00022fd0       sf_debug_is_array_bounds_detected 0000000180023fd0 f   sfc_debug:sfcdebug.obj
 0001:00022fe0       sf_debug_get_state_vectors_data_size 0000000180023fe0 f   sfc_debug:sfcdebug.obj
 0001:00023020       sf_debug_get_state_vectors_data 0000000180024020 f   sfc_debug:sfcdebug.obj
 0001:00023120       sf_debug_set_state_vectors_data 0000000180024120 f   sfc_debug:sfcdebug.obj
 0001:000233e0       sf_debug_get_script_index  00000001800243e0 f   sfc_debug:sfcdebug.obj
 0001:00023570       sf_debug_add_script        0000000180024570 f   sfc_debug:sfcdebug.obj
 0001:00023700       cv_eval_point              0000000180024700 f   sfc_debug:sfcdebug.obj
 0001:00023870       cv_eval_testobjective      0000000180024870 f   sfc_debug:sfcdebug.obj
 0001:00023990       sf_debug_cv_init_state     0000000180024990 f   sfc_debug:sfcdebug.obj
 0001:00023ab0       sf_debug_cv_init_chart     0000000180024ab0 f   sfc_debug:sfcdebug.obj
 0001:00023b90       sf_debug_cv_init_trans     0000000180024b90 f   sfc_debug:sfcdebug.obj
 0001:00023c90       sf_debug_cv_init_testobjectives 0000000180024c90 f   sfc_debug:sfcdebug.obj
 0001:00023e70       cv_eml_init_script         0000000180024e70 f   sfc_debug:sfcdebug.obj
 0001:00023f80       cv_eml_init_fcn            0000000180024f80 f   sfc_debug:sfcdebug.obj
 0001:00024030       cv_eml_init_testobjective  0000000180025030 f   sfc_debug:sfcdebug.obj
 0001:00024100       cv_eml_init_saturation     0000000180025100 f   sfc_debug:sfcdebug.obj
 0001:000241c0       cv_eml_init_if             00000001800251c0 f   sfc_debug:sfcdebug.obj
 0001:00024290       cv_eml_init_for            0000000180025290 f   sfc_debug:sfcdebug.obj
 0001:00024350       cv_eml_init_while          0000000180025350 f   sfc_debug:sfcdebug.obj
 0001:00024410       cv_eml_init_mcdc           0000000180025410 f   sfc_debug:sfcdebug.obj
 0001:00024520       cv_eml_init_switch         0000000180025520 f   sfc_debug:sfcdebug.obj
 0001:00024610       cv_eml_eval                0000000180025610 f   sfc_debug:sfcdebug.obj
 0001:000246f0       sf_debug_bm_is_a_eml_breakpoint 00000001800256f0 f   sfc_debug:sfcdebug.obj
 0001:00024840       sf_debug_temporal_threshold 0000000180025840 f   sfc_debug:sfcdebug.obj
 0001:00024ba0       sf_debug_transition_conflict_error 0000000180025ba0 f   sfc_debug:sfcdebug.obj
 0001:00024f20       sf_debug_state_inconsistency_error 0000000180025f20 f   sfc_debug:sfcdebug.obj
 0001:00025040       sf_debug_check_for_state_inconsistency 0000000180026040 f   sfc_debug:sfcdebug.obj
 0001:00025070       sf_debug_cycle_detecton_error 0000000180026070 f   sfc_debug:sfcdebug.obj
 0001:00025840       sf_debug_size_eq_check_1d  0000000180026840 f   sfc_debug:sfcdebug.obj
 0001:00025860       sf_debug_size_eq_check_nd  0000000180026860 f   sfc_debug:sfcdebug.obj
 0001:00025a40       sf_debug_dim_size_eq_check 0000000180026a40 f   sfc_debug:sfcdebug.obj
 0001:00025a70       sf_debug_dim_size_geq_check 0000000180026a70 f   sfc_debug:sfcdebug.obj
 0001:00025aa0       sf_debug_sub_assign_size_check_nd 0000000180026aa0 f   sfc_debug:sfcdebug.obj
 0001:00025ce0       sf_debug_matrix_matrix_index_check 0000000180026ce0 f   sfc_debug:sfcdebug.obj
 0001:00025d10       sf_debug_vector_vector_index_check 0000000180026d10 f   sfc_debug:sfcdebug.obj
 0001:00025d40       sf_debug_for_loop_vector_check 0000000180026d40 f   sfc_debug:sfcdebug.obj
 0001:00025dd0       sf_debug_runtime_error_msgid 0000000180026dd0 f   sfc_debug:sfcdebug.obj
 0001:00025e60       sf_debug_data_array_bounds_error_check 0000000180026e60 f   sfc_debug:sfcdebug.obj
 0001:00025f70       sf_debug_eml_data_array_bounds_error_check 0000000180026f70 f   sfc_debug:sfcdebug.obj
 0001:00026450       sf_debug_integer_check     0000000180027450 f   sfc_debug:sfcdebug.obj
 0001:00026530       sf_debug_not_nan_check     0000000180027530 f   sfc_debug:sfcdebug.obj
 0001:000265f0       sf_debug_non_negative_check 00000001800275f0 f   sfc_debug:sfcdebug.obj
 0001:000266b0       sf_debug_overflow_detection 00000001800276b0 f   sfc_debug:sfcdebug.obj
 0001:00026da0       sf_debug_cast_to_real32_T  0000000180027da0 f   sfc_debug:sfcdebug.obj
 0001:00026e60       sf_debug_cast_to_int8_T    0000000180027e60 f   sfc_debug:sfcdebug.obj
 0001:00026f20       sf_debug_cast_to_uint8_T   0000000180027f20 f   sfc_debug:sfcdebug.obj
 0001:00026fe0       sf_debug_cast_to_int16_T   0000000180027fe0 f   sfc_debug:sfcdebug.obj
 0001:000270a0       sf_debug_cast_to_uint16_T  00000001800280a0 f   sfc_debug:sfcdebug.obj
 0001:00027160       sf_debug_cast_to_int32_T   0000000180028160 f   sfc_debug:sfcdebug.obj
 0001:00027220       sf_debug_cast_to_uint32_T  0000000180028220 f   sfc_debug:sfcdebug.obj
 0001:000272e0       sf_debug_data_range_error  00000001800282e0 f   sfc_debug:sfcdebug.obj
 0001:00027630       sf_debug_read_before_write_check 0000000180028630 f   sfc_debug:sfcdebug.obj
 0001:00027a90       sf_debug_data_range_error_wrapper_min_max 0000000180028a90 f   sfc_debug:sfcdebug.obj
 0001:00027b80       sf_debug_data_range_error_wrapper_min 0000000180028b80 f   sfc_debug:sfcdebug.obj
 0001:00027c60       sf_debug_data_range_error_wrapper_max 0000000180028c60 f   sfc_debug:sfcdebug.obj
 0001:00027d40       sf_debug_data_range_wrapper 0000000180028d40 f   sfc_debug:sfcdebug.obj
 0001:00027df0       sf_debug_set_current_status_info 0000000180028df0 f   sfc_debug:sfcdebug.obj
 0001:000281a0       sf_debug_register_message_post_receive_info 00000001800291a0 f   sfc_debug:sfcdebug.obj
 0001:00028410       sf_debug_call              0000000180029410 f   sfc_debug:sfcdebug.obj
 0001:00029070       sf_debug_initialize_machine 000000018002a070 f   sfc_debug:sfcdebug.obj
 0001:00029380       sf_debug_initialize_chart  000000018002a380 f   sfc_debug:sfcdebug.obj
 0001:000297d0       sf_debug_ensure_script     000000018002a7d0 f   sfc_debug:sfcdebug.obj
 0001:00029890       cv_script_init_script      000000018002a890 f   sfc_debug:sfcdebug.obj
 0001:00029980       cv_script_init_fcn         000000018002a980 f   sfc_debug:sfcdebug.obj
 0001:00029a30       cv_script_init_testobjective 000000018002aa30 f   sfc_debug:sfcdebug.obj
 0001:00029ae0       cv_script_init_if          000000018002aae0 f   sfc_debug:sfcdebug.obj
 0001:00029b90       cv_script_init_for         000000018002ab90 f   sfc_debug:sfcdebug.obj
 0001:00029c40       cv_script_init_while       000000018002ac40 f   sfc_debug:sfcdebug.obj
 0001:00029cf0       cv_script_init_mcdc        000000018002acf0 f   sfc_debug:sfcdebug.obj
 0001:00029df0       cv_script_init_switch      000000018002adf0 f   sfc_debug:sfcdebug.obj
 0001:00029ed0       cv_script_eval             000000018002aed0 f   sfc_debug:sfcdebug.obj
 0001:00029fb0       eml_debug_line_call        000000018002afb0 f   sfc_debug:sfcdebug.obj
 0001:0002a160       sf_debug_terminate         000000018002b160 f   sfc_debug:sfcdebug.obj
 0001:0002a2d0       sf_debug_set_script_cv_ids 000000018002b2d0 f   sfc_debug:sfcdebug.obj
 0001:0002a400       sf_debug_api               000000018002b400 f   sfc_debug:sfc_api.obj
 0001:0002bab0       sf_debug_sm_terminate      000000018002cab0 f   sfc_debug:sfdb_animation.obj
 0001:0002bc70       sf_debug_reset_path_objects 000000018002cc70 f   sfc_debug:sfdb_animation.obj
 0001:0002bcf0       sf_debug_sm_reset_object_selection_status 000000018002ccf0 f   sfc_debug:sfdb_animation.obj
 0001:0002bd90       sf_debug_sm_reset_state_buffer 000000018002cd90 f   sfc_debug:sfdb_animation.obj
 0001:0002be60       sf_debug_sm_store_state_buffer 000000018002ce60 f   sfc_debug:sfdb_animation.obj
 0001:0002bee0       sf_debug_sm_restore_state_buffer1 000000018002cee0 f   sfc_debug:sfdb_animation.obj
 0001:0002bf50       sf_debug_sm_restore_state_buffer2 000000018002cf50 f   sfc_debug:sfdb_animation.obj
 0001:0002bfc0       sf_debug_sm_chart_active   000000018002cfc0 f   sfc_debug:sfdb_animation.obj
 0001:0002c010       sf_debug_sm_select_active_objects 000000018002d010 f   sfc_debug:sfdb_animation.obj
 0001:0002c500       sf_debug_sm_is_chart_active 000000018002d500 f   sfc_debug:sfdb_animation.obj
 0001:0002c540       sf_debug_sm_is_state_active 000000018002d540 f   sfc_debug:sfdb_animation.obj
 0001:0002c780       sf_debug_sm_get_active_states 000000018002d780 f   sfc_debug:sfdb_animation.obj
 0001:0002cd40       sf_debug_sm_initialize_instance 000000018002dd40 f   sfc_debug:sfdb_animation.obj
 0001:0002cf60       sf_debug_sm_change_object_selection_status 000000018002df60 f   sfc_debug:sfdb_animation.obj
 0001:0002d270       cv_create_interface        000000018002e270 f   sfc_debug:cv_sfinterface.obj
 0001:0002d5d0       cv_init_trans              000000018002e5d0 f   sfc_debug:cv_sfinterface.obj
 0001:0002d620       cv_init_testobjective      000000018002e620 f   sfc_debug:cv_sfinterface.obj
 0001:0002d660       cv_init_state              000000018002e660 f   sfc_debug:cv_sfinterface.obj
 0001:0002d6d0       cv_init_chart              000000018002e6d0 f   sfc_debug:cv_sfinterface.obj
 0001:0002d720       cv_dec_update_call         000000018002e720 f   sfc_debug:cv_sfinterface.obj
 0001:0002d760       cv_cond_update_call        000000018002e760 f   sfc_debug:cv_sfinterface.obj
 0001:0002d7a0       cv_testobjective_update_call 000000018002e7a0 f   sfc_debug:cv_sfinterface.obj
 0001:0002d7e0       cv_sigrange_update         000000018002e7e0 f   sfc_debug:cv_sfinterface.obj
 0001:0002d820       cvsf_eml_eval              000000018002e820 f   sfc_debug:cv_sfinterface.obj
 0001:0002d910       cvsf_eml_init_script       000000018002e910 f   sfc_debug:cv_sfinterface.obj
 0001:0002d9a0       cvsf_eml_init_fcn          000000018002e9a0 f   sfc_debug:cv_sfinterface.obj
 0001:0002da00       cvsf_eml_init_testobjective 000000018002ea00 f   sfc_debug:cv_sfinterface.obj
 0001:0002da60       cvsf_eml_init_saturation   000000018002ea60 f   sfc_debug:cv_sfinterface.obj
 0001:0002dab0       cvsf_eml_init_if           000000018002eab0 f   sfc_debug:cv_sfinterface.obj
 0001:0002db10       cvsf_eml_init_for          000000018002eb10 f   sfc_debug:cv_sfinterface.obj
 0001:0002db60       cvsf_eml_init_while        000000018002eb60 f   sfc_debug:cv_sfinterface.obj
 0001:0002dbb0       cvsf_eml_init_mcdc         000000018002ebb0 f   sfc_debug:cv_sfinterface.obj
 0001:0002dc40       cvsf_eml_init_switch       000000018002ec40 f   sfc_debug:cv_sfinterface.obj
 0001:0002dcb0       cvsf_script_eval           000000018002ecb0 f   sfc_debug:cv_sfinterface.obj
 0001:0002dda0       cvsf_script_init_script    000000018002eda0 f   sfc_debug:cv_sfinterface.obj
 0001:0002de30       cvsf_script_init_fcn       000000018002ee30 f   sfc_debug:cv_sfinterface.obj
 0001:0002de90       cvsf_script_init_testobjective 000000018002ee90 f   sfc_debug:cv_sfinterface.obj
 0001:0002def0       cvsf_script_init_saturation 000000018002eef0 f   sfc_debug:cv_sfinterface.obj
 0001:0002df40       cvsf_script_init_if        000000018002ef40 f   sfc_debug:cv_sfinterface.obj
 0001:0002dfa0       cvsf_script_init_for       000000018002efa0 f   sfc_debug:cv_sfinterface.obj
 0001:0002dff0       cvsf_script_init_while     000000018002eff0 f   sfc_debug:cv_sfinterface.obj
 0001:0002e040       cvsf_script_init_mcdc      000000018002f040 f   sfc_debug:cv_sfinterface.obj
 0001:0002e0d0       cvsf_script_init_switch    000000018002f0d0 f   sfc_debug:cv_sfinterface.obj
 0001:0002e140       cv_destroy_interface       000000018002f140 f   sfc_debug:cv_sfinterface.obj
 0001:0002e160       cv_create_instance_objects 000000018002f160 f   sfc_debug:cv_sfinterface.obj
 0001:0002e610       cv_is_enabled              000000018002f610 f   sfc_debug:cv_sfinterface.obj
 0001:0002e620       sf_debug_cv_initialize_script 000000018002f620 f   sfc_debug:cv_sfinterface.obj
 0001:0002e7d0       sf_debug_cv_initialize_instance 000000018002f7d0 f   sfc_debug:cv_sfinterface.obj
 0001:0002eb70       sf_debug_cv_terminate_chart 000000018002fb70 f   sfc_debug:cv_sfinterface.obj
 0001:0002ecb0       cv_call_trans_test         000000018002fcb0 f   sfc_debug:cv_sfinterface.obj
 0001:0002ecc0       cv_call_sub_cond_test      000000018002fcc0 f   sfc_debug:cv_sfinterface.obj
 0001:0002ed00       sf_debug_st_initialize_machine 000000018002fd00 f   sfc_debug:sfdb_data_browse.obj
 0001:0002edc0       sf_debug_st_initialize_instance 000000018002fdc0 f   sfc_debug:sfdb_data_browse.obj
 0001:0002eff0       sf_debug_st_terminate      000000018002fff0 f   sfc_debug:sfdb_data_browse.obj
 0001:0002f390       sf_debug_st_set_data_value_ptr_in_machine 0000000180030390 f   sfc_debug:sfdb_data_browse.obj
 0001:0002f420       sf_debug_st_set_data_value_ptr_in_instance 0000000180030420 f   sfc_debug:sfdb_data_browse.obj
 0001:0002f500       sf_debug_st_unset_data_value_ptr_in_machine 0000000180030500 f   sfc_debug:sfdb_data_browse.obj
 0001:0002f570       sf_debug_st_unset_data_value_ptr_in_instance 0000000180030570 f   sfc_debug:sfdb_data_browse.obj
 0001:0002f880       sf_debug_mx_value          0000000180030880 f   sfc_debug:sfdb_data_browse.obj
 0001:0002f8e0       sf_debug_mx_packed_vector  00000001800308e0 f   sfc_debug:sfdb_data_browse.obj
 0001:0002f9c0       sf_debug_mx_uint_vector    00000001800309c0 f   sfc_debug:sfdb_data_browse.obj
 0001:0002fa80       sf_debug_st_get_double_value_from_void_ptr_vector 0000000180030a80 f   sfc_debug:sfdb_data_browse.obj
 0001:00030570       sf_debug_st_browse_data    0000000180031570 f   sfc_debug:sfdb_data_browse.obj
 0001:00030e00       sf_debug_hm_initialize_instance 0000000180031e00 f   sfc_debug:sfdb_handle_management.obj
 0001:00031330       sf_debug_hm_get_object_id  0000000180032330 f   sfc_debug:sfdb_handle_management.obj
 0001:00031ee0       sf_debug_hm_update_chart_visibility 0000000180032ee0 f   sfc_debug:sfdb_handle_management.obj
 0001:000331c0       sf_debug_object_is_eml_function 00000001800341c0 f   sfc_debug:sfdb_handle_management.obj
 0001:00033230       sf_debug_hm_initialize_ids_in_machine 0000000180034230 f   sfc_debug:sfdb_handle_management.obj
 0001:000333a0       sf_debug_hm_initialize_ids_in_chart 00000001800343a0 f   sfc_debug:sfdb_handle_management.obj
 0001:000334a0       sf_debug_hm_initialize_chart 00000001800344a0 f   sfc_debug:sfdb_handle_management.obj
 0001:00033c40       sf_debug_hm_terminate      0000000180034c40 f   sfc_debug:sfdb_handle_management.obj
 0001:00033ca0       sf_debug_hm_initialize_machine 0000000180034ca0 f   sfc_debug:sfdb_handle_management.obj
 0001:00034450       sf_debug_ss_initialize     0000000180035450 f   sfc_debug:sfdb_symbol_scope.obj
 0001:00034470       sf_debug_ss_terminate      0000000180035470 f   sfc_debug:sfdb_symbol_scope.obj
 0001:00034500       sf_debug_ss_push_symbol_scope 0000000180035500 f   sfc_debug:sfdb_symbol_scope.obj
 0001:00034600       sf_debug_ss_push_symbol_scope_eml 0000000180035600 f   sfc_debug:sfdb_symbol_scope.obj
 0001:00034660       sf_debug_ss_pop_symbol_scope 0000000180035660 f   sfc_debug:sfdb_symbol_scope.obj
 0001:00034710       sf_debug_ss_add_symbol     0000000180035710 f   sfc_debug:sfdb_symbol_scope.obj
 0001:00034870       sf_debug_ss_add_symbol_eml 0000000180035870 f   sfc_debug:sfdb_symbol_scope.obj
 0001:00035590       sf_debug_ss_set_data_value 0000000180036590 f   sfc_debug:sfdb_symbol_scope.obj
 0001:00035a60       getInstanceNumber          0000000180036a60 f   sfc_debug:sfdb_symbol_scope.obj
 0001:00035b30       sf_debug_ss_watch_data     0000000180036b30 f   sfc_debug:sfdb_symbol_scope.obj
 0001:00035cd0       sf_debug_ss_assign_data    0000000180036cd0 f   sfc_debug:sfdb_symbol_scope.obj
 0001:000366f0       get_data_entry_name        00000001800376f0 f   sfc_debug:sfdb_symbol_scope.obj
 0001:00036740       sf_debug_ss_whos           0000000180037740 f   sfc_debug:sfdb_symbol_scope.obj
 0001:00036e60       sf_debug_cc_initialize_chart 0000000180037e60 f   sfc_debug:sfdb_coverage.obj
 0001:00037850       sf_debug_cc_initialize_instance 0000000180038850 f   sfc_debug:sfdb_coverage.obj
 0001:00038660       sf_debug_cc_terminate      0000000180039660 f   sfc_debug:sfdb_coverage.obj
 0001:00038750       sf_debug_cc_set_transition_maps 0000000180039750 f   sfc_debug:sfdb_coverage.obj
 0001:00038880       sf_debug_cc_set_state_maps 0000000180039880 f   sfc_debug:sfdb_coverage.obj
 0001:00038960       sf_debug_cc_set_transition_weights 0000000180039960 f   sfc_debug:sfdb_coverage.obj
 0001:00038c30       sf_debug_cc_set_state_weights 0000000180039c30 f   sfc_debug:sfdb_coverage.obj
 0001:00038f00       sf_debug_cc_mark_transition_guard 0000000180039f00 f   sfc_debug:sfdb_coverage.obj
 0001:00038f90       sf_debug_cc_mark_transition_trigger 0000000180039f90 f   sfc_debug:sfdb_coverage.obj
 0001:00039020       sf_debug_cc_mark_transition_decision 000000018003a020 f   sfc_debug:sfdb_coverage.obj
 0001:00039090       sf_debug_cc_mark_transition_condition_action 000000018003a090 f   sfc_debug:sfdb_coverage.obj
 0001:000390e0       sf_debug_cc_mark_transition_transition_action 000000018003a0e0 f   sfc_debug:sfdb_coverage.obj
 0001:00039130       sf_debug_cc_mark_state_entry 000000018003a130 f   sfc_debug:sfdb_coverage.obj
 0001:00039180       sf_debug_cc_mark_state_during 000000018003a180 f   sfc_debug:sfdb_coverage.obj
 0001:000391d0       sf_debug_cc_mark_state_exit 000000018003a1d0 f   sfc_debug:sfdb_coverage.obj
 0001:00039220       sf_debug_bm_clear_script_breakpoints 000000018003a220 f   sfc_debug:sfdb_breakpoints.obj
 0001:00039250       sf_debug_bm_set_script_breakpoint 000000018003a250 f   sfc_debug:sfdb_breakpoints.obj
 0001:000392d0       sf_debug_bm_clear_single_script_breakpoint 000000018003a2d0 f   sfc_debug:sfdb_breakpoints.obj
 0001:00039350       sf_debug_bm_query_script_breakpoint 000000018003a350 f   sfc_debug:sfdb_breakpoints.obj
 0001:000393a0       sf_debug_bm_initialize_scripts 000000018003a3a0 f   sfc_debug:sfdb_breakpoints.obj
 0001:00039ac0       sf_debug_bm_terminate      000000018003aac0 f   sfc_debug:sfdb_breakpoints.obj
 0001:00039db0       sf_debug_bm_remove_all_breakpoints_in_machine 000000018003adb0 f   sfc_debug:sfdb_breakpoints.obj
 0001:00039e20       sf_debug_bm_remove_all_breakpoints_in_chart 000000018003ae20 f   sfc_debug:sfdb_breakpoints.obj
 0001:00039f70       sf_debug_bm_initialize_global_breakpoints 000000018003af70 f   sfc_debug:sfdb_breakpoints.obj
 0001:0003a0f0       sf_debug_bm_set_breakpoint 000000018003b0f0 f   sfc_debug:sfdb_breakpoints.obj
 0001:0003a6f0       sf_debug_bm_set_eml_breakpoint 000000018003b6f0 f   sfc_debug:sfdb_breakpoints.obj
 0001:0003a790       sf_debug_bm_initialize_machine_breakpoint_map 000000018003b790 f   sfc_debug:sfdb_breakpoints.obj
 0001:0003abb0       sf_debug_bm_is_a_breakpoint 000000018003bbb0 f   sfc_debug:sfdb_breakpoints.obj
 0001:0003b190       sf_debug_bm_get_all_breakpoints_in_machine 000000018003c190 f   sfc_debug:sfdb_breakpoints.obj
 0001:0003b490       sf_debug_bm_get_all_breakpoints_in_chart 000000018003c490 f   sfc_debug:sfdb_breakpoints.obj
 0001:0003c150       sf_debug_bm_initialize_machine 000000018003d150 f   sfc_debug:sfdb_breakpoints.obj
 0001:0003c220       sf_debug_bm_initialize_chart 000000018003d220 f   sfc_debug:sfdb_breakpoints.obj
 0001:0003c640       sf_debug_sc_terminate      000000018003d640 f   sfc_debug:sfdb_state_consistency.obj
 0001:0003c970       sf_debug_sc_is_chart_consistent 000000018003d970 f   sfc_debug:sfdb_state_consistency.obj
 0001:0003cc20       sf_debug_sc_get_consistency_error_info 000000018003dc20 f   sfc_debug:sfdb_state_consistency.obj
 0001:0003d070       sf_debug_tm_terminate      000000018003e070 f   sfc_debug:sfdb_call_stack.obj
 0001:0003d130       sf_debug_tm_push_chart_instance 000000018003e130 f   sfc_debug:sfdb_call_stack.obj
 0001:0003d280       sf_debug_tm_pop_chart_instance 000000018003e280 f   sfc_debug:sfdb_call_stack.obj
 0001:0003d2e0       sf_debug_tm_push_trace_node 000000018003e2e0 f   sfc_debug:sfdb_call_stack.obj
 0001:0003d470       sf_debug_tm_pop_trace_node 000000018003e470 f   sfc_debug:sfdb_call_stack.obj
 0001:0003d4f0       sf_debug_tm_get_current_global_trace_index 000000018003e4f0 f   sfc_debug:sfdb_call_stack.obj
 0001:0003d500       sf_debug_tm_get_current_local_trace_index 000000018003e500 f   sfc_debug:sfdb_call_stack.obj
 0001:0003d530       sf_debug_tm_set_cycle_detected_flag 000000018003e530 f   sfc_debug:sfdb_call_stack.obj
 0001:0003d570       sf_debug_tm_set_cycle_started_flag 000000018003e570 f   sfc_debug:sfdb_call_stack.obj
 0001:0003d5b0       sf_debug_tm_get_chart_number_from_stack 000000018003e5b0 f   sfc_debug:sfdb_call_stack.obj
 0001:0003d7b0       sf_debug_tm_browse_trace   000000018003e7b0 f   sfc_debug:sfdb_call_stack.obj
 0001:0003daf0       sf_debug_cd_initialize_instance 000000018003eaf0 f   sfc_debug:sfdb_cycle_detection.obj
 0001:0003dda0       sf_debug_cd_mark_processed_transition_in_instance 000000018003eda0 f   sfc_debug:sfdb_cycle_detection.obj
 0001:0003de40       sf_debug_cd_checksum_push  000000018003ee40 f   sfc_debug:sfdb_cycle_detection.obj
 0001:0003e100       sf_debug_cd_checksum_pop   000000018003f100 f   sfc_debug:sfdb_cycle_detection.obj
 0001:0003e170       sf_debug_cd_turn_off_cycle_detection 000000018003f170 f   sfc_debug:sfdb_cycle_detection.obj
 0001:0003e1c0       sf_debug_cd_terminate      000000018003f1c0 f   sfc_debug:sfdb_cycle_detection.obj
 0001:0003e400       md5_initialize_state       000000018003f400 f   sfc_debug:ckmd5.obj
 0001:0003ee70       md5_update_state           000000018003fe70 f   sfc_debug:ckmd5.obj
 0001:0003ee90       md5_get_hash               000000018003fe90 f   sfc_debug:ckmd5.obj
 0001:0003eec0       md5_get_hash_for_a_single_string 000000018003fec0 f   sfc_debug:ckmd5.obj
 0001:0003ef24       mxGetPr                    000000018003ff24 f   libmx:libmx.dll
 0001:0003ef2a       mxCreateDoubleScalar       000000018003ff2a f   libmx:libmx.dll
 0001:0003ef30       mxCreateDoubleMatrix_730   000000018003ff30 f   libmx:libmx.dll
 0001:0003ef36       mxSetField_730             000000018003ff36 f   libmx:libmx.dll
 0001:0003ef3c       mxCreateString             000000018003ff3c f   libmx:libmx.dll
 0001:0003ef42       mxCreateStructMatrix_730   000000018003ff42 f   libmx:libmx.dll
 0001:0003ef48       mxDestroyArray             000000018003ff48 f   libmx:libmx.dll
 0001:0003ef4e       mxDuplicateArray           000000018003ff4e f   libmx:libmx.dll
 0001:0003ef54       mxGetString_730            000000018003ff54 f   libmx:libmx.dll
 0001:0003ef5a       mxIsChar                   000000018003ff5a f   libmx:libmx.dll
 0001:0003ef60       mxGetClassID               000000018003ff60 f   libmx:libmx.dll
 0001:0003ef66       mxIsNumeric                000000018003ff66 f   libmx:libmx.dll
 0001:0003ef6c       mxIsComplex                000000018003ff6c f   libmx:libmx.dll
 0001:0003ef72       mxGetN                     000000018003ff72 f   libmx:libmx.dll
 0001:0003ef78       mxGetM                     000000018003ff78 f   libmx:libmx.dll
 0001:0003ef7e       mxCalloc                   000000018003ff7e f   libmx:libmx.dll
 0001:0003ef84       mxGetScalar                000000018003ff84 f   libmx:libmx.dll
 0001:0003ef8a       mxIsLogical                000000018003ff8a f   libmx:libmx.dll
 0001:0003ef90       mxCreateDoubleMatrix_700   000000018003ff90 f   libmx:libmx.dll
 0001:0003ef96       mxFree                     000000018003ff96 f   libmx:libmx.dll
 0001:0003ef9c       mxArrayToString            000000018003ff9c f   libmx:libmx.dll
 0001:0003efa2       mxCreateCellMatrix_700     000000018003ffa2 f   libmx:libmx.dll
 0001:0003efa8       mxSetCell_700              000000018003ffa8 f   libmx:libmx.dll
 0001:0003efae       mxGetCell_700              000000018003ffae f   libmx:libmx.dll
 0001:0003efb4       mxGetClassName             000000018003ffb4 f   libmx:libmx.dll
 0001:0003efba       mxSetField_700             000000018003ffba f   libmx:libmx.dll
 0001:0003efc0       mxAddField                 000000018003ffc0 f   libmx:libmx.dll
 0001:0003efc6       mxGetField_700             000000018003ffc6 f   libmx:libmx.dll
 0001:0003efcc       mxGetNumberOfElements      000000018003ffcc f   libmx:libmx.dll
 0001:0003efd2       mxIsStruct                 000000018003ffd2 f   libmx:libmx.dll
 0001:0003efd8       mxIsA                      000000018003ffd8 f   libmx:libmx.dll
 0001:0003efde       mxIsClass                  000000018003ffde f   libmx:libmx.dll
 0001:0003efe4       mxGetLogicals              000000018003ffe4 f   libmx:libmx.dll
 0001:0003efea       mxIsSparse                 000000018003ffea f   libmx:libmx.dll
 0001:0003eff0       mxSetFieldByNumber_700     000000018003fff0 f   libmx:libmx.dll
 0001:0003eff6       mxGetFieldByNumber_700     000000018003fff6 f   libmx:libmx.dll
 0001:0003effc       mxGetFieldNameByNumber     000000018003fffc f   libmx:libmx.dll
 0001:0003f002       mxGetNumberOfFields        0000000180040002 f   libmx:libmx.dll
 0001:0003f008       mxCreateStructMatrix_700   0000000180040008 f   libmx:libmx.dll
 0001:0003f00e       mxGetFieldNumber           000000018004000e f   libmx:libmx.dll
 0001:0003f014       mxIsNaN                    0000000180040014 f   libmx:libmx.dll
 0001:0003f01a       mxIsEmpty                  000000018004001a f   libmx:libmx.dll
 0001:0003f020       mxGetData                  0000000180040020 f   libmx:libmx.dll
 0001:0003f026       mxGetImagData              0000000180040026 f   libmx:libmx.dll
 0001:0003f02c       mxArrayClassIDName         000000018004002c f   libmx:libmx.dll
 0001:0003f032       mxCreateNumericMatrix_700  0000000180040032 f   libmx:libmx.dll
 0001:0003f038       mxCreateStructArray_700    0000000180040038 f   libmx:libmx.dll
 0001:0003f03e       mxCalcSingleSubscript_700  000000018004003e f   libmx:libmx.dll
 0001:0003f044       mxGetDimensions_700        0000000180040044 f   libmx:libmx.dll
 0001:0003f04a       mxGetNumberOfDimensions_700 000000018004004a f   libmx:libmx.dll
 0001:0003f050       mxCreateNumericArray_700   0000000180040050 f   libmx:libmx.dll
 0001:0003f056       mxGetElementSize           0000000180040056 f   libmx:libmx.dll
 0001:0003f05c       mxCreateStringFromNChars_700 000000018004005c f   libmx:libmx.dll
 0001:0003f062       mxGetString_700            0000000180040062 f   libmx:libmx.dll
 0001:0003f068       mxIsLogicalScalarTrue      0000000180040068 f   libmx:libmx.dll
 0001:0003f06e       mxCreateLogicalScalar      000000018004006e f   libmx:libmx.dll
 0001:0003f074       mexUnlock                  0000000180040074 f   libmex:libmex.dll
 0001:0003f07a       mexIsLocked                000000018004007a f   libmex:libmex.dll
 0001:0003f080       mexWarnMsgTxt              0000000180040080 f   libmex:libmex.dll
 0001:0003f086       mexCallMATLAB              0000000180040086 f   libmex:libmex.dll
 0001:0003f08c       mexErrMsgTxt               000000018004008c f   libmex:libmex.dll
 0001:0003f092       mexMakeArrayPersistent     0000000180040092 f   libmex:libmex.dll
 0001:0003f098       mexSetTrapFlag             0000000180040098 f   libmex:libmex.dll
 0001:0003f09e       mexPutVariable             000000018004009e f   libmex:libmex.dll
 0001:0003f0a4       mexGetVariable             00000001800400a4 f   libmex:libmex.dll
 0001:0003f0aa       mexLock                    00000001800400aa f   libmex:libmex.dll
 0001:0003f0b0       mexMakeMemoryPersistent    00000001800400b0 f   libmex:libmex.dll
 0001:0003f0b6       mexFunctionName            00000001800400b6 f   libmex:libmex.dll
 0001:0003f0bc       ssRegisterDataTypeFxpFSlopeFixExpBias 00000001800400bc f   libfixedpoint:libfixedpoint.dll
 0001:0003f0c2       utVSNprintf                00000001800400c2 f   libut:libut.dll
 0001:0003f0c8       utCPUtime                  00000001800400c8 f   libut:libut.dll
 0001:0003f0ce       utFree                     00000001800400ce f   libut:libut.dll
 0001:0003f0d4       utMalloc                   00000001800400d4 f   libut:libut.dll
 0001:0003f0da       muDoubleScalarSin          00000001800400da f   libmwmathutil:libmwmathutil.dll
 0001:0003f0e0       muDoubleScalarCos          00000001800400e0 f   libmwmathutil:libmwmathutil.dll
 0001:0003f0e6       muDoubleScalarAbs          00000001800400e6 f   libmwmathutil:libmwmathutil.dll
 0001:0003f0ec       muDoubleScalarPower        00000001800400ec f   libmwmathutil:libmwmathutil.dll
 0001:0003f0f2       emlrtCreateRootTLS         00000001800400f2 f   libemlrt:libemlrt.dll
 0001:0003f0f8       emlrtDestroyRootTLS        00000001800400f8 f   libemlrt:libemlrt.dll
 0001:0003f0fe       emlrtCheckBuiltInR2012b    00000001800400fe f   libemlrt:libemlrt.dll
 0001:0003f104       emlrtCheckVsBuiltInR2012b  0000000180040104 f   libemlrt:libemlrt.dll
 0001:0003f10a       emlrtCheckEnumR2012b       000000018004010a f   libemlrt:libemlrt.dll
 0001:0003f110       emlrtCreateEnumR2012b      0000000180040110 f   libemlrt:libemlrt.dll
 0001:0003f116       emlrtGetEnumElementR2009a  0000000180040116 f   libemlrt:libemlrt.dll
 0001:0003f11c       emlrtCreateReference       000000018004011c f   libemlrt:libemlrt.dll
 0001:0003f122       emlrtImportVsFiArrayR2009b 0000000180040122 f   libemlrt:libemlrt.dll
 0001:0003f128       emlrtNameCapturePostProcessR2012a 0000000180040128 f   libemlrt:libemlrt.dll
 0001:0003f12e       emlrtExtractMessageId      000000018004012e f   libemlrt:libemlrt.dll
 0001:0003f134       emlrtTranslateMessageIDtoLCPstring 0000000180040134 f   libemlrt:libemlrt.dll
 0001:0003f13a       emlrtForLoopVectorIsValidR2011b 000000018004013a f   libemlrt:libemlrt.dll
 0001:0003f140       emlrtTranslateUTF16MessagetoLCPstring 0000000180040140 f   libemlrt:libemlrt.dll
 0001:0003f146       emlrtGetEnumUnderlyingArrayR2009a 0000000180040146 f   libemlrt:libemlrt.dll
 0001:0003f14c       emlrtIsEnumR2009a          000000018004014c f   libemlrt:libemlrt.dll
 0001:0003f154       __GSHandlerCheckCommon     0000000180040154 f   MSVCRT:gshandler.obj
 0001:0003f1b8       __GSHandlerCheck           00000001800401b8 f   MSVCRT:gshandler.obj
 0001:0003f1d6       strlen                     00000001800401d6 f   MSVCRT:MSVCR100.dll
 0001:0003f1f0       __security_check_cookie    00000001800401f0 f   MSVCRT:amdsecgs.obj
 0001:0003f210       memset                     0000000180040210 f   MSVCRT:MSVCR100.dll
 0001:0003f216       malloc                     0000000180040216 f   MSVCRT:MSVCR100.dll
 0001:0003f21c       free                       000000018004021c f   MSVCRT:MSVCR100.dll
 0001:0003f222       strcmp                     0000000180040222 f   MSVCRT:MSVCR100.dll
 0001:0003f228       sprintf                    0000000180040228 f   MSVCRT:MSVCR100.dll
 0001:0003f22e       strcat                     000000018004022e f   MSVCRT:MSVCR100.dll
 0001:0003f234       memcpy                     0000000180040234 f   MSVCRT:MSVCR100.dll
 0001:0003f23c       NtCurrentTeb               000000018004023c f i MSVCRT:crtdll.obj
 0001:0003f2a8       _CRT_INIT                  00000001800402a8 f   MSVCRT:crtdll.obj
 0001:0003f640       _DllMainCRTStartup         0000000180040640 f   MSVCRT:crtdll.obj
 0001:0003f67e       strncpy                    000000018004067e f   MSVCRT:MSVCR100.dll
 0001:0003f6a0       __chkstk                   00000001800406a0 f   MSVCRT:chkstk.obj
 0001:0003f6a0       _alloca_probe              00000001800406a0     MSVCRT:chkstk.obj
 0001:0003f6ee       longjmp                    00000001800406ee f   MSVCRT:MSVCR100.dll
 0001:0003f6f4       strncmp                    00000001800406f4 f   MSVCRT:MSVCR100.dll
 0001:0003f6fa       ceil                       00000001800406fa f   MSVCRT:MSVCR100.dll
 0001:0003f700       strrchr                    0000000180040700 f   MSVCRT:MSVCR100.dll
 0001:0003f706       _setjmp                    0000000180040706 f   MSVCRT:MSVCR100.dll
 0001:0003f70c       calloc                     000000018004070c f   MSVCRT:MSVCR100.dll
 0001:0003f712       realloc                    0000000180040712 f   MSVCRT:MSVCR100.dll
 0001:0003f718       ldexp                      0000000180040718 f   MSVCRT:MSVCR100.dll
 0001:0003f720       __report_gsfailure         0000000180040720 f   MSVCRT:gs_report.obj
 0001:0003f86c       __clean_type_info_names    000000018004086c f   MSVCRT:tncleanup.obj
 0001:0003f878       _onexit                    0000000180040878 f   MSVCRT:atonexit.obj
 0001:0003f928       atexit                     0000000180040928 f   MSVCRT:atonexit.obj
 0001:0003f940       _RTC_Initialize            0000000180040940 f   MSVCRT:_initsect_.obj
 0001:0003f978       _RTC_Terminate             0000000180040978 f   MSVCRT:_initsect_.obj
 0001:0003f9b0       _malloc_crt                00000001800409b0 f   MSVCRT:MSVCR100.dll
 0001:0003f9c0       _ValidateImageBase         00000001800409c0 f   MSVCRT:pesect.obj
 0001:0003f9f0       _FindPESection             00000001800409f0 f   MSVCRT:pesect.obj
 0001:0003fa40       _IsNonwritableInCurrentImage 0000000180040a40 f   MSVCRT:pesect.obj
 0001:0003fa82       _initterm                  0000000180040a82 f   MSVCRT:MSVCR100.dll
 0001:0003fa88       _initterm_e                0000000180040a88 f   MSVCRT:MSVCR100.dll
 0001:0003fa8e       _encoded_null              0000000180040a8e f   MSVCRT:MSVCR100.dll
 0001:0003fa94       _amsg_exit                 0000000180040a94 f   MSVCRT:MSVCR100.dll
 0001:0003fa9a       __C_specific_handler       0000000180040a9a f   MSVCRT:MSVCR100.dll
 0001:0003faa0       __CppXcptFilter            0000000180040aa0 f   MSVCRT:MSVCR100.dll
 0001:0003faa8       DllMain                    0000000180040aa8 f   MSVCRT:dllmain.obj
 0001:0003facc       __security_init_cookie     0000000180040acc f   MSVCRT:gs_support.obj
 0001:0003fb80       __crt_debugger_hook        0000000180040b80 f   MSVCRT:MSVCR100.dll
 0001:0003fb86       __clean_type_info_names_internal 0000000180040b86 f   MSVCRT:MSVCR100.dll
 0001:0003fb8c       _unlock                    0000000180040b8c f   MSVCRT:MSVCR100.dll
 0001:0003fb92       __dllonexit                0000000180040b92 f   MSVCRT:MSVCR100.dll
 0001:0003fb98       _lock                      0000000180040b98 f   MSVCRT:MSVCR100.dll
 0001:0003fb9e       EncodePointer              0000000180040b9e f   kernel32:KERNEL32.dll
 0001:0003fba4       DecodePointer              0000000180040ba4 f   kernel32:KERNEL32.dll
 0001:0003fbaa       Sleep                      0000000180040baa f   kernel32:KERNEL32.dll
 0001:0003fbb0       TerminateProcess           0000000180040bb0 f   kernel32:KERNEL32.dll
 0001:0003fbb6       GetCurrentProcess          0000000180040bb6 f   kernel32:KERNEL32.dll
 0001:0003fbbc       UnhandledExceptionFilter   0000000180040bbc f   kernel32:KERNEL32.dll
 0001:0003fbc2       SetUnhandledExceptionFilter 0000000180040bc2 f   kernel32:KERNEL32.dll
 0001:0003fbc8       IsDebuggerPresent          0000000180040bc8 f   kernel32:KERNEL32.dll
 0001:0003fbce       RtlVirtualUnwind           0000000180040bce f   kernel32:KERNEL32.dll
 0001:0003fbd4       RtlLookupFunctionEntry     0000000180040bd4 f   kernel32:KERNEL32.dll
 0001:0003fbda       RtlCaptureContext          0000000180040bda f   kernel32:KERNEL32.dll
 0001:0003fbe0       DisableThreadLibraryCalls  0000000180040be0 f   kernel32:KERNEL32.dll
 0001:0003fbe6       QueryPerformanceCounter    0000000180040be6 f   kernel32:KERNEL32.dll
 0001:0003fbec       GetTickCount               0000000180040bec f   kernel32:KERNEL32.dll
 0001:0003fbf2       GetCurrentThreadId         0000000180040bf2 f   kernel32:KERNEL32.dll
 0001:0003fbf8       GetCurrentProcessId        0000000180040bf8 f   kernel32:KERNEL32.dll
 0001:0003fbfe       GetSystemTimeAsFileTime    0000000180040bfe f   kernel32:KERNEL32.dll
 0002:00000000       __imp_DisableThreadLibraryCalls 0000000180041000     kernel32:KERNEL32.dll
 0002:00000008       __imp_RtlCaptureContext    0000000180041008     kernel32:KERNEL32.dll
 0002:00000010       __imp_RtlLookupFunctionEntry 0000000180041010     kernel32:KERNEL32.dll
 0002:00000018       __imp_RtlVirtualUnwind     0000000180041018     kernel32:KERNEL32.dll
 0002:00000020       __imp_IsDebuggerPresent    0000000180041020     kernel32:KERNEL32.dll
 0002:00000028       __imp_SetUnhandledExceptionFilter 0000000180041028     kernel32:KERNEL32.dll
 0002:00000030       __imp_UnhandledExceptionFilter 0000000180041030     kernel32:KERNEL32.dll
 0002:00000038       __imp_GetCurrentProcess    0000000180041038     kernel32:KERNEL32.dll
 0002:00000040       __imp_TerminateProcess     0000000180041040     kernel32:KERNEL32.dll
 0002:00000048       __imp_Sleep                0000000180041048     kernel32:KERNEL32.dll
 0002:00000050       __imp_DecodePointer        0000000180041050     kernel32:KERNEL32.dll
 0002:00000058       __imp_EncodePointer        0000000180041058     kernel32:KERNEL32.dll
 0002:00000060       __imp_GetTickCount         0000000180041060     kernel32:KERNEL32.dll
 0002:00000068       __imp_GetCurrentThreadId   0000000180041068     kernel32:KERNEL32.dll
 0002:00000070       __imp_GetCurrentProcessId  0000000180041070     kernel32:KERNEL32.dll
 0002:00000078       __imp_GetSystemTimeAsFileTime 0000000180041078     kernel32:KERNEL32.dll
 0002:00000080       __imp_QueryPerformanceCounter 0000000180041080     kernel32:KERNEL32.dll
 0002:00000088       \177KERNEL32_NULL_THUNK_DATA 0000000180041088     kernel32:KERNEL32.dll
 0002:00000090       __imp_realloc              0000000180041090     MSVCRT:MSVCR100.dll
 0002:00000098       __imp__onexit              0000000180041098     MSVCRT:MSVCR100.dll
 0002:000000a0       __imp__lock                00000001800410a0     MSVCRT:MSVCR100.dll
 0002:000000a8       __imp___dllonexit          00000001800410a8     MSVCRT:MSVCR100.dll
 0002:000000b0       __imp__unlock              00000001800410b0     MSVCRT:MSVCR100.dll
 0002:000000b8       __imp___clean_type_info_names_internal 00000001800410b8     MSVCRT:MSVCR100.dll
 0002:000000c0       __imp___crt_debugger_hook  00000001800410c0     MSVCRT:MSVCR100.dll
 0002:000000c8       __imp___CppXcptFilter      00000001800410c8     MSVCRT:MSVCR100.dll
 0002:000000d0       __imp___C_specific_handler 00000001800410d0     MSVCRT:MSVCR100.dll
 0002:000000d8       __imp__amsg_exit           00000001800410d8     MSVCRT:MSVCR100.dll
 0002:000000e0       __imp__encoded_null        00000001800410e0     MSVCRT:MSVCR100.dll
 0002:000000e8       __imp__initterm_e          00000001800410e8     MSVCRT:MSVCR100.dll
 0002:000000f0       __imp__initterm            00000001800410f0     MSVCRT:MSVCR100.dll
 0002:000000f8       __imp__malloc_crt          00000001800410f8     MSVCRT:MSVCR100.dll
 0002:00000100       __imp_ldexp                0000000180041100     MSVCRT:MSVCR100.dll
 0002:00000108       __imp_strlen               0000000180041108     MSVCRT:MSVCR100.dll
 0002:00000110       __imp_calloc               0000000180041110     MSVCRT:MSVCR100.dll
 0002:00000118       __imp__setjmp              0000000180041118     MSVCRT:MSVCR100.dll
 0002:00000120       __imp_strrchr              0000000180041120     MSVCRT:MSVCR100.dll
 0002:00000128       __imp_ceil                 0000000180041128     MSVCRT:MSVCR100.dll
 0002:00000130       __imp_strncmp              0000000180041130     MSVCRT:MSVCR100.dll
 0002:00000138       __imp_longjmp              0000000180041138     MSVCRT:MSVCR100.dll
 0002:00000140       __imp_strncpy              0000000180041140     MSVCRT:MSVCR100.dll
 0002:00000148       __imp_memcpy               0000000180041148     MSVCRT:MSVCR100.dll
 0002:00000150       __imp_strcat               0000000180041150     MSVCRT:MSVCR100.dll
 0002:00000158       __imp_sprintf              0000000180041158     MSVCRT:MSVCR100.dll
 0002:00000160       __imp_strcmp               0000000180041160     MSVCRT:MSVCR100.dll
 0002:00000168       __imp_free                 0000000180041168     MSVCRT:MSVCR100.dll
 0002:00000170       __imp_malloc               0000000180041170     MSVCRT:MSVCR100.dll
 0002:00000178       __imp_memset               0000000180041178     MSVCRT:MSVCR100.dll
 0002:00000180       \177MSVCR100_NULL_THUNK_DATA 0000000180041180     MSVCRT:MSVCR100.dll
 0002:00000188       __imp_emlrtGetEnumUnderlyingArrayR2009a 0000000180041188     libemlrt:libemlrt.dll
 0002:00000190       __imp_emlrtIsEnumR2009a    0000000180041190     libemlrt:libemlrt.dll
 0002:00000198       __imp_emlrtCheckVsBuiltInR2012b 0000000180041198     libemlrt:libemlrt.dll
 0002:000001a0       __imp_emlrtTranslateUTF16MessagetoLCPstring 00000001800411a0     libemlrt:libemlrt.dll
 0002:000001a8       __imp_emlrtForLoopVectorIsValidR2011b 00000001800411a8     libemlrt:libemlrt.dll
 0002:000001b0       __imp_emlrtTranslateMessageIDtoLCPstring 00000001800411b0     libemlrt:libemlrt.dll
 0002:000001b8       __imp_emlrtExtractMessageId 00000001800411b8     libemlrt:libemlrt.dll
 0002:000001c0       __imp_emlrtCheckBuiltInR2012b 00000001800411c0     libemlrt:libemlrt.dll
 0002:000001c8       __imp_emlrtDestroyRootTLS  00000001800411c8     libemlrt:libemlrt.dll
 0002:000001d0       __imp_emlrtCreateRootTLS   00000001800411d0     libemlrt:libemlrt.dll
 0002:000001d8       __imp_emlrtCheckEnumR2012b 00000001800411d8     libemlrt:libemlrt.dll
 0002:000001e0       __imp_emlrtCreateEnumR2012b 00000001800411e0     libemlrt:libemlrt.dll
 0002:000001e8       __imp_emlrtGetEnumElementR2009a 00000001800411e8     libemlrt:libemlrt.dll
 0002:000001f0       __imp_emlrtCreateReference 00000001800411f0     libemlrt:libemlrt.dll
 0002:000001f8       __imp_emlrtImportVsFiArrayR2009b 00000001800411f8     libemlrt:libemlrt.dll
 0002:00000200       __imp_emlrtNameCapturePostProcessR2012a 0000000180041200     libemlrt:libemlrt.dll
 0002:00000208       \177libemlrt_NULL_THUNK_DATA 0000000180041208     libemlrt:libemlrt.dll
 0002:00000210       __imp_ssRegisterDataTypeFxpFSlopeFixExpBias 0000000180041210     libfixedpoint:libfixedpoint.dll
 0002:00000218       \177libfixedpoint_NULL_THUNK_DATA 0000000180041218     libfixedpoint:libfixedpoint.dll
 0002:00000220       __imp_mexFunctionName      0000000180041220     libmex:libmex.dll
 0002:00000228       __imp_mexMakeMemoryPersistent 0000000180041228     libmex:libmex.dll
 0002:00000230       __imp_mexGetVariable       0000000180041230     libmex:libmex.dll
 0002:00000238       __imp_mexPutVariable       0000000180041238     libmex:libmex.dll
 0002:00000240       __imp_mexSetTrapFlag       0000000180041240     libmex:libmex.dll
 0002:00000248       __imp_mexMakeArrayPersistent 0000000180041248     libmex:libmex.dll
 0002:00000250       __imp_mexErrMsgTxt         0000000180041250     libmex:libmex.dll
 0002:00000258       __imp_mexCallMATLAB        0000000180041258     libmex:libmex.dll
 0002:00000260       __imp_mexUnlock            0000000180041260     libmex:libmex.dll
[...]
 0001:00016910       check_array_dimensions     0000000180017910 f   sfc_mex:sfc_mex.obj
 0001:00016980       check_input_mxarray        0000000180017980 f   sfc_mex:sfc_mex.obj
 0001:000170c0       sf_numeric_value_to_double 00000001800180c0 f   sfc_mex:sfc_mex.obj
 0001:00017110       ml_generic_out_of_bounds_check 0000000180018110 f   sfc_mex:sfc_mex.obj
 0001:000172e0       ml_get_element_value_from_array 00000001800182e0 f   sfc_mex:sfc_mex.obj
 0001:00017680       _ml_generic_castability_check 0000000180018680 f   sfc_mex:sfc_mex.obj
 0001:000183e0       ml_generic_castability_check 00000001800193e0 f   sfc_mex:sfc_mex.obj
 0001:00018480       ml_check_mx_array_for_single_castability 0000000180019480 f   sfc_mex:sfc_mex.obj
 0001:00018520       ml_check_mx_array_for_logical_castability 0000000180019520 f   sfc_mex:sfc_mex.obj
 0001:000185c0       ml_check_mx_array_for_int8_castability 00000001800195c0 f   sfc_mex:sfc_mex.obj
 0001:00018670       ml_check_mx_array_for_uint8_castability 0000000180019670 f   sfc_mex:sfc_mex.obj
 0001:000186d0       ml_check_mx_array_for_int16_castability 00000001800196d0 f   sfc_mex:sfc_mex.obj
 0001:00018730       ml_check_mx_array_for_uint16_castability 0000000180019730 f   sfc_mex:sfc_mex.obj
 0001:00018790       ml_check_mx_array_for_int32_castability 0000000180019790 f   sfc_mex:sfc_mex.obj
 0001:000187f0       ml_check_mx_array_for_uint32_castability 00000001800197f0 f   sfc_mex:sfc_mex.obj
 0001:00018850       ml_check_mx_array_for_castability 0000000180019850 f   sfc_mex:sfc_mex.obj
 0001:00019180       set_data_value             000000018001a180 f   sfc_mex:sfc_mex.obj
 0001:000194f0       get_data_value             000000018001a4f0 f   sfc_mex:sfc_mex.obj
 0001:00019600       get_next_element_address   000000018001a600 f   sfc_mex:sfc_mex.obj
 0001:000196d0       sf_normalize_index         000000018001a6d0 f   sfc_mex:sfc_mex.obj
 0001:00019a60       ml_array_index_bound_check 000000018001aa60 f   sfc_mex:sfc_mex.obj
 0001:0001a580       mx_value                   000000018001b580 f   sfc_mex:sfc_mex.obj
 0001:0001a5d0       sf_create_numeric_array    000000018001b5d0 f   sfc_mex:sfc_mex.obj
 0001:0001a670       sf_mex_assign_to_mx_array  000000018001b670 f   sfc_mex:sfc_mex.obj
 0001:0001a9c0       assign_from_mx_array       000000018001b9c0 f   sfc_mex:sfc_mex.obj
 0001:0001b1f0       sf_mex_import_v            000000018001c1f0 f   sfc_mex:sfc_mex.obj
 0001:0001b8f0       get_machine_and_chart_file_number 000000018001c8f0 f   sfc_mex:sfc_sf.obj
 0001:0001b9e0       get_sfun_block_specialization 000000018001c9e0 f   sfc_mex:sfc_sf.obj
 0001:0001ba90       call_sf_machine_global_method_dispatcher 000000018001ca90 f   sfc_mex:sfc_sf.obj
 0001:0001bce0       mdl_zeroCrossings_processing 000000018001cce0 f   sfc_mex:sfc_sf.obj
 0001:0001bdb0       mdl_derivatives_processing 000000018001cdb0 f   sfc_mex:sfc_sf.obj
 0001:0001c070       mdl_outputs_continuous_legacy 000000018001d070 f   sfc_mex:sfc_sf.obj
 0001:0001c0f0       mdl_outputs_processing     000000018001d0f0 f   sfc_mex:sfc_sf.obj
 0001:0001c360       mdl_enable_processing      000000018001d360 f   sfc_mex:sfc_sf.obj
 0001:0001c430       mdl_disable_processing     000000018001d430 f   sfc_mex:sfc_sf.obj
 0001:0001d1a0       sf_call_output_fcn_enable_disable 000000018001e1a0 f   sfc_mex:sfc_sf.obj
 0001:0001d420       set_dwork_information_from_mx_array 000000018001e420 f   sfc_mex:sfc_sf.obj
 0001:0001dce0       ptr2mxStruct               000000018001ece0 f   sfc_mex:sfc_sf.obj
 0001:0001dff0       SNPRINTF_WRAPPER           000000018001eff0 f   sfc_debug:sfcdebug.obj
 0001:0001e010       sf_debug_chart_instance_initialized_quick 000000018001f010 f   sfc_debug:sfcdebug.obj
 0001:0001e020       sf_debug_chart_instance_initialized 000000018001f020 f   sfc_debug:sfcdebug.obj
 0001:0001e1c0       sfrtAddSize                000000018001f1c0 f   sfc_debug:sfcdebug.obj
 0001:0001e280       sfrtGenSizeString          000000018001f280 f   sfc_debug:sfcdebug.obj
 0001:0001e990       fill_single_message_info   000000018001f990 f   sfc_debug:sfcdebug.obj
 0001:0001eb50       sf_debug_sim_status_listener 000000018001fb50 f   sfc_debug:sfcdebug.obj
 0001:0001f0c0       sf_debug_form_mask_bits    00000001800200c0 f   sfc_debug:sfcdebug.obj
 0001:0001f100       sf_debug_form_sf_data_type_offsets 0000000180020100 f   sfc_debug:sfcdebug.obj
 0001:0001f1c0       sf_debug_free_all          00000001800201c0 f   sfc_debug:sfcdebug.obj
 0001:0001f370       sf_debug_append_debugger_context 0000000180020370 f   sfc_debug:sfcdebug.obj
 0001:0001f510       sf_debug_update_always_honor_breakpoints 0000000180020510 f   sfc_debug:sfcdebug.obj
 0001:0001f6e0       local_strdup               00000001800206e0 f   sfc_debug:sfcdebug.obj
 0001:000205c0       sf_debug_em_terminate      00000001800215c0 f   sfc_debug:sfcdebug.obj
 0001:00020600       sf_debug_push_eml_function 0000000180021600 f   sfc_debug:sfcdebug.obj
 0001:000206a0       sf_debug_pop_eml_function  00000001800216a0 f   sfc_debug:sfcdebug.obj
 0001:000213a0       sf_debug_get_machine_number_from_id_or_name 00000001800223a0 f   sfc_debug:sfcdebug.obj
 0001:000214f0       sf_debug_get_chart_number_from_id 00000001800224f0 f   sfc_debug:sfcdebug.obj
 0001:00022290       sf_debug_transfer_control_to_debugger_GUI 0000000180023290 f   sfc_debug:sfcdebug.obj
 0001:00023220       sf_debug_scripts_rehash    0000000180024220 f   sfc_debug:sfcdebug.obj
 0001:00023460       sf_debug_get_script_line_count 0000000180024460 f   sfc_debug:sfcdebug.obj
 0001:00023d90       cv_eml_state_cvId          0000000180024d90 f   sfc_debug:sfcdebug.obj
 0001:00023e00       cv_eml_trans_cvId          0000000180024e00 f   sfc_debug:sfcdebug.obj
 0001:00025190       sf_debug_data_array_bounds_error 0000000180026190 f   sfc_debug:sfcdebug.obj
 0001:000255c0       eml_debug_runtime_error_doclink 00000001800265c0 f   sfc_debug:sfcdebug.obj
 0001:00025720       sf_debug_runtime_error     0000000180026720 f   sfc_debug:sfcdebug.obj
 0001:00025790       sf_debug_matlab_error      0000000180026790 f   sfc_debug:sfcdebug.obj
 0001:000260d0       sf_debug_data_value_error  00000001800270d0 f   sfc_debug:sfcdebug.obj
 0001:000269d0       sf_debug_data_loss_error   00000001800279d0 f   sfc_debug:sfcdebug.obj
 0001:00027960       call_cv_range_check        0000000180028960 f   sfc_debug:sfcdebug.obj
 0001:00028130       sf_debug_invoke_cycle_detection_code 0000000180029130 f   sfc_debug:sfcdebug.obj
 0001:00028fb0       sf_reset_debug_info_struct 0000000180029fb0 f   sfc_debug:sfcdebug.obj
 0001:00029810       cv_script_cvId             000000018002a810 f   sfc_debug:sfcdebug.obj
 0001:0002a570       sfc_api_chart_visible      000000018002b570 f   sfc_debug:sfc_api.obj
 0001:0002a5f0       sfc_api_active_instance    000000018002b5f0 f   sfc_debug:sfc_api.obj
 0001:0002a670       sfc_api_machine_load       000000018002b670 f   sfc_debug:sfc_api.obj
 0001:0002a740       sfc_api_debugger_alive     000000018002b740 f   sfc_debug:sfc_api.obj
 0001:0002a750       sfc_api_go                 000000018002b750 f   sfc_debug:sfc_api.obj
 0001:0002a760       sfc_api_step_over          000000018002b760 f   sfc_debug:sfc_api.obj
 0001:0002a770       sfc_api_step_out           000000018002b770 f   sfc_debug:sfc_api.obj
 0001:0002a780       sfc_api_resume             000000018002b780 f   sfc_debug:sfc_api.obj
 0001:0002a790       sfc_api_break              000000018002b790 f   sfc_debug:sfc_api.obj
 0001:0002a7a0       sfc_api_stop_debugging     000000018002b7a0 f   sfc_debug:sfc_api.obj
 0001:0002a7f0       sfc_api_is_cycle_detected  000000018002b7f0 f   sfc_debug:sfc_api.obj
 0001:0002a840       sfc_api_is_array_bounds_detected 000000018002b840 f   sfc_debug:sfc_api.obj
 0001:0002a890       sfc_api_set_disable_all_breakpoints 000000018002b890 f   sfc_debug:sfc_api.obj
 0001:0002a900       sfc_api_disable_all_breakpoints_and_go 000000018002b900 f   sfc_debug:sfc_api.obj
 0001:0002a910       sfc_api_close              000000018002b910 f   sfc_debug:sfc_api.obj
 0001:0002a920       sfc_api_browse_data        000000018002b920 f   sfc_debug:sfc_api.obj
 0001:0002a990       sfc_api_watch_data         000000018002b990 f   sfc_debug:sfc_api.obj
 0001:0002aa90       sfc_api_extract_message_post_receive_info 000000018002ba90 f   sfc_debug:sfc_api.obj
 0001:0002aab0       sfc_api_assign_data        000000018002bab0 f   sfc_debug:sfc_api.obj
 0001:0002ab50       sfc_api_whos               000000018002bb50 f   sfc_debug:sfc_api.obj
 0001:0002abe0       sfc_api_get_consistency_info 000000018002bbe0 f   sfc_debug:sfc_api.obj
 0001:0002abf0       sfc_api_browse_trace       000000018002bbf0 f   sfc_debug:sfc_api.obj
 0001:0002ac00       sfc_api_break_on_chart_entry 000000018002bc00 f   sfc_debug:sfc_api.obj
 0001:0002ac20       sfc_api_break_on_event_broadcast 000000018002bc20 f   sfc_debug:sfc_api.obj
 0001:0002ac40       sfc_api_break_on_state_entry 000000018002bc40 f   sfc_debug:sfc_api.obj
 0001:0002ac60       sfc_api_set_watch          000000018002bc60 f   sfc_debug:sfc_api.obj
 0001:0002ad00       sfc_api_set_breakpoints    000000018002bd00 f   sfc_debug:sfc_api.obj
 0001:0002ada0       sfc_api_set_eml_breakpoints 000000018002bda0 f   sfc_debug:sfc_api.obj
 0001:0002ae20       sfc_api_set_script_breakpoints 000000018002be20 f   sfc_debug:sfc_api.obj
 0001:0002ae70       sfc_api_add_script_breakpoints 000000018002be70 f   sfc_debug:sfc_api.obj
 0001:0002aec0       sfc_api_clear_script_breakpoints 000000018002bec0 f   sfc_debug:sfc_api.obj
 0001:0002af10       sfc_api_query_script_breakpoints 000000018002bf10 f   sfc_debug:sfc_api.obj
 0001:0002af70       sfc_api_get_script_id      000000018002bf70 f   sfc_debug:sfc_api.obj
 0001:0002b030       sfc_api_get_active_states  000000018002c030 f   sfc_debug:sfc_api.obj
 0001:0002b0b0       sfc_api_break_between_times 000000018002c0b0 f   sfc_debug:sfc_api.obj
 0001:0002b110       sfc_api_get_instance_handle 000000018002c110 f   sfc_debug:sfc_api.obj
 0001:0002b1c0       sfc_api_set_animation      000000018002c1c0 f   sfc_debug:sfc_api.obj
 0001:0002b210       sfc_api_select_chart       000000018002c210 f   sfc_debug:sfc_api.obj
 0001:0002b270       sfc_api_select_charts      000000018002c270 f   sfc_debug:sfc_api.obj
 0001:0002b2a0       sfc_api_cycle_detection_check 000000018002c2a0 f   sfc_debug:sfc_api.obj
 0001:0002b2f0       sfc_api_data_range_check   000000018002c2f0 f   sfc_debug:sfc_api.obj
 0001:0002b340       sfc_api_transition_conflict_check 000000018002c340 f   sfc_debug:sfc_api.obj
 0001:0002b390       sfc_api_state_consistency_check 000000018002c390 f   sfc_debug:sfc_api.obj
 0001:0002b3e0       sfc_api_set_instance_cv_ids 000000018002c3e0 f   sfc_debug:sfc_api.obj
 0001:0002b4f0       sfc_api_set_script_cv_ids  000000018002c4f0 f   sfc_debug:sfc_api.obj
 0001:0002b5a0       sfc_api_get_current_machine_id 000000018002c5a0 f   sfc_debug:sfc_api.obj
 0001:0002b5d0       sfc_api_get_current_machine_number 000000018002c5d0 f   sfc_debug:sfc_api.obj
 0001:0002b600       sfc_api_get_current_chart_number 000000018002c600 f   sfc_debug:sfc_api.obj
 0001:0002b630       sfc_api_get_current_instance_number 000000018002c630 f   sfc_debug:sfc_api.obj
 0001:0002b660       sfc_api_get_current_instance_handle 000000018002c660 f   sfc_debug:sfc_api.obj
 0001:0002b680       sfc_api_get_current_is_minor_time_step 000000018002c680 f   sfc_debug:sfc_api.obj
 0001:0002b6b0       sfc_api_get_current_machine_name 000000018002c6b0 f   sfc_debug:sfc_api.obj
 0001:0002b6d0       sfc_api_get_current_chart_id 000000018002c6d0 f   sfc_debug:sfc_api.obj
 0001:0002b700       sfc_api_get_current_object_type 000000018002c700 f   sfc_debug:sfc_api.obj
 0001:0002b730       sfc_api_get_current_event_type 000000018002c730 f   sfc_debug:sfc_api.obj
 0001:0002b760       sfc_api_get_current_object_id 000000018002c760 f   sfc_debug:sfc_api.obj
 0001:0002b790       sfc_get_current_active_event_type 000000018002c790 f   sfc_debug:sfc_api.obj
 0001:0002b7c0       sfc_api_get_current_active_event_id 000000018002c7c0 f   sfc_debug:sfc_api.obj
 0001:0002b7f0       sfc_api_get_current_simulation_time 000000018002c7f0 f   sfc_debug:sfc_api.obj
 0001:0002b810       sfc_get_current_tag_type   000000018002c810 f   sfc_debug:sfc_api.obj
 0001:0002b840       sfc_get_current_coverage_percentage 000000018002c840 f   sfc_debug:sfc_api.obj
 0001:0002b860       sfc_get_current_statement_context 000000018002c860 f   sfc_debug:sfc_api.obj
 0001:0002b880       sfc_get_current_optional_integer 000000018002c880 f   sfc_debug:sfc_api.obj
 0001:0002b8b0       sfc_get_current_statement_info 000000018002c8b0 f   sfc_debug:sfc_api.obj
 0001:0002b950       sfc_api_get                000000018002c950 f   sfc_debug:sfc_api.obj
 0001:0002c5c0       sf_debug_sm_fill_state_activity_data 000000018002d5c0 f   sfc_debug:sfdb_animation.obj
 0001:0002eec0       void_ptr_stack_vector_free_total 000000018002fec0 f   sfc_debug:sfdb_data_browse.obj
 0001:0002ef50       sf_debug_st_terminate_machine 000000018002ff50 f   sfc_debug:sfdb_data_browse.obj
 0001:0002ef90       sf_debug_st_terminate_instance 000000018002ff90 f   sfc_debug:sfdb_data_browse.obj
 0001:0002f340       push_on_to_void_ptr_stack  0000000180030340 f   sfc_debug:sfdb_data_browse.obj
 0001:0002f4d0       pop_from_void_ptr_stack    00000001800304d0 f   sfc_debug:sfdb_data_browse.obj
 0001:0002f600       sf_debug_st_get_data_value 0000000180030600 f   sfc_debug:sfdb_data_browse.obj
 0001:0002fb90       mx_value                   0000000180030b90 f   sfc_debug:sfdb_data_browse.obj
 0001:0002fbd0       sf_debug_st_fill_data_struct 0000000180030bd0 f   sfc_debug:sfdb_data_browse.obj
 0001:0002ff10       data_type_format_strings   0000000180030f10 f   sfc_debug:sfdb_data_browse.obj
 0001:0002ffc0       sf_debug_st_fill_data      0000000180030fc0 f   sfc_debug:sfdb_data_browse.obj
 0001:00030d10       sf_debug_hm_get_simulink_handle 0000000180031d10 f   sfc_debug:sfdb_handle_management.obj
 0001:00031810       sf_debug_hm_initialize_globals 0000000180032810 f   sfc_debug:sfdb_handle_management.obj
 0001:00031910       sf_debug_hm_get_machine_debug_flag 0000000180032910 f   sfc_debug:sfdb_handle_management.obj
 0001:00031a80       sf_debug_hm_get_machine_id 0000000180032a80 f   sfc_debug:sfdb_handle_management.obj
 0001:00031ba0       sf_debug_hm_get_chart_id   0000000180032ba0 f   sfc_debug:sfdb_handle_management.obj
 0001:00031d40       sf_debug_hm_register_executing_SFunction 0000000180032d40 f   sfc_debug:sfdb_handle_management.obj
 0001:000320d0       sf_debug_hm_form_object_boolean_properties 00000001800330d0 f   sfc_debug:sfdb_handle_management.obj
 0001:000323a0       sf_debug_hm_form_object_properties 00000001800333a0 f   sfc_debug:sfdb_handle_management.obj
 0001:000325e0       sf_debug_hm_terminate_charts 00000001800335e0 f   sfc_debug:sfdb_handle_management.obj
 0001:00032d40       sf_debug_hm_terminate_machines 0000000180033d40 f   sfc_debug:sfdb_handle_management.obj
 0001:00034940       sf_debug_ss_copy_dimension 0000000180035940 f   sfc_debug:sfdb_symbol_scope.obj
 0001:00034a00       sf_debug_ss_get_number_elements 0000000180035a00 f   sfc_debug:sfdb_symbol_scope.obj
 0001:00034a20       sf_debug_ss_fill_data_struct 0000000180035a20 f   sfc_debug:sfdb_symbol_scope.obj
 0001:00034d70       sf_debug_ss_reset_data_info 0000000180035d70 f   sfc_debug:sfdb_symbol_scope.obj
 0001:00034dd0       sf_debug_fill_data_info_by_symbol_scope_entry 0000000180035dd0 f   sfc_debug:sfdb_symbol_scope.obj
 0001:00034e90       sf_debug_fill_data_info_by_data_vector 0000000180035e90 f   sfc_debug:sfdb_symbol_scope.obj
 0001:000350e0       get_data_info_helper       00000001800360e0 f   sfc_debug:sfdb_symbol_scope.obj
 0001:000351e0       sf_debug_ss_get_data_info  00000001800361e0 f   sfc_debug:sfdb_symbol_scope.obj
 0001:00035410       sf_debug_select_mex_function 0000000180036410 f   sfc_debug:sfdb_symbol_scope.obj
 0001:00035440       sf_debug_is_dyn_matrix_initialized 0000000180036440 f   sfc_debug:sfdb_symbol_scope.obj
 0001:00035460       sf_debug_ss_set_data_value_try 0000000180036460 f   sfc_debug:sfdb_symbol_scope.obj
 0001:00035630       sf_debug_ss_get_data_value 0000000180036630 f   sfc_debug:sfdb_symbol_scope.obj
 0001:00035da0       sf_debug_ss_data_bytes_string 0000000180036da0 f   sfc_debug:sfdb_symbol_scope.obj
 0001:00035e50       sf_debug_ss_data_class_string 0000000180036e50 f   sfc_debug:sfdb_symbol_scope.obj
 0001:000361e0       sf_debug_ss_data_size_string 00000001800371e0 f   sfc_debug:sfdb_symbol_scope.obj
 0001:000362c0       sf_debug_ss_data_create_data_info_struct 00000001800372c0 f   sfc_debug:sfdb_symbol_scope.obj
 0001:00036590       sf_debug_ss_data_create_name_value_pair 0000000180037590 f   sfc_debug:sfdb_symbol_scope.obj
 0001:00036630       sf_debug_ss_data_get_whos_info 0000000180037630 f   sfc_debug:sfdb_symbol_scope.obj
 0001:00036640       same_named_data_in_data_array 0000000180037640 f   sfc_debug:sfdb_symbol_scope.obj
 0001:00037ed0       sf_debug_cc_terminate_chart 0000000180038ed0 f   sfc_debug:sfdb_coverage.obj
 0001:00038270       sf_debug_cc_terminate_instance 0000000180039270 f   sfc_debug:sfdb_coverage.obj
 0001:00038e60       sf_debug_cc_mark_object_if_needed 0000000180039e60 f   sfc_debug:sfdb_coverage.obj
 0001:00039760       sf_debug_bm_initialize_eml 000000018003a760 f   sfc_debug:sfdb_breakpoints.obj
 0001:0003a8a0       sf_debug_bm_map_debug_tag_to_breakpoint_tag 000000018003b8a0 f   sfc_debug:sfdb_breakpoints.obj
 0001:0003a980       sf_debug_bm_is_a_eml_breakpoint_impl 000000018003b980 f   sfc_debug:sfdb_breakpoints.obj
 0001:0003c4c0       sf_debug_sc_push_on_error_stack 000000018003d4c0 f   sfc_debug:sfdb_state_consistency.obj
 0001:0003c5f0       sf_debug_sc_reset_error_stack 000000018003d5f0 f   sfc_debug:sfdb_state_consistency.obj
 0001:0003c780       sf_debug_sc_is_state_inconsistent 000000018003d780 f   sfc_debug:sfdb_state_consistency.obj
 0001:0003ca80       sf_debug_sc_fill_consistency_info 000000018003da80 f   sfc_debug:sfdb_state_consistency.obj
 0001:0003d060       void_assertion_fcn         000000018003e060 f   sfc_debug:sfdb_call_stack.obj
 0001:0003d5e0       sf_debug_tm_fill_local_trace 000000018003e5e0 f   sfc_debug:sfdb_call_stack.obj
 0001:0003dbb0       sf_debug_cd_terminate_instance 000000018003ebb0 f   sfc_debug:sfdb_cycle_detection.obj
 0001:0003dc10       sf_debug_cd_free_checksum_stack 000000018003ec10 f   sfc_debug:sfdb_cycle_detection.obj
 0001:0003dc60       sf_debug_cd_reset_pack_strings 000000018003ec60 f   sfc_debug:sfdb_cycle_detection.obj
 0001:0003e320       md5file_clear              000000018003f320 f   sfc_debug:ckmd5.obj
 0001:0003e350       Encode                     000000018003f350 f   sfc_debug:ckmd5.obj
 0001:0003e3a0       Decode                     000000018003f3a0 f   sfc_debug:ckmd5.obj
 0001:0003e440       MD5Transform               000000018003f440 f   sfc_debug:ckmd5.obj
 0001:0003ec90       md5file_addn               000000018003fc90 f   sfc_debug:ckmd5.obj
 0001:0003ed60       md5file_hash               000000018003fd60 f   sfc_debug:ckmd5.obj
 0001:0003f248       pre_c_init                 0000000180040248 f   MSVCRT:crtdll.obj
 0001:0003f504       __DllMainCRTStartup        0000000180040504 f   MSVCRT:crtdll.obj
 0001:0003fc10       __DllMainCRTStartup$filt$0 0000000180040c10 f   MSVCRT:crtdll.obj
 0001:0003fc40       __DllMainCRTStartup$fin$1  0000000180040c40 f   MSVCRT:crtdll.obj
 0001:0003fc5a       _onexit$fin$0              0000000180040c5a f   MSVCRT:atonexit.obj
 0001:0003fc80       _IsNonwritableInCurrentImage$filt$0 0000000180040c80 f   MSVCRT:pesect.obj
